price-elasticity-demand/time-series-analysis/ARIMA/time_series_dataset.csv
date,price,demand,competitor_price,economic_index,promotion,day_of_week,month,year,quarter,week_of_year,demand_moving_avg,price_change,demand_lag_1
2015-06-11,22.11793721,430.1090467,22.92764281,1.075208304,0,3,6,2015,2,24,431.4936987,0.039601239,420.9101675
2015-06-12,22.26491641,434.0591231,23.06766736,0.993230036,0,4,6,2015,2,24,430.0791957,0.006645249,430.1090467
2015-06-13,21.23608518,435.5155437,21.81810005,1.169730328,0,5,6,2015,2,24,432.8188274,-0.046208628,434.0591231
2015-06-14,22.08851581,407.6684836,22.08950882,0.943894146,0,6,6,2015,2,24,430.3543836,0.040140667,435.5155437
2015-06-15,21.77322307,439.1845248,21.8580194,1.16363822,1,0,6,2015,2,25,430.1390054,-0.014274057,407.6684836
2015-06-16,21.93748089,448.7047564,22.53260135,0.994081717,0,1,6,2015,2,25,430.8788066,0.007544028,439.1845248
2015-06-17,22.43408879,432.3523223,23.28774787,0.932369035,0,2,6,2015,2,25,432.5134001,0.022637417,448.7047564
2015-06-18,21.32187309,426.5913623,21.98232552,0.981646833,0,3,6,2015,2,25,432.0108738,-0.049577039,432.3523223
2015-06-19,21.02621742,433.4033502,21.39184469,0.906962767,0,4,6,2015,2,25,431.9171919,-0.013866309,426.5913623
2015-06-20,20.91650037,456.9345357,19.47677157,1.095457487,0,5,6,2015,2,25,434.9770479,-0.005218106,433.4033502
2015-06-21,20.9111886,448.5120563,19.70091817,0.856824812,0,6,6,2015,2,25,440.811844,-0.000253951,456.9345357
2015-06-22,21.23805351,444.3271034,20.2195785,1.156162576,0,0,6,2015,2,26,441.5464981,0.015631101,448.5120563
2015-06-23,21.40437593,440.8063398,23.2008951,0.92371501,0,1,6,2015,2,26,440.4181529,0.00783134,444.3271034
2015-06-24,21.32903643,431.1527814,22.43556591,1.101067077,0,2,6,2015,2,26,440.2467899,-0.003519817,440.8063398
2015-06-25,21.56087991,434.7427108,21.78885094,1.019924336,0,3,6,2015,2,26,441.4112682,0.010869852,431.1527814
2015-06-26,21.11010335,438.3648063,20.06328257,1.044683288,0,4,6,2015,2,26,442.1200477,-0.020907151,434.7427108
2015-06-27,21.7864112,441.398201,20.09095575,0.958697433,0,5,6,2015,2,26,439.9005713,0.032037165,438.3648063
2015-06-28,20.88309601,455.6464158,22.54856145,1.05308258,0,6,6,2015,2,26,440.9197655,-0.041462322,441.398201
2015-06-29,22.33103868,444.6373122,24.08476668,1.031399219,0,0,6,2015,2,27,440.964081,0.069335632,455.6464158
2015-06-30,21.23907782,424.8545276,19.58538452,0.872210693,0,1,6,2015,2,27,438.6852507,-0.048898794,444.6373122
2015-07-01,20.45272684,445.3529254,21.6685051,0.92185181,0,2,7,2015,3,27,440.7138427,-0.037023782,424.8545276
2015-07-02,20.30070335,451.3717844,20.08407483,0.964110609,0,3,7,2015,3,27,443.0894247,-0.00743292,445.3529254
2015-07-03,21.03202344,446.6654148,20.29155712,0.942802178,0,4,7,2015,3,27,444.2752259,0.036024372,451.3717844
2015-07-04,20.63349832,436.3045584,21.62021092,1.143682935,0,5,7,2015,3,27,443.5475626,-0.018948492,446.6654148
2015-07-05,21.05648852,469.748689,21.53796425,1.019203269,0,6,7,2015,3,27,445.5621731,0.020500169,436.3045584
2015-07-06,20.89019303,428.7920685,22.06016963,0.940734725,0,0,7,2015,3,28,443.2985669,-0.007897589,469.748689
2015-07-07,20.57108441,432.4485956,18.81978102,0.969624888,0,1,7,2015,3,28,444.3834337,-0.015275523,428.7920685
2015-07-08,20.13787674,447.9026704,19.40722229,0.968355572,0,2,7,2015,3,28,444.747683,-0.021059059,432.4485956
2015-07-09,19.7574862,468.7550775,19.04351723,0.990096943,0,3,7,2015,3,28,447.2310106,-0.018889307,447.9026704
2015-07-10,20.24516148,436.9032656,19.55582625,0.91146896,1,4,7,2015,3,28,445.8364179,0.024683063,468.7550775
2015-07-11,20.8500119,439.6973862,20.86035297,0.937708799,0,5,7,2015,3,28,446.3211075,0.029876295,436.9032656
2015-07-12,20.48214882,455.0807894,19.59328011,1.095862611,0,6,7,2015,3,28,444.2256933,-0.017643303,439.6973862
2015-07-13,19.70542944,448.1238508,19.48624047,1.037836241,0,0,7,2015,3,29,446.9873765,-0.037921772,455.0807894
2015-07-14,20.36800515,441.7527289,19.82938382,1.004168186,0,1,7,2015,3,29,448.3165384,0.033624018,448.1238508
2015-07-15,20.42711979,450.5668435,21.3884039,1.019764232,0,2,7,2015,3,29,448.6971346,0.002902328,441.7527289
2015-07-16,19.74552093,451.1491512,20.15425636,1.015045885,0,3,7,2015,3,29,446.1820022,-0.03336735,450.5668435
2015-07-17,20.2172545,456.4732921,20.83844756,0.99878886,0,4,7,2015,3,29,448.9777203,0.023890662,451.1491512
2015-07-18,20.12240395,459.6595806,18.95765439,1.071512464,1,5,7,2015,3,29,451.8294624,-0.004691564,456.4732921
2015-07-19,19.47469906,453.1533116,18.79504049,1.064217989,0,6,7,2015,3,29,451.5541084,-0.032188246,459.6595806
2015-07-20,20.17795111,449.582339,18.24557107,0.862825703,1,0,7,2015,3,30,451.7624638,0.036111061,453.1533116
2015-07-21,20.23232315,448.6303745,18.64762525,1.006945792,0,1,7,2015,3,30,452.7449846,0.002694626,449.582339
2015-07-22,20.44634182,450.4047085,19.48558552,0.86962008,1,2,7,2015,3,30,452.7218225,0.010578057,448.6303745
2015-07-23,20.38462603,446.4660347,18.61305412,1.083859751,0,3,7,2015,3,30,452.0528059,-0.003018427,450.4047085
2015-07-24,19.12183424,452.3126599,19.51433819,1.097168696,0,4,7,2015,3,30,451.4584298,-0.061948244,446.4660347
2015-07-25,19.29474705,463.5090168,21.21700596,0.95942416,0,5,7,2015,3,30,452.0083493,0.009042689,452.3126599
2015-07-26,19.97422617,463.3931808,18.37954473,1.008926165,0,6,7,2015,3,30,453.4711877,0.035215757,463.5090168
2015-07-27,19.92672039,433.478788,21.20693331,0.80955804,0,0,7,2015,3,31,451.1706804,-0.002378354,463.3931808
2015-07-28,19.88055162,448.9682396,18.36492296,1.118081062,0,1,7,2015,3,31,451.2189469,-0.002316928,433.478788
2015-07-29,21.50268691,433.9513681,22.2334085,1.091869464,0,2,7,2015,3,31,448.8684697,0.081594079,448.9682396
2015-07-30,19.81516437,446.245262,20.38250266,1.136010626,0,3,7,2015,3,31,448.8369307,-0.078479613,433.9513681
2015-07-31,20.05101594,452.2780201,21.66599268,1.169756524,0,4,7,2015,3,31,448.8319822,0.01190258,446.245262
2015-08-01,19.91387554,455.7081675,18.37630774,0.898791191,0,5,8,2015,3,31,447.7175751,-0.006839574,452.2780201
2015-08-02,19.71635079,448.9534485,18.98859846,1.11010655,0,6,8,2015,3,31,445.6547563,-0.009918951,455.7081675
2015-08-03,19.18695143,433.6596906,17.61661366,1.169332585,1,0,8,2015,3,32,445.6805995,-0.026850778,448.9534485
2015-08-04,19.67816329,440.756039,19.31365808,0.872044363,0,1,8,2015,3,32,444.507428,0.02560135,433.6596906
2015-08-05,18.86653178,463.4971823,20.41959892,1.004481039,0,2,8,2015,3,32,448.7282586,-0.041245288,440.756039
2015-08-06,19.08898515,426.0812584,20.1637834,0.985361972,0,3,8,2015,3,32,445.8476866,0.011790899,463.4971823
2015-08-07,18.91935835,466.2715998,19.76278372,1.107348367,0,4,8,2015,3,32,447.8467695,-0.008886109,426.0812584
2015-08-08,19.15782966,458.4790088,19.28437672,0.782508084,0,5,8,2015,3,32,448.2426039,0.012604619,466.2715998
2015-08-09,20.22929227,461.1309567,21.78082131,1.20359797,0,6,8,2015,3,32,449.982248,0.055928184,458.4790088
2015-08-10,18.09362982,456.719677,17.91067354,1.010848504,0,0,8,2015,3,33,453.2765317,-0.105572772,461.1309567
2015-08-11,19.325932,431.9857228,17.9719018,1.11381166,0,1,8,2015,3,33,452.0236294,0.068106963,456.719677
2015-08-12,18.13223448,462.9258662,19.35646936,1.016278506,0,2,8,2015,3,33,451.9420128,-0.061766621,431.9857228
2015-08-13,18.65867893,468.7885779,17.83634739,1.071614745,0,3,8,2015,3,33,458.0430585,0.029033623,462.9258662
2015-08-14,19.3954454,461.6555135,17.66395014,0.790360424,0,4,8,2015,3,33,457.3836176,0.039486529,468.7885779
2015-08-15,18.83971891,448.6081441,17.43065123,0.984114023,0,5,8,2015,3,33,455.973494,-0.028652422,461.6555135
2015-08-16,18.22560958,459.2193954,18.62314262,1.107478391,0,6,8,2015,3,33,455.7004139,-0.032596523,448.6081441
2015-08-17,18.36403809,452.3755047,18.75732954,1.051675515,0,0,8,2015,3,34,455.0798178,0.007595275,459.2193954
2015-08-18,19.01901226,446.2786017,18.10679642,0.859218181,0,1,8,2015,3,34,457.1216577,0.03566613,452.3755047
2015-08-19,18.27187946,467.8011287,19.10208112,1.02914479,0,2,8,2015,3,34,457.8181237,-0.03928347,446.2786017
2015-08-20,18.70347781,444.1522819,19.72708233,0.941228078,0,3,8,2015,3,34,454.2986529,0.023620906,467.8011287
2015-08-21,18.57656685,447.8603891,20.13886588,0.932660395,0,4,8,2015,3,34,452.3279208,-0.00678542,444.1522819
2015-08-22,18.18687008,447.7412127,18.49581953,0.871232903,1,5,8,2015,3,34,452.2040735,-0.020977868,447.8603891
2015-08-23,19.54389867,437.1263196,20.63610305,1.085272602,0,6,8,2015,3,34,449.0479198,0.07461584,447.7412127
2015-08-24,18.74851961,457.5003374,19.69756847,1.134803795,0,0,8,2015,3,35,449.7800387,-0.040697052,437.1263196
2015-08-25,17.37900934,474.5273151,16.53720158,1.235616674,0,1,8,2015,3,35,453.8155692,-0.073046315,457.5003374
2015-08-26,18.44522526,455.7590095,17.74514016,0.876297531,0,2,8,2015,3,35,452.0952665,0.061350788,474.5273151
2015-08-27,17.98192905,444.8913845,17.90454344,1.100539596,0,3,8,2015,3,35,452.2008526,-0.025117406,455.7590095
2015-08-28,18.70027949,464.7791913,16.90145834,1.107219527,0,4,8,2015,3,35,454.6178243,0.039948464,444.8913845
2015-08-29,17.83946893,477.5614822,17.1166057,0.965951933,0,5,8,2015,3,35,458.8778628,-0.046031962,464.7791913
2015-08-30,18.14046295,452.7557669,18.0457076,0.932344572,0,6,8,2015,3,35,461.110641,0.016872364,477.5614822
2015-08-31,18.41287143,453.0873295,16.96955749,0.915628188,0,0,8,2015,3,36,460.4802113,0.015016622,452.7557669
2015-09-01,18.556256,462.3273082,17.16927194,0.971567106,0,1,9,2015,3,36,458.7373531,0.007787192,453.0873295
2015-09-02,17.48669393,478.7500298,17.35812034,1.0446646,0,2,9,2015,3,36,462.0217846,-0.057638894,462.3273082
2015-09-03,17.88352738,455.3595909,18.70962127,1.160513651,0,3,9,2015,3,36,463.5172427,0.022693452,478.7500298
2015-09-04,17.77772225,447.7712941,18.9643814,1.135136294,0,4,9,2015,3,36,461.0875431,-0.005916346,455.3595909
2015-09-05,17.65343701,468.0382643,17.8169569,0.863160776,0,5,9,2015,3,36,459.7270834,-0.006991066,447.7712941
2015-09-06,18.82823395,463.8456605,18.73314755,0.945918155,0,6,9,2015,3,36,461.3113539,0.066547774,468.0382643
2015-09-07,18.1139099,459.4908266,17.69468363,1.154866528,0,0,9,2015,3,37,462.2261392,-0.037938983,463.8456605
2015-09-08,17.24740472,458.1816432,16.18823812,0.951893217,0,1,9,2015,3,37,461.6339013,-0.047836452,459.4908266
2015-09-09,18.30372903,468.424105,17.00988237,1.019411094,0,2,9,2015,3,37,460.1587692,0.061245407,458.1816432
2015-09-10,18.87335939,460.9095152,19.97517272,0.854673627,0,3,9,2015,3,37,460.9516155,0.031121,468.424105
2015-09-11,18.29653705,450.8239267,18.16848556,1.140605872,0,4,9,2015,3,37,461.3877059,-0.03056278,460.9095152
2015-09-12,16.98919035,465.5290038,17.97565154,0.83412772,1,5,9,2015,3,37,461.0292401,-0.071453232,450.8239267
2015-09-13,17.47588476,449.0785766,18.18919108,0.861221492,0,6,9,2015,3,37,458.9196567,0.028647298,465.5290038
2015-09-14,18.32114699,465.2173395,17.1995114,1.130684266,0,0,9,2015,3,38,459.73773,0.04836735,449.0785766
2015-09-15,17.30411694,460.8083707,17.33978856,1.217708738,0,1,9,2015,3,38,460.1129768,-0.055511265,465.2173395
2015-09-16,17.85069963,456.3258334,17.65083116,0.996741472,0,2,9,2015,3,38,458.3846523,0.031586858,460.8083707
2015-09-17,17.98753036,459.6532203,17.71366483,1.021216309,0,3,9,2015,3,38,458.2051816,0.007665287,456.3258334
2015-09-18,17.10876374,464.7600811,17.25443135,1.116830556,0,4,9,2015,3,38,460.1960608,-0.048854212,459.6532203
2015-09-19,17.51508109,471.2539535,19.2038218,1.055047392,0,5,9,2015,3,38,461.0139107,0.023749077,464.7600811
2015-09-20,15.89743077,476.2810757,16.89229389,0.988880802,0,6,9,2015,3,38,464.899982,-0.092357569,471.2539535
2015-09-21,16.97970381,463.3700097,18.35068731,0.977757268,1,0,9,2015,3,39,464.6360778,0.068078487,476.2810757
2015-09-22,17.34006569,470.7423041,15.70884959,0.869722845,0,1,9,2015,3,39,466.0552111,0.021223096,463.3700097
2015-09-23,16.81753559,469.6970086,15.60780439,1.049796827,0,2,9,2015,3,39,467.965379,-0.030134263,470.7423041
2015-09-24,18.23334165,454.3140068,16.71911244,1.017410978,0,3,9,2015,3,39,467.2026342,0.084186298,469.6970086
2015-09-25,16.67841154,465.0749052,15.8886254,0.982918052,0,4,9,2015,3,39,467.2476091,-0.085279492,454.3140068
2015-09-26,17.15044947,462.4451383,16.9511355,0.926621201,1,5,9,2015,3,39,465.9892069,0.028302331,465.0749052
2015-09-27,17.41348041,467.6283343,17.9082087,0.936849605,0,6,9,2015,3,39,464.753101,0.015336679,462.4451383
2015-09-28,18.04703962,455.6992469,18.05004,1.088840392,0,0,9,2015,3,40,463.6572777,0.036383261,467.6283343
2015-09-29,16.58742456,462.723046,17.92498111,1.115269075,0,1,9,2015,3,40,462.5116694,-0.080878365,455.6992469
2015-09-30,17.86655516,479.8766903,19.43829731,0.994491105,0,2,9,2015,3,40,463.9659097,0.077114479,462.723046
2015-10-01,17.27037749,472.5230373,16.10815345,0.984054773,0,3,10,2015,4,40,466.5671997,-0.033368361,479.8766903
2015-10-02,16.75546921,458.0479406,17.93811352,0.942037936,1,4,10,2015,4,40,465.5633477,-0.029814536,472.5230373
2015-10-03,17.45891743,467.7978875,17.39509532,1.121184755,1,5,10,2015,4,40,466.3280261,0.0419832,458.0479406
2015-10-04,17.30972181,463.9677777,17.14815104,1.030702337,0,6,10,2015,4,40,465.8050895,-0.008545525,467.7978875
2015-10-05,16.89309829,468.73078,17.85579997,1.064492868,0,0,10,2015,4,41,467.666737,-0.024068759,463.9677777
2015-10-06,17.2118152,464.5410245,15.81125712,1.063649793,1,1,10,2015,4,41,467.9264483,0.018866694,468.73078
2015-10-07,16.96866148,476.2237901,18.26674076,0.997132628,0,2,10,2015,4,41,467.4046054,-0.01412714,464.5410245
2015-10-08,17.20318162,466.5530087,17.79106028,0.91146679,0,3,10,2015,4,41,466.5517441,0.01382078,476.2237901
2015-10-09,17.46329717,461.1154435,18.77395816,0.928489495,0,4,10,2015,4,41,466.9899588,0.0151202,466.5530087
2015-10-10,17.91175685,469.8541039,19.68314927,1.140991374,0,5,10,2015,4,41,467.283704,0.025680126,461.1154435
2015-10-11,16.48706834,468.8247227,16.54643647,0.955734399,0,6,10,2015,4,41,467.9775533,-0.079539295,469.8541039
2015-10-12,18.16043463,459.2741263,16.68312758,0.987366608,0,0,10,2015,4,42,466.6266028,0.101495685,468.8247227
2015-10-13,16.10653308,471.4014446,15.03230419,0.915063797,0,1,10,2015,4,42,467.6066628,-0.113097599,459.2741263
2015-10-14,16.99606343,462.8079202,16.39650432,0.906996208,0,2,10,2015,4,42,465.69011,0.055227922,471.4014446
2015-10-15,17.35621618,461.9640363,15.98005201,0.951786371,0,3,10,2015,4,42,465.0345425,0.021190363,462.8079202
2015-10-16,17.19338015,456.7455992,18.27773853,1.197643599,1,4,10,2015,4,42,464.410279,-0.009382001,461.9640363
2015-10-17,16.7330884,457.327012,16.05328275,1.094706629,0,5,10,2015,4,42,462.6206945,-0.026771452,456.7455992
2015-10-18,16.93266036,453.7778857,18.5442642,0.976324013,1,6,10,2015,4,42,460.4711463,0.011926786,457.327012
2015-10-19,16.78323563,450.5117332,17.46326358,1.13739059,0,0,10,2015,4,43,459.2193759,-0.008824645,453.7778857
2015-10-20,16.72880135,455.8255077,15.63617766,1.013973033,0,1,10,2015,4,43,456.994242,-0.003243372,450.5117332
2015-10-21,17.44276697,459.2272209,17.35919046,1.164736935,0,2,10,2015,4,43,456.4827136,0.042678827,455.8255077
2015-10-22,17.19169177,463.1715784,17.07782852,1.250575975,1,3,10,2015,4,43,456.6552196,-0.01439423,459.2272209
2015-10-23,16.66268444,461.9857098,16.63772927,1.132319124,0,4,10,2015,4,43,457.4038068,-0.030771104,463.1715784
2015-10-24,17.45563248,437.0882406,17.58023487,1.039058056,0,5,10,2015,4,43,454.5125537,0.047588253,461.9857098
2015-10-25,17.15691453,477.7941769,15.54818986,1.099633958,1,6,10,2015,4,43,457.9434525,-0.017112984,437.0882406
2015-10-26,17.40786759,471.5659085,18.05648866,1.031310102,0,0,10,2015,4,44,460.9511918,0.014626935,477.7941769
2015-10-27,17.31516272,465.5279043,17.27080742,0.846303154,0,1,10,2015,4,44,462.3372485,-0.005325458,471.5659085
2015-10-28,16.58550283,483.6973048,17.55066432,0.964540459,0,2,10,2015,4,44,465.8329748,-0.042139939,465.5279043
2015-10-29,16.7203022,454.0766754,17.77485023,0.934943851,0,3,10,2015,4,44,464.5337029,0.008127542,483.6973048
2015-10-30,17.37517217,479.3522595,16.43877244,0.962523916,0,4,10,2015,4,44,467.0146386,0.039166156,454.0766754
2015-10-31,17.30858312,451.0549846,15.74535132,1.209670174,0,5,10,2015,4,44,469.0098877,-0.003832425,479.3522595
2015-11-01,16.99555932,464.5559297,17.68637393,1.142618015,0,6,11,2015,4,44,467.1187095,-0.018084888,451.0549846
2015-11-02,17.06802481,448.9622942,18.69891824,1.07459153,0,0,11,2015,4,45,463.8896218,0.00426379,464.5559297
2015-11-03,17.65228262,458.8189064,17.46396096,1.111837355,0,1,11,2015,4,45,462.9311935,0.034231132,448.9622942
2015-11-04,16.72249055,467.0733245,15.91851605,0.841491722,0,2,11,2015,4,45,460.5563392,-0.052672625,458.8189064
2015-11-05,17.29738686,458.6791596,16.10965105,1.103621452,0,3,11,2015,4,45,461.2138369,0.03437863,467.0733245
2015-11-06,16.92903824,469.0936208,16.20936992,1.124865522,1,4,11,2015,4,45,459.7483171,-0.021295044,458.6791596
2015-11-07,16.92832328,462.833766,16.34571658,0.807028382,0,5,11,2015,4,45,461.4310002,-4.22e-05,469.0936208
2015-11-08,17.5943128,453.1728914,17.32643848,1.107626786,0,6,11,2015,4,45,459.8048519,0.03934173,462.833766
2015-11-09,17.4661223,453.2513919,18.00899427,0.888795756,0,0,11,2015,4,46,460.4175801,-0.007285905,453.1728914
2015-11-10,17.46938588,466.8920525,16.67684546,0.834302595,0,1,11,2015,4,46,461.5708867,0.000186852,453.2513919
2015-11-11,17.72531229,450.8437486,16.13349687,1.164034962,0,2,11,2015,4,46,459.2523758,0.014649995,466.8920525
2015-11-12,17.09373908,469.5691341,16.66051061,0.930798246,1,3,11,2015,4,46,460.8080865,-0.035631147,450.8437486
2015-11-13,17.43559773,470.8071868,18.67572071,0.960008486,0,4,11,2015,4,46,461.0528816,0.019999056,469.5691341
2015-11-14,16.95158895,444.185425,16.94600004,1.130663625,0,5,11,2015,4,46,458.3888329,-0.027759804,470.8071868
2015-11-15,17.2816206,470.4223184,18.88806391,1.001279353,0,6,11,2015,4,46,460.8530368,0.019469069,444.185425
2015-11-16,17.06799185,480.6342777,17.0803543,1.013886653,0,0,11,2015,4,47,464.7648776,-0.012361616,470.4223184
2015-11-17,17.19579483,461.7781344,16.42507523,1.01179451,0,1,11,2015,4,47,464.0343178,0.007487874,480.6342777
