price-elasticity-demand/time-series-analysis/ARIMA/time_series_dataset.csv
date,price,demand,competitor_price,economic_index,promotion,day_of_week,month,year,quarter,week_of_year,demand_moving_avg,price_change,demand_lag_1
2015-11-18,17.45981283,463.7941233,16.38887679,1.066863087,0,2,11,2015,4,47,465.8843714,0.015353638,461.7781344
2015-11-19,16.76876176,471.4920838,17.42114875,1.009569779,0,3,11,2015,4,47,466.1590785,-0.039579523,463.7941233
2015-11-20,18.24039999,450.8707346,18.37312183,1.043715838,0,4,11,2015,4,47,463.3110139,0.087760697,471.4920838
2015-11-21,16.70822433,462.9691864,17.05575181,0.982047428,1,5,11,2015,4,47,465.9944084,-0.083999016,450.8707346
2015-11-22,16.62185361,448.2944262,17.46998963,1.067685209,0,6,11,2015,4,47,462.8332809,-0.005169354,462.9691864
2015-11-23,17.8264021,456.656454,18.63181129,1.063987564,0,0,11,2015,4,48,459.4078775,0.07246776,448.2944262
2015-11-24,17.66225606,460.9266253,16.0492092,1.222491854,0,1,11,2015,4,48,459.2862334,-0.009208029,456.656454
2015-11-25,17.59823729,461.2801534,18.66318373,0.994678185,0,2,11,2015,4,48,458.9270948,-0.003624609,460.9266253
2015-11-26,17.62077253,466.5112764,17.73602403,1.014486739,0,3,11,2015,4,48,458.2155509,0.001280539,461.2801534
2015-11-27,17.32156347,449.454499,16.94640795,1.056885733,0,4,11,2015,4,48,458.0132315,-0.016980473,466.5112764
2015-11-28,16.90080623,453.8279558,17.02762794,1.129546875,0,5,11,2015,4,48,456.7073414,-0.02429095,449.454499
2015-11-29,17.40973638,475.4104386,17.8012864,0.924044805,0,6,11,2015,4,48,460.5810575,0.030112773,453.8279558
2015-11-30,17.05630252,456.5635255,15.86067724,1.043660983,0,0,11,2015,4,49,460.567782,-0.020300931,475.4104386
2015-12-01,17.90613542,455.6605457,17.6103812,0.782620737,0,1,12,2015,4,49,459.8154849,0.049825154,456.5635255
2015-12-02,17.3693761,455.5147616,16.79822311,1.006350159,0,2,12,2015,4,49,458.9918575,-0.02997628,455.6605457
2015-12-03,17.05511647,449.3785104,16.5448579,1.140876063,0,3,12,2015,4,49,456.5443195,-0.018092741,455.5147616
2015-12-04,17.33275732,472.2798722,15.91609886,0.961089127,0,4,12,2015,4,49,459.8050871,0.016279036,449.3785104
2015-12-05,17.72611972,448.6365332,16.52018871,1.051487142,0,5,12,2015,4,49,459.0634553,0.022694739,472.2798722
2015-12-06,17.26460758,444.7823522,16.09694025,0.981012833,1,6,12,2015,4,49,454.6880144,-0.026035712,448.6365332
2015-12-07,17.16278102,451.8893635,16.72761782,0.948063181,0,0,12,2015,4,50,454.020277,-0.005897995,444.7823522
2015-12-08,17.7237549,433.4055961,19.12212919,1.13125201,0,1,12,2015,4,50,450.8409985,0.032685489,451.8893635
2015-12-09,17.75300647,446.5926228,16.70922688,0.929677551,0,2,12,2015,4,50,449.5664072,0.001650416,433.4055961
2015-12-10,17.40624824,444.9854486,17.11449344,1.06359996,0,3,12,2015,4,50,448.9388269,-0.019532367,446.5926228
2015-12-11,17.45397486,460.4281872,16.79634196,1.065238602,0,4,12,2015,4,50,447.2457291,0.002741925,444.9854486
2015-12-12,17.83586337,445.4344758,18.86100927,0.949323499,0,5,12,2015,4,50,446.7882923,0.021879744,460.4281872
2015-12-13,17.02670332,464.9149849,15.49473057,1.050171986,0,6,12,2015,4,50,449.6643827,-0.045367024,445.4344758
2015-12-14,17.07847578,469.5838246,16.04196052,0.941208687,0,0,12,2015,4,51,452.1921629,0.003040662,464.9149849
2015-12-15,17.45499504,461.3474246,16.44484495,1.086982668,1,1,12,2015,4,51,456.1838526,0.022046421,469.5838246
2015-12-16,17.74004248,449.7742226,19.48907869,0.903408919,0,2,12,2015,4,51,456.6383669,0.016330422,461.3474246
2015-12-17,18.03530013,451.6790294,18.29058987,1.00104295,1,3,12,2015,4,51,457.5945927,0.016643571,449.7742226
2015-12-18,18.65112797,431.753366,17.30436085,1.009826344,0,4,12,2015,4,51,453.4981897,0.034145694,451.6790294
2015-12-19,18.37639811,446.8519514,17.53916625,1.146499054,0,5,12,2015,4,51,453.7006862,-0.014729933,431.753366
2015-12-20,17.90222398,441.7675293,16.71287933,1.049307838,0,6,12,2015,4,51,450.3939069,-0.025803431,446.8519514
2015-12-21,18.00780806,456.5969809,16.65579829,1.130904889,0,0,12,2015,4,52,448.5386435,0.005897819,441.7675293
2015-12-22,17.55166368,477.4701189,18.59487149,1.090972655,0,1,12,2015,4,52,450.8418855,-0.025330366,456.5969809
2015-12-23,18.07976451,453.9069035,18.06440622,1.09043386,0,2,12,2015,4,52,451.4322685,0.030088363,477.4701189
2015-12-24,17.98125607,429.2948721,18.45312069,1.002510251,0,3,12,2015,4,52,448.2345317,-0.005448547,453.9069035
2015-12-25,18.32397156,443.6838941,17.70554209,1.137894169,0,4,12,2015,4,52,449.9388929,0.019059597,429.2948721
2015-12-26,17.78647714,451.0105405,17.97748642,1.000286549,0,5,12,2015,4,52,450.5329771,-0.029332856,443.6838941
2015-12-27,18.49769038,446.9035737,17.60080779,0.863021052,0,6,12,2015,4,52,451.2666977,0.039986178,451.0105405
2015-12-28,19.04274593,435.7955038,18.31164264,1.014624894,0,0,12,2015,4,53,448.2950581,0.029466141,446.9035737
2015-12-29,18.26078111,449.263777,18.81677787,1.081551261,0,1,12,2015,4,53,444.2655807,-0.041063659,435.7955038
2015-12-30,18.55521755,432.7095644,17.25765165,0.875641058,0,2,12,2015,4,53,441.2373894,0.016123978,449.263777
2015-12-31,18.7390403,434.5607702,19.17836533,0.947893404,0,3,12,2015,4,53,441.9896605,0.009906796,432.7095644
2016-01-01,18.23336103,452.7891398,19.51784595,0.913444806,0,4,1,2016,1,53,443.2904099,-0.026985334,434.5607702
2016-01-02,18.58640695,434.2007305,17.17541327,1.115275371,0,5,1,2016,1,53,440.8890085,0.019362635,452.7891398
2016-01-03,18.52142284,449.8543559,19.99373253,1.203989934,0,6,1,2016,1,53,441.3105488,-0.003496324,434.2007305
2016-01-04,18.60509708,430.1477234,17.04020629,1.015833765,0,0,1,2016,1,1,440.5037231,0.0045177,449.8543559
2016-01-05,18.21124281,463.246928,17.66093266,1.090056727,0,1,1,2016,1,1,442.5013161,-0.021169159,430.1477234
2016-01-06,18.65183752,435.4385857,19.06407788,1.087555637,0,2,1,2016,1,1,442.8911762,0.024193555,463.246928
2016-01-07,18.93075204,439.334197,19.15570525,1.192483405,1,3,1,2016,1,1,443.5730943,0.014953729,435.4385857
2016-01-08,19.44982048,442.0643731,17.87979624,0.97194843,1,4,1,2016,1,1,442.0409848,0.027419325,439.334197
2016-01-09,19.2466947,433.9016681,20.3973128,1.015315834,0,5,1,2016,1,1,441.9982616,-0.010443581,442.0643731
2016-01-10,19.88676541,437.5687588,21.76866311,1.003326875,0,6,1,2016,1,1,440.2431763,0.033256136,433.9016681
2016-01-11,18.46990891,448.7510295,17.29237202,1.045040474,0,0,1,2016,1,2,442.9007915,-0.071246201,437.5687588
2016-01-12,19.33343445,448.0630518,20.86128219,1.288035441,0,1,1,2016,1,2,440.7316663,0.046753102,448.7510295
2016-01-13,19.03290871,447.6502205,19.24915849,1.040784882,1,2,1,2016,1,2,442.4761856,-0.015544354,448.0630518
2016-01-14,20.08036403,432.5541849,21.83110579,0.952332715,0,3,1,2016,1,2,441.5076124,0.055033907,447.6502205
2016-01-15,18.62578865,439.8517994,17.41915775,0.922454068,0,4,1,2016,1,2,441.1915304,-0.0724377,432.5541849
2016-01-16,18.6547915,464.4357791,19.74431114,1.163268301,0,5,1,2016,1,2,445.5535463,0.001557134,439.8517994
2016-01-17,18.81989908,449.3882857,17.16292582,0.95217836,0,6,1,2016,1,2,447.2420501,0.00885068,464.4357791
2016-01-18,18.1028078,434.0255122,19.49019412,1.104562516,0,0,1,2016,1,3,445.1384048,-0.038102823,449.3882857
2016-01-19,18.94724453,439.7890111,19.60721277,0.970334697,0,1,1,2016,1,3,443.956399,0.046646727,434.0255122
2016-01-20,18.87611703,435.5595762,18.38629985,0.911734567,0,2,1,2016,1,3,442.2291641,-0.003753976,439.7890111
2016-01-21,19.37662525,434.8200501,18.17708357,1.09902381,0,3,1,2016,1,3,442.5528591,0.026515423,435.5595762
2016-01-22,19.51822374,422.9340692,20.7538565,0.975529374,0,4,1,2016,1,3,440.1360405,0.007307696,434.8200501
2016-01-23,20.33150963,426.8056838,20.75132001,1.081246434,0,5,1,2016,1,3,434.7603126,0.041668028,422.9340692
2016-01-24,19.91486428,450.8847388,19.35890441,1.088732174,0,6,1,2016,1,3,434.9740916,-0.020492593,426.8056838
2016-01-25,19.19756697,441.9061918,18.98192387,1.093530415,0,0,1,2016,1,4,436.099903,-0.036018187,450.8847388
2016-01-26,19.08330474,411.5336193,20.32960735,1.012189032,0,1,1,2016,1,4,432.0634184,-0.005951912,441.9061918
2016-01-27,19.82508031,444.6608258,19.18642405,1.107722266,0,2,1,2016,1,4,433.363597,0.038870394,411.5336193
2016-01-28,18.96571664,447.4426914,17.40913457,0.946949288,0,3,1,2016,1,4,435.1668314,-0.043347298,444.6608258
2016-01-29,20.58836748,424.5950369,22.28189318,0.793894905,0,4,1,2016,1,4,435.4041125,0.085557054,447.4426914
2016-01-30,20.3092438,436.5096626,19.85165111,1.110093158,0,5,1,2016,1,4,436.7903952,-0.013557349,424.5950369
2016-01-31,19.53189077,424.3820995,18.93963506,1.056063001,0,6,1,2016,1,4,433.0043039,-0.038275823,436.5096626
2016-02-01,18.95692382,430.8994589,17.83618904,0.978596136,0,0,2,2016,1,5,431.4319135,-0.029437342,424.3820995
2016-02-02,20.53748579,442.4345596,22.16989787,0.892588694,0,1,2,2016,1,5,435.8463335,0.0833765,430.8994589
2016-02-03,19.85037261,427.9160613,18.72884773,0.836146151,0,2,2,2016,1,5,433.4542243,-0.033456538,442.4345596
2016-02-04,20.57366641,408.0670959,21.13603881,1.045078325,0,3,2,2016,1,5,427.8291392,0.036437291,427.9160613
2016-02-05,19.20467131,432.7227055,20.66716469,1.204882597,0,4,2,2016,1,5,428.9902348,-0.066541134,408.0670959
2016-02-06,19.74932405,429.5917797,17.91229571,1.026248269,0,5,2,2016,1,5,428.0019658,0.02836043,432.7227055
2016-02-07,20.09874774,440.3582705,21.42040805,1.004070482,0,6,2,2016,1,5,430.2842759,0.017692944,429.5917797
2016-02-08,20.16670679,427.9210535,19.80612374,1.037867246,0,0,2,2016,1,6,429.8587894,0.003381258,440.3582705
2016-02-09,19.96523902,424.310975,20.59603905,1.258324552,0,1,2,2016,1,6,427.2697059,-0.009990118,427.9210535
2016-02-10,20.54870503,435.8006799,20.02432083,1.115694473,1,2,2,2016,1,6,428.39608,0.029224093,424.310975
2016-02-11,19.7504196,430.2889891,20.52272522,0.947246535,0,3,2,2016,1,6,431.5706361,-0.038848455,435.8006799
2016-02-12,20.25991967,418.7718016,19.26432661,1.043514461,0,4,2,2016,1,6,429.5776499,0.025796924,430.2889891
2016-02-13,20.43805512,436.6686802,18.48389314,1.074047772,0,5,2,2016,1,6,430.5886357,0.008792505,418.7718016
2016-02-14,20.68183136,425.5727161,22.53404453,0.935270204,0,6,2,2016,1,6,428.4764136,0.011927565,436.6686802
2016-02-15,20.82701922,422.6746259,18.81249565,1.116917763,0,0,2,2016,1,7,427.726924,0.007020068,425.5727161
2016-02-16,19.95537429,428.5168245,21.24887882,0.959323231,0,1,2,2016,1,7,428.3277596,-0.041851641,422.6746259
2016-02-17,19.79699405,416.5560608,18.48697783,0.890109544,0,2,2,2016,1,7,425.5785283,-0.007936721,428.5168245
2016-02-18,21.24910614,414.4577126,20.79106138,1.048917486,0,3,2,2016,1,7,423.3169174,0.07335013,416.5560608
2016-02-19,20.82249073,421.6341939,22.16550963,1.033188554,1,4,2,2016,1,7,423.7258306,-0.020076864,414.4577126
2016-02-20,20.32799447,421.8542375,19.13243255,1.04140196,0,5,2,2016,1,7,421.6094816,-0.02374818,421.6341939
2016-02-21,21.52354445,430.2764291,23.09780923,0.965139699,0,6,2,2016,1,7,422.2814406,0.058812982,421.8542375
2016-02-22,20.85135191,422.8151933,20.84200608,0.979192909,0,0,2,2016,1,8,422.3015217,-0.031230569,430.2764291
2016-02-23,21.42851348,426.0314098,20.85488702,1.154648846,0,1,2,2016,1,8,421.9464624,0.027679816,422.8151933
2016-02-24,20.91776742,419.8561258,21.59733442,1.086012752,0,2,2,2016,1,8,422.4179003,-0.023834881,426.0314098
2016-02-25,21.95930727,424.8424676,21.2627129,0.946329593,0,3,2,2016,1,8,423.9014367,0.049792113,419.8561258
2016-02-26,21.8512996,418.5190578,21.18391004,0.847034521,0,4,2,2016,1,8,423.4564172,-0.004918537,424.8424676
2016-02-27,20.89360271,419.1896889,21.86944424,0.95076258,0,5,2,2016,1,8,423.0757675,-0.043827915,418.5190578
2016-02-28,21.54807462,415.3725841,20.72852473,1.058034138,0,6,2,2016,1,8,420.9466468,0.031324033,419.1896889
2016-02-29,21.42891932,406.2781779,20.14649556,0.979211069,0,0,2,2016,1,9,418.584216,-0.005529742,415.3725841
2016-03-01,21.83421632,418.5857021,23.17765874,0.97153923,1,1,3,2016,1,9,417.5205435,0.018913553,406.2781779
2016-03-02,20.71082423,418.4510279,21.97572139,0.983688217,0,2,3,2016,1,9,417.3198152,-0.051450992,418.5857021
2016-03-03,21.57940263,409.2089487,21.56898281,1.035433514,0,3,3,2016,1,9,415.0864553,0.041938379,418.4510279
2016-03-04,21.80837496,423.8664358,21.92463809,1.121267072,0,4,3,2016,1,9,415.8503665,0.010610689,409.2089487
2016-03-05,20.44226311,406.847166,21.24391311,1.04286237,0,5,3,2016,1,9,414.0871489,-0.062641616,423.8664358
2016-03-06,20.77214758,413.1910425,20.81067697,1.049198003,0,6,3,2016,1,9,413.7755001,0.016137375,406.847166
2016-03-07,20.38596817,429.3393435,20.04772402,1.020618274,0,0,3,2016,1,10,417.0699524,-0.018591212,413.1910425
2016-03-08,21.31234139,417.2999478,23.42181219,0.993268637,1,1,3,2016,1,10,416.8862732,0.045441708,429.3393435
2016-03-09,21.84691938,410.7068501,20.30732515,1.132728418,0,2,3,2016,1,10,415.7799621,0.025083025,417.2999478
2016-03-10,22.28006296,411.2425615,22.69326001,1.117644547,0,3,3,2016,1,10,416.0704782,0.0198263,410.7068501
2016-03-11,21.60629071,413.6075387,23.27370445,1.248032342,0,4,3,2016,1,10,414.6049215,-0.030241039,411.2425615
2016-03-12,22.42352271,392.2718376,23.26312686,1.10466079,0,5,3,2016,1,10,412.5227317,0.037823799,413.6075387
2016-03-13,20.9587387,410.9802181,22.55547308,0.993862938,0,6,3,2016,1,10,412.2068996,-0.065323546,392.2718376
2016-03-14,20.8362658,430.9601111,20.15423115,0.95333925,0,0,3,2016,1,11,412.4384379,-0.005843524,410.9802181
2016-03-15,21.6989342,403.597255,20.70943232,1.139198917,0,1,3,2016,1,11,410.4809103,0.041402256,430.9601111
2016-03-16,21.95706568,405.4250348,23.49964786,0.962505712,0,2,3,2016,1,11,409.7263653,0.011896044,403.597255
2016-03-17,21.78657491,403.7517709,21.32519877,1.125078079,0,3,3,2016,1,11,408.6562523,-0.007764734,405.4250348
2016-03-18,20.80664563,412.9042376,21.67920279,0.968213021,0,4,3,2016,1,11,408.5557807,-0.044978584,403.7517709
2016-03-19,21.83279688,402.5184671,20.29467013,1.079220269,0,5,3,2016,1,11,410.0195849,0.049318437,412.9042376
2016-03-20,21.26164906,415.7782198,22.34955715,0.938429319,0,6,3,2016,1,11,410.7050138,-0.026160085,402.5184671
2016-03-21,22.28477468,407.4730011,22.50308814,1.122492986,0,0,3,2016,1,12,407.3497123,0.048120709,415.7782198
2016-03-22,22.16881092,413.5191841,21.14288996,0.921237295,0,1,3,2016,1,12,408.7671308,-0.005203722,407.4730011
2016-03-23,21.55065529,398.0684399,21.52696666,1.072000203,1,2,3,2016,1,12,407.7161887,-0.027884023,413.5191841
2016-03-24,21.79824647,403.6392116,22.65685161,1.025020487,0,3,3,2016,1,12,407.7001088,0.0114888,398.0684399
2016-03-25,21.55965072,405.6804564,19.45493901,1.055085134,0,4,3,2016,1,12,406.66814,-0.01094564,403.6392116
2016-03-26,22.09147989,409.5364722,22.69885004,1.005424117,0,5,3,2016,1,12,407.6707122,0.024667801,405.6804564
2016-03-27,22.63342868,394.0389038,22.82169706,1.003178516,0,6,3,2016,1,12,404.5650956,0.024532027,409.5364722
2016-03-28,21.69550054,415.5175534,20.48179422,1.060682641,0,0,3,2016,1,13,405.7143173,-0.041439949,394.0389038
2016-03-29,22.47235281,414.0405829,23.6093688,0.945090693,0,1,3,2016,1,13,405.7888029,0.035807068,415.5175534
2016-03-30,21.9866188,394.4154725,21.12237311,0.944602334,0,2,3,2016,1,13,405.2669504,-0.021614738,414.0405829
2016-03-31,21.88617354,399.59623,20.90944147,1.0096496,0,3,3,2016,1,13,404.6893816,-0.004568472,394.4154725
2016-04-01,22.25939382,397.017529,22.1312614,1.005857546,0,4,4,2016,2,13,403.4518205,0.017052788,399.59623
2016-04-02,21.82501609,430.5300429,22.59391,0.945164924,0,5,4,2016,2,13,406.4509021,-0.019514356,397.017529
2016-04-03,22.09496272,398.2543683,23.99002989,1.13822605,0,6,4,2016,2,13,407.0531113,0.01236868,430.5300429
2016-04-04,21.80141324,420.4937785,20.23762945,1.012457249,0,0,4,2016,2,14,407.7640006,-0.013285811,398.2543683
2016-04-05,23.41068718,382.7007393,22.9259367,1.02333838,0,1,4,2016,2,14,403.2868801,0.073815121,420.4937785
2016-04-06,22.47332956,389.8527521,20.52709244,0.913351778,0,2,4,2016,2,14,402.6350629,-0.040039731,382.7007393
2016-04-07,22.13260216,394.2817894,23.27708233,1.253368206,0,3,4,2016,2,14,401.8758571,-0.015161411,389.8527521
2016-04-08,22.61560937,389.9703752,22.37919886,1.28901137,0,4,4,2016,2,14,400.8691208,0.021823336,394.2817894
2016-04-09,22.47799081,396.1303891,23.40826105,0.968364783,1,5,4,2016,2,14,395.9548846,-0.006085114,389.9703752
2016-04-10,22.44858006,391.5622213,21.65028351,1.169113289,0,6,4,2016,2,14,394.9988635,-0.001308424,396.1303891
2016-04-11,22.89042669,387.9404972,24.46674041,1.037423322,0,0,4,2016,2,15,390.3483948,0.01968261,391.5622213
2016-04-12,22.98573815,406.9348008,23.14584797,1.20708163,0,1,4,2016,2,15,393.8104036,0.004163813,387.9404972
2016-04-13,22.36473132,410.3853703,24.34896527,1.080427989,1,2,4,2016,2,15,396.7436347,-0.02701705,406.9348008
2016-04-14,22.36442133,407.3338744,20.48050796,1.056880907,0,3,4,2016,2,15,398.6082183,-1.39e-05,410.3853703
2016-04-15,22.5364986,401.9120565,22.60084853,0.797077747,0,4,4,2016,2,15,400.3141728,0.007694242,407.3338744
2016-04-16,21.54409797,402.2526752,22.69220555,0.959244113,0,5,4,2016,2,15,401.1887851,-0.044035263,401.9120565
2016-04-17,21.95783201,393.9770847,22.39765902,1.049256787,0,6,4,2016,2,15,401.5337656,0.019204055,402.2526752
2016-04-18,23.41856355,381.8026312,21.18534188,1.067171356,0,0,4,2016,2,16,400.6569276,0.066524397,393.9770847
2016-04-19,23.57663416,393.8639498,25.8038654,0.925921369,0,1,4,2016,2,16,398.7896632,0.006749799,381.8026312
2016-04-20,22.64797648,382.8307962,21.73419266,0.974627598,0,2,4,2016,2,16,394.8532954,-0.039388899,393.8639498
2016-04-21,23.07843298,382.1651192,21.92117819,1.102949462,0,3,4,2016,2,16,391.257759,0.0190064,382.8307962
2016-04-22,22.96275101,403.9010857,22.89689326,0.909383698,0,4,4,2016,2,16,391.541906,-0.005012558,382.1651192
2016-04-23,24.36284501,404.0669045,24.56826329,1.061177753,0,5,4,2016,2,16,391.8010816,0.060972398,403.9010857
2016-04-24,23.39877396,393.5023803,24.64493715,1.171700144,0,6,4,2016,2,16,391.7332667,-0.039571366,404.0669045
2016-04-25,22.78990899,403.3667257,22.30345227,1.086551763,0,0,4,2016,2,17,394.8138516,-0.026021234,393.5023803
