price-elasticity-demand/time-series-analysis/ARIMA/time_series_dataset.csv
date,price,demand,competitor_price,economic_index,promotion,day_of_week,month,year,quarter,week_of_year,demand_moving_avg,price_change,demand_lag_1
2016-04-26,22.39027456,391.5299967,22.12141383,1.081653485,0,1,4,2016,2,17,394.4804298,-0.017535587,403.3667257
2016-04-27,22.07829083,381.8595757,22.23266187,0.846189676,0,2,4,2016,2,17,394.341684,-0.013933895,391.5299967
2016-04-28,22.9960039,396.4571652,22.51026896,0.966113553,0,3,4,2016,2,17,396.3834049,0.04156631,381.8595757
2016-04-29,22.52814054,398.055146,24.39594002,1.253825024,0,4,4,2016,2,17,395.5482706,-0.02034542,396.4571652
2016-04-30,22.20651565,394.3743521,23.76653211,0.988588659,1,5,4,2016,2,17,394.1636203,-0.014276584,398.055146
2016-05-01,22.60496264,388.9287812,22.40139905,1.175052481,0,6,5,2016,2,17,393.510249,0.017942796,394.3743521
2016-05-02,22.397359,401.6995911,20.15849598,0.987620782,0,0,5,2016,2,18,393.2720869,-0.009183985,388.9287812
2016-05-03,23.79086266,374.9394075,25.69857816,1.02102283,0,1,5,2016,2,18,390.9020027,0.06221732,401.6995911
2016-05-04,23.39654321,378.717152,21.63869809,1.100463575,1,2,5,2016,2,18,390.453085,-0.016574407,374.9394075
2016-05-05,22.95943908,378.2459004,21.78626875,1.059074202,0,3,5,2016,2,18,387.8514758,-0.018682424,378.717152
2016-05-06,23.71036821,385.1084131,22.06183982,1.087256156,0,4,5,2016,2,18,386.0019425,0.032706772,378.2459004
2016-05-07,23.01531798,376.5412571,21.54148869,0.967365895,0,5,5,2016,2,18,383.4543575,-0.029314189,385.1084131
2016-05-08,22.55149483,382.5830352,23.91756308,0.935677912,0,6,5,2016,2,18,382.5478224,-0.020152802,376.5412571
2016-05-09,23.74846613,376.0691128,24.12607359,0.960817779,0,0,5,2016,2,19,378.8863255,0.053077249,382.5830352
2016-05-10,23.26038915,382.646964,25.38217935,0.996273136,0,1,5,2016,2,19,379.9874049,-0.020551937,376.0691128
2016-05-11,22.47560298,373.9891664,21.26845413,1.026676822,0,2,5,2016,2,19,379.3119784,-0.033739168,382.646964
2016-05-12,22.90160971,387.2908108,22.83581296,1.153432509,0,3,5,2016,2,19,380.6041085,0.018954185,373.9891664
2016-05-13,22.56078336,400.2817762,24.71501496,1.058539126,0,4,5,2016,2,19,382.7717318,-0.014882201,387.2908108
2016-05-14,22.30826605,390.1120629,23.7647438,1.098364701,0,5,5,2016,2,19,384.7104183,-0.011192754,400.2817762
2016-05-15,23.46308785,398.0820627,24.5358938,1.064165102,0,6,5,2016,2,19,386.9245651,0.051766542,390.1120629
2016-05-16,23.9543002,393.238583,22.46422392,0.938561585,0,0,5,2016,2,20,389.3773466,0.020935537,398.0820627
2016-05-17,22.29916065,395.6374741,23.50066351,1.051931973,0,1,5,2016,2,20,391.2331337,-0.069095717,393.238583
2016-05-18,23.27804164,383.3984273,22.56836455,1.063383242,0,2,5,2016,2,20,392.5773139,0.043897661,395.6374741
2016-05-19,22.66860882,385.6096249,22.80705461,1.126397363,0,3,5,2016,2,20,392.3371444,-0.026180588,383.3984273
2016-05-20,22.74700164,392.3165929,23.24361969,0.943646244,0,4,5,2016,2,20,391.1992611,0.00345821,385.6096249
2016-05-21,22.69026357,380.7315803,23.18656186,0.846563974,0,5,5,2016,2,20,389.8591922,-0.00249431,392.3165929
2016-05-22,22.54962433,366.2123509,23.57122817,1.068331452,0,6,5,2016,2,20,385.3063762,-0.006198219,380.7315803
2016-05-23,23.00030391,387.3903645,23.74414336,1.086190081,0,0,5,2016,2,21,384.4709164,0.019986123,366.2123509
2016-05-24,22.55425697,373.0761356,20.60724214,1.03296661,0,1,5,2016,2,21,381.247868,-0.019393089,387.3903645
2016-05-25,23.09791648,371.7334874,22.90087752,1.053807191,0,2,5,2016,2,21,379.5814481,0.024104519,373.0761356
2016-05-26,22.92979392,381.884252,23.68199025,1.138982348,0,3,5,2016,2,21,379.0492519,-0.00727869,371.7334874
2016-05-27,22.82693463,381.1316971,21.89556366,1.005324563,0,4,5,2016,2,21,377.4514097,-0.004485836,381.884252
2016-05-28,22.48339537,369.3666725,21.64277129,1.023441046,0,5,5,2016,2,21,375.8278514,-0.015049732,381.1316971
2016-05-29,22.63883523,384.0520929,20.93896455,1.059308785,0,6,5,2016,2,21,378.376386,0.006913541,369.3666725
2016-05-30,23.29423782,388.4686831,22.91507744,0.929523683,0,0,5,2016,2,22,378.5304315,0.028950367,384.0520929
2016-05-31,23.15560235,367.9043567,25.41017274,1.036415438,0,1,5,2016,2,22,377.791606,-0.005951492,388.4686831
2016-06-01,22.40425074,395.3568711,21.44229897,1.045330839,0,2,6,2016,2,22,381.1663751,-0.032447941,367.9043567
2016-06-02,22.92986517,364.0899759,23.07403391,1.215509402,0,3,6,2016,2,22,378.6243356,0.023460478,395.3568711
2016-06-03,23.24235244,398.9904311,24.37303363,1.022093625,0,4,6,2016,2,22,381.1755833,0.013627959,364.0899759
2016-06-04,22.01770865,379.515982,19.87537358,1.072006325,0,5,6,2016,2,22,382.6254847,-0.052690182,398.9904311
2016-06-05,23.10913988,379.3160259,24.95990263,1.143966971,0,6,6,2016,2,22,381.9489037,0.049570609,379.515982
2016-06-06,22.49049614,361.7214251,21.98018762,0.968456748,0,0,6,2016,2,23,378.1278668,-0.026770522,379.3160259
2016-06-07,23.09075923,376.7080436,24.7953929,1.189879269,0,1,6,2016,2,23,379.3855364,0.026689633,361.7214251
2016-06-08,22.40678984,382.7233168,20.34064925,1.228792264,0,2,6,2016,2,23,377.5807429,-0.029620914,376.7080436
2016-06-09,21.86824975,381.9591155,20.31850616,1.049615622,0,3,6,2016,2,23,380.1334771,-0.024034683,382.7233168
2016-06-10,21.9385072,376.528489,21.15981943,0.998662654,0,4,6,2016,2,23,376.9246283,0.003212761,381.9591155
2016-06-11,22.7572293,368.2902164,22.05385692,1.215417213,1,5,6,2016,2,23,375.3209475,0.037318952,376.528489
2016-06-12,22.84328197,388.3213707,24.43223427,1.132368368,0,6,6,2016,2,23,376.6074253,0.003781333,368.2902164
2016-06-13,22.24082667,380.0273048,20.06656842,1.061102211,0,0,6,2016,2,24,379.222551,-0.026373413,388.3213707
2016-06-14,22.99118089,391.0661969,23.64004617,1.195689682,0,1,6,2016,2,24,381.2737157,0.033737695,380.0273048
2016-06-15,21.81936493,375.9445109,20.21045923,1.185204529,0,2,6,2016,2,24,380.3053149,-0.050968063,391.0661969
2016-06-16,22.59467135,372.6768196,24.05526163,1.019579625,1,3,6,2016,2,24,378.9792726,0.035532951,375.9445109
2016-06-17,21.99914096,387.8507201,23.22481547,1.078178316,0,4,6,2016,2,24,380.5967342,-0.026357117,372.6768196
2016-06-18,22.25502603,361.8783689,22.25467452,1.111084589,0,5,6,2016,2,24,379.680756,0.011631594,387.8507201
2016-06-19,22.58030151,364.040293,21.28277969,1.056378354,0,6,6,2016,2,24,376.2120306,0.014615821,361.8783689
2016-06-20,22.10142265,389.2377874,22.69593054,0.914518301,0,0,6,2016,2,25,377.5278139,-0.021207815,364.040293
2016-06-21,22.31375395,365.1760021,20.77972049,0.95987942,0,1,6,2016,2,25,373.8292146,0.009607133,389.2377874
2016-06-22,22.98296207,355.0533064,21.55812779,0.917979102,1,2,6,2016,2,25,370.8447568,0.029990835,365.1760021
2016-06-23,22.16454169,395.7161736,22.72614642,1.103197821,0,3,6,2016,2,25,374.1360931,-0.035609874,355.0533064
2016-06-24,22.84340029,359.3938952,25.08766589,0.935570169,0,4,6,2016,2,25,370.0708324,0.030628136,395.7161736
2016-06-25,21.83266882,379.9228775,23.54024917,1.073347218,0,5,6,2016,2,25,372.6486193,-0.044246104,359.3938952
2016-06-26,22.63380068,374.4633344,23.05527535,1.237395803,0,6,6,2016,2,25,374.1376252,0.036694179,379.9228775
2016-06-27,23.06047463,343.2298033,23.23820987,1.197082449,0,0,6,2016,2,26,367.5650561,0.018851185,374.4633344
2016-06-28,21.07408241,378.2923788,23.17468322,0.870663776,0,1,6,2016,2,26,369.4388242,-0.086138393,343.2298033
2016-06-29,21.88110132,381.1126279,22.08852168,0.926635303,0,2,6,2016,2,26,373.1615844,0.03829438,378.2923788
2016-06-30,22.53716674,376.5898546,22.17709729,0.976953818,1,3,6,2016,2,26,370.4292531,0.029983199,381.1126279
2016-07-01,22.11563479,383.8887831,23.92715092,0.937803102,0,4,7,2016,3,26,373.9285228,-0.018703857,376.5898546
2016-07-02,22.37071006,369.4030178,21.18141286,0.889424043,0,5,7,2016,3,26,372.4256857,0.011533708,383.8887831
2016-07-03,21.85058492,382.7039192,20.09172642,1.053821457,0,6,7,2016,3,26,373.6029121,-0.023250274,369.4030178
2016-07-04,22.16278157,366.8255179,22.7571432,1.125515555,0,0,7,2016,3,27,376.9737285,0.014287794,382.7039192
2016-07-05,22.00803417,360.0893993,20.22912316,1.150508914,0,1,7,2016,3,27,374.3733028,-0.00698231,366.8255179
2016-07-06,22.63563517,357.7809351,22.06136248,1.007757903,0,2,7,2016,3,27,371.0402039,0.028516904,360.0893993
2016-07-07,22.14431957,358.2964769,21.80585421,1.028115161,0,3,7,2016,3,27,368.4268642,-0.021705404,357.7809351
2016-07-08,22.15077769,382.6845812,22.36137872,1.090973265,0,4,7,2016,3,27,368.2548353,0.000291638,358.2964769
2016-07-09,21.74041598,359.1988834,23.87819258,1.044656994,0,5,7,2016,3,27,366.7971018,-0.018525838,382.6845812
2016-07-10,21.66644911,377.159599,20.45738205,1.136666238,0,6,7,2016,3,27,366.0050561,-0.003402274,359.1988834
2016-07-11,21.65739948,371.5106557,21.11924073,1.098742057,0,0,7,2016,3,28,366.6743615,-0.00041768,377.159599
2016-07-12,22.0338686,370.9671979,20.41323404,1.018175138,0,1,7,2016,3,28,368.2283327,0.017382933,371.5106557
2016-07-13,21.58866098,387.5626306,22.05330737,0.870241959,0,2,7,2016,3,28,372.4828607,-0.020205604,370.9671979
2016-07-14,21.90610734,367.662604,22.90359398,1.205908761,0,3,7,2016,3,28,373.8208788,0.01470431,387.5626306
2016-07-15,22.76055237,373.5989474,22.67896409,0.987497382,0,4,7,2016,3,28,372.5229311,0.039004877,367.662604
2016-07-16,22.1196212,370.7722394,20.99519799,1.091961485,0,5,7,2016,3,28,374.1762677,-0.028159737,373.5989474
2016-07-17,21.48183836,371.7750996,22.00121881,0.864646464,0,6,7,2016,3,28,373.4070535,-0.028833353,370.7722394
2016-07-18,22.20584245,392.3854901,22.37974849,1.055273982,0,0,7,2016,3,29,376.3891727,0.033703078,371.7750996
2016-07-19,21.36118701,358.9069624,19.95641436,1.066531847,0,1,7,2016,3,29,374.6662819,-0.038037532,392.3854901
2016-07-20,20.50576537,390.2008951,20.1189524,1.071465868,0,2,7,2016,3,29,375.0431769,-0.040045604,358.9069624
2016-07-21,20.98001111,381.2152984,20.70809796,1.358084999,0,3,7,2016,3,29,376.9792761,0.023127435,390.2008951
2016-07-22,20.5075187,371.9321371,22.48697722,0.993693843,0,4,7,2016,3,29,376.7411603,-0.022521075,381.2152984
2016-07-23,21.22566222,389.1443655,22.70842684,1.138972113,0,5,7,2016,3,29,379.3657497,0.035018548,371.9321371
2016-07-24,21.36878661,353.3697982,22.37043048,1.109328946,0,6,7,2016,3,29,376.736421,0.006742988,389.1443655
2016-07-25,22.155619,362.415253,23.87833813,0.989241811,0,0,7,2016,3,30,372.4549585,0.036821576,353.3697982
2016-07-26,21.43836185,358.8514179,22.44804183,1.137772661,0,1,7,2016,3,30,372.4470236,-0.0323736,362.415253
2016-07-27,21.1225311,376.3541267,22.82670474,1.040873637,0,2,7,2016,3,30,370.4689138,-0.014732038,358.8514179
2016-07-28,21.60366329,358.4157632,19.67900638,1.144930062,0,3,7,2016,3,30,367.2118374,0.02277815,376.3541267
2016-07-29,20.03997856,381.4151263,19.86389211,1.253602013,0,4,7,2016,3,30,368.5665501,-0.072380536,358.4157632
2016-07-30,21.21965651,369.0422888,22.26747608,1.07268565,1,5,7,2016,3,30,365.6948249,0.058866228,381.4151263
2016-07-31,21.44331292,364.7162954,21.80054049,1.029593248,0,6,7,2016,3,30,367.315753,0.010540058,369.0422888
2016-08-01,20.27435723,378.9634687,18.95719778,1.162961399,0,0,8,2016,3,31,369.6797839,-0.054513764,364.7162954
2016-08-02,21.54104725,365.7806427,20.85385375,1.197571107,0,1,8,2016,3,31,370.6696731,0.062477444,378.9634687
2016-08-03,21.09369913,359.5415048,20.32493663,0.969680047,0,2,8,2016,3,31,368.26787,-0.020767241,365.7806427
2016-08-04,20.67185953,400.2759867,19.68517891,1.012810102,0,3,8,2016,3,31,374.2479019,-0.01999837,359.5415048
2016-08-05,21.15072993,364.722401,20.48717042,1.125748148,0,4,8,2016,3,31,371.8632269,0.023165328,400.2759867
2016-08-06,21.92431503,343.277198,21.98944467,1.04510263,0,5,8,2016,3,31,368.1824996,0.036574866,364.722401
2016-08-07,20.83433663,362.2103196,22.31302878,0.962972639,0,6,8,2016,3,31,367.8245031,-0.049715505,343.277198
2016-08-08,20.82176524,357.7505173,21.8296747,1.112575333,0,0,8,2016,3,32,364.7940815,-0.000603398,362.2103196
2016-08-09,20.42205377,380.4134239,21.79135127,1.125754832,0,1,8,2016,3,32,366.8844788,-0.01919681,357.7505173
2016-08-10,20.18073047,376.3062534,21.72901123,1.025267295,0,2,8,2016,3,32,369.2794429,-0.011816799,380.4134239
2016-08-11,20.97458954,372.839729,20.62284758,1.064940757,0,3,8,2016,3,32,365.3599775,0.039337479,376.3062534
2016-08-12,20.08501063,369.3334778,19.46649788,1.001248584,0,4,8,2016,3,32,366.0187027,-0.04241222,372.839729
2016-08-13,20.50233996,367.8878083,18.68838879,0.949482158,0,5,8,2016,3,32,369.5345042,0.020778148,369.3334778
2016-08-14,20.18111728,368.3134266,21.91867766,1.00939945,0,6,8,2016,3,32,370.4063766,-0.015667611,367.8878083
2016-08-15,20.61272144,368.7891674,18.8228076,1.066599156,0,0,8,2016,3,33,371.9833267,0.021386534,368.3134266
2016-08-16,20.49325599,378.2892226,21.48158636,0.911797008,0,1,8,2016,3,33,371.6798693,-0.005795714,368.7891674
2016-08-17,20.79830777,371.509935,20.29127957,1.017004647,1,2,8,2016,3,33,370.994681,0.014885472,378.2892226
2016-08-18,19.97757348,376.9936322,21.77068366,1.068288964,0,3,8,2016,3,33,371.5880957,-0.03946159,371.509935
2016-08-19,20.05063069,376.3635689,19.72822465,1.179071952,0,4,8,2016,3,33,372.5923944,0.003656961,376.9936322
2016-08-20,19.64912698,381.9618052,20.89334252,1.028446735,0,5,8,2016,3,33,374.6029654,-0.020024493,376.3635689
2016-08-21,19.86926871,374.6411859,19.0055708,0.935215746,0,6,8,2016,3,33,375.506931,0.011203639,381.9618052
2016-08-22,20.23294952,373.2739163,19.41994395,1.038939989,0,0,8,2016,3,34,376.1476095,0.018303684,374.6411859
2016-08-23,20.37566659,380.6052178,20.76492092,1.00334907,1,1,8,2016,3,34,376.4784659,0.007053696,373.2739163
2016-08-24,19.48896333,366.2466788,21.42999639,1.115323866,0,2,8,2016,3,34,375.7265722,-0.043517755,380.6052178
2016-08-25,20.33773498,359.8434912,20.40921162,1.026415488,0,3,8,2016,3,34,373.276552,0.043551401,366.2466788
2016-08-26,20.53366094,355.3108896,22.32546366,0.789249368,0,4,8,2016,3,34,370.2690264,0.009633617,359.8434912
2016-08-27,20.01550503,371.3400402,21.161392,1.429568491,0,5,8,2016,3,34,368.7516314,-0.025234463,355.3108896
2016-08-28,20.70017823,347.3014163,21.92506704,1.07474238,0,6,8,2016,3,34,364.84595,0.034207141,371.3400402
2016-08-29,19.32793727,377.0739053,19.08038501,1.069525212,0,0,8,2016,3,35,365.3888056,-0.066291263,347.3014163
2016-08-30,19.04562643,372.5256289,18.61345165,0.906565073,1,1,8,2016,3,35,364.2345786,-0.014606361,377.0739053
2016-08-31,18.73179752,386.2879728,17.57762586,0.914349154,0,2,8,2016,3,35,367.0976206,-0.016477742,372.5256289
2016-09-01,20.32247716,360.0251158,22.20816432,1.051711195,0,3,9,2016,3,35,367.123567,0.084918686,386.2879728
2016-09-02,19.8550402,366.8056516,21.67929593,1.094623234,0,4,9,2016,3,35,368.7656758,-0.023000983,360.0251158
2016-09-03,19.45358392,381.826769,20.4148545,1.131317525,0,5,9,2016,3,35,370.26378,-0.020219364,366.8056516
2016-09-04,19.57500745,383.5888629,18.77733549,1.084949886,0,6,9,2016,3,35,375.4477009,0.006241705,381.826769
2016-09-05,18.82606491,366.461862,17.86661161,0.94271191,0,0,9,2016,3,36,373.9316947,-0.03826014,383.5888629
2016-09-06,20.56562256,366.1458637,22.57533733,0.81095948,0,1,9,2016,3,36,373.0202997,0.092401554,366.461862
2016-09-07,19.3614565,373.0568223,17.68298401,1.051483916,0,2,9,2016,3,36,371.1301353,-0.058552376,366.1458637
2016-09-08,19.30581617,373.8924253,20.63237398,1.008208694,0,3,9,2016,3,36,373.1111795,-0.002873768,373.0568223
2016-09-09,19.56845976,365.9832892,19.0027669,0.935448998,0,4,9,2016,3,36,372.9936992,0.013604376,373.8924253
2016-09-10,19.40073479,382.0292019,19.08593738,1.144612003,0,5,9,2016,3,36,373.0226182,-0.008571189,365.9832892
2016-09-11,19.22703316,350.9558724,20.50362221,0.904348516,0,6,9,2016,3,36,368.3607624,-0.008953353,382.0292019
2016-09-12,18.67493327,368.1724784,17.145841,1.123703085,0,0,9,2016,3,37,368.6051362,-0.028714773,350.9558724
2016-09-13,19.26121349,373.7034132,18.6994397,0.921092413,0,1,9,2016,3,37,369.6847861,0.031393966,368.1724784
2016-09-14,19.92204088,370.2653043,21.7230901,1.075615089,0,2,9,2016,3,37,369.2859978,0.03430871,373.7034132
2016-09-15,19.60953943,380.5576111,20.3902576,1.155703663,0,3,9,2016,3,37,370.2381672,-0.015686216,370.2653043
2016-09-16,19.68948588,378.3883787,20.69341009,1.028612909,0,4,9,2016,3,37,372.0103229,0.004076916,380.5576111
2016-09-17,18.5936211,368.8072565,19.5512123,1.231498234,0,5,9,2016,3,37,370.1214735,-0.055657359,378.3883787
2016-09-18,18.31104689,385.8528769,16.70176253,1.254394893,0,6,9,2016,3,37,375.1067599,-0.015197374,368.8072565
2016-09-19,18.6998709,363.549653,17.58987496,1.086423771,0,0,9,2016,3,38,374.4463563,0.021234396,385.8528769
2016-09-20,18.74784721,379.5405028,18.71508818,1.116944818,1,1,9,2016,3,38,375.2802262,0.002565596,363.549653
2016-09-21,19.22461679,385.7358685,18.71766454,1.168977177,0,2,9,2016,3,38,377.4903068,0.025430631,379.5405028
2016-09-22,17.78915136,386.7417058,17.47219242,1.117448938,0,3,9,2016,3,38,378.3737489,-0.074668091,385.7358685
2016-09-23,19.35835825,367.5896678,20.44803009,1.106830632,0,4,9,2016,3,38,376.8310759,0.088211453,386.7417058
2016-09-24,18.47312564,367.4275212,16.68004734,1.01079938,0,5,9,2016,3,38,376.6339708,-0.045728703,367.5896678
2016-09-25,18.29759286,356.1256983,18.88491604,0.894570713,0,6,9,2016,3,38,372.387231,-0.009502062,367.4275212
2016-09-26,17.96425247,375.973813,16.16822327,0.924396799,0,0,9,2016,3,39,374.162111,-0.018217718,356.1256983
2016-09-27,17.60252508,363.3164579,16.06427043,1.301743087,0,1,9,2016,3,39,371.8443903,-0.020135955,375.973813
2016-09-28,18.80157494,360.3350924,18.45670186,1.095852256,0,2,9,2016,3,39,368.215708,0.06811806,363.3164579
2016-09-29,18.38708218,358.2259926,19.64089187,1.039138022,0,3,9,2016,3,39,364.1420347,-0.02204564,360.3350924
2016-09-30,17.66628339,368.9295667,16.41196231,1.190139107,0,4,9,2016,3,39,364.3334489,-0.039201369,358.2259926
2016-10-01,17.62498186,373.257855,17.81752212,0.988960593,0,5,10,2016,4,39,365.1663537,-0.002337874,368.9295667
2016-10-02,18.0663126,373.8661063,18.71129885,1.122317227,0,6,10,2016,4,39,367.7006977,0.025040068,373.257855
