price-elasticity-demand/time-series-analysis/ARIMA/time_series_dataset.csv
date,price,demand,competitor_price,economic_index,promotion,day_of_week,month,year,quarter,week_of_year,demand_moving_avg,price_change,demand_lag_1
2016-10-03,19.0308352,360.1028681,18.00139218,1.071825614,0,0,10,2016,4,40,365.4334199,0.053387906,373.8661063
2016-10-04,18.02909336,381.6115972,18.07355403,1.110209171,0,1,10,2016,4,40,368.0470112,-0.052637828,360.1028681
2016-10-05,17.37033652,371.9341456,18.79959311,1.030665444,0,2,10,2016,4,40,369.7040188,-0.036538545,381.6115972
2016-10-06,17.96251891,362.983261,18.00644993,0.96793701,0,3,10,2016,4,40,370.3836286,0.03409159,371.9341456
2016-10-07,17.91298359,373.1778366,16.68531032,0.982219343,0,4,10,2016,4,40,370.9905243,-0.002757704,362.983261
2016-10-08,16.66533839,396.5969808,17.09135209,0.98621804,0,5,10,2016,4,40,374.3246851,-0.069650329,373.1778366
2016-10-09,17.95156077,373.6918267,18.2825882,1.064409439,0,6,10,2016,4,40,374.299788,0.077179494,396.5969808
2016-10-10,17.82866626,367.1375934,16.14191312,0.909192963,0,0,10,2016,4,41,375.3047488,-0.006845896,373.6918267
2016-10-11,18.25816938,353.1570597,16.76317005,0.940163629,0,1,10,2016,4,41,371.2398148,0.024090592,367.1375934
2016-10-12,18.80099269,363.338063,17.51042244,1.07855893,0,2,10,2016,4,41,370.011803,0.029730434,353.1570597
2016-10-13,18.40676964,369.66881,17.06782101,1.052339006,0,3,10,2016,4,41,370.9668814,-0.020968204,363.338063
2016-10-14,17.67654745,366.912663,16.82618451,1.084229674,1,4,10,2016,4,41,370.0718566,-0.039671393,369.66881
2016-10-15,17.22577373,356.2079385,17.06765947,1.060802177,0,5,10,2016,4,41,364.3019935,-0.025501231,366.912663
2016-10-16,19.03430958,355.1345155,18.54595124,1.317301561,0,6,10,2016,4,41,361.650949,0.104990108,356.2079385
2016-10-17,17.74638773,384.4478534,19.13291262,1.078180394,0,0,10,2016,4,42,364.1238433,-0.067663176,355.1345155
2016-10-18,17.69345546,384.3314636,18.09017603,1.027698596,0,1,10,2016,4,42,368.5773296,-0.002982707,384.4478534
2016-10-19,17.64471151,361.1947454,18.97210322,1.075819749,1,2,10,2016,4,42,368.2711413,-0.002754914,384.3314636
2016-10-20,17.72667795,376.2064837,17.82254143,1.167802085,0,3,10,2016,4,42,369.2050947,0.004645383,361.1947454
2016-10-21,17.52690233,358.521331,16.08924229,1.060943752,0,4,10,2016,4,42,368.006333,-0.011269772,376.2064837
2016-10-22,17.28429102,385.3942039,17.15738094,1.134479437,0,5,10,2016,4,42,372.1757995,-0.013842224,358.521331
2016-10-23,17.27033144,373.7057905,18.38265321,1.105711207,0,6,10,2016,4,42,374.8288388,-0.000807645,385.3942039
2016-10-24,17.50062933,379.4326246,16.42995402,1.037165063,0,0,10,2016,4,43,374.1123775,0.013334885,373.7057905
2016-10-25,17.2191514,354.0286134,15.81136275,1.077394211,0,1,10,2016,4,43,369.7833989,-0.016083875,379.4326246
2016-10-26,17.10891793,378.3447199,16.52528051,1.226298852,0,2,10,2016,4,43,372.2333953,-0.006401795,354.0286134
2016-10-27,17.49365848,369.4072336,17.1049418,1.09081448,0,3,10,2016,4,43,371.2620738,0.02248772,378.3447199
2016-10-28,17.28868896,378.8691405,16.61877881,0.968004558,0,4,10,2016,4,43,374.1689038,-0.01171679,369.4072336
2016-10-29,18.14454592,375.0619769,16.82086786,1.034755628,0,5,10,2016,4,43,372.6928713,0.049503867,378.8691405
2016-10-30,16.04407985,376.9179224,15.24457081,0.855381956,0,6,10,2016,4,43,373.1517473,-0.115762945,375.0619769
2016-10-31,17.89298266,360.8534297,18.54529784,1.080646561,0,0,10,2016,4,44,370.4975766,0.115238944,376.9179224
2016-11-01,17.94859098,374.2285355,17.5391065,1.198212935,0,1,11,2016,4,44,373.3832798,0.003107828,360.8534297
2016-11-02,16.26783242,374.0834412,16.69909085,0.932966134,0,2,11,2016,4,44,372.7745257,-0.093642925,374.2285355
2016-11-03,17.1128281,361.5835143,17.23708017,1.082179994,0,3,11,2016,4,44,371.6568515,0.051942733,374.0834412
2016-11-04,17.07876604,361.1332502,17.24631878,1.165849911,0,4,11,2016,4,44,369.1231529,-0.00199044,361.5835143
2016-11-05,16.54172029,358.1032036,15.70983572,1.176520604,0,5,11,2016,4,44,366.700471,-0.031445231,361.1332502
2016-11-06,16.83823723,366.1459519,16.91078657,1.195486868,1,6,11,2016,4,44,365.1616181,0.017925399,358.1032036
2016-11-07,16.65421139,383.054273,15.06738052,0.880781378,0,0,11,2016,4,45,368.3331671,-0.010929045,366.1459519
2016-11-08,18.06867692,366.5934478,17.82201686,1.118199866,0,1,11,2016,4,45,367.2424403,0.084931402,383.054273
2016-11-09,17.64411612,361.5021724,17.90038922,0.917250262,0,2,11,2016,4,45,365.4451162,-0.023497061,366.5934478
2016-11-10,17.79648654,373.9502283,16.66461441,0.968073577,0,3,11,2016,4,45,367.2117896,0.008635764,361.5021724
2016-11-11,17.50667779,358.8913996,16.65430743,1.150119027,0,4,11,2016,4,45,366.8915252,-0.016284605,373.9502283
2016-11-12,16.567153,372.7345323,15.6378385,1.083911523,0,5,11,2016,4,45,368.9817151,-0.053666652,358.8913996
2016-11-13,16.85596374,368.4097041,15.40823183,1.140840428,0,6,11,2016,4,45,369.3051082,0.017432732,372.7345323
2016-11-14,17.35016731,375.3971252,16.82222713,0.97539517,0,0,11,2016,4,46,368.21123,0.029319212,368.4097041
2016-11-15,16.48238661,356.0450701,18.0612864,1.215767152,1,1,11,2016,4,46,366.7043189,-0.050015696,375.3971252
2016-11-16,17.43863751,358.4085605,16.92901218,1.137340244,0,2,11,2016,4,46,366.2623743,0.058016531,356.0450701
2016-11-17,16.95138345,352.8406026,16.81759168,1.157536673,1,3,11,2016,4,46,363.2467135,-0.027941062,358.4085605
2016-11-18,16.8742663,366.8907458,17.39091331,0.960690193,0,4,11,2016,4,46,364.3894772,-0.004549313,352.8406026
2016-11-19,17.40801238,378.8121477,17.92502252,1.185947005,0,5,11,2016,4,46,365.257708,0.031630772,366.8907458
2016-11-20,17.26624713,362.2339436,18.81984671,1.037290733,0,6,11,2016,4,46,364.3754565,-0.008143678,378.8121477
2016-11-21,16.85594493,364.1166354,18.06136122,1.007884274,0,0,11,2016,4,47,362.763958,-0.023763253,362.2339436
2016-11-22,17.60913682,374.0601437,18.6443804,1.131653265,0,1,11,2016,4,47,365.3375399,0.04468405,364.1166354
2016-11-23,16.48271724,381.5477176,17.97152601,1.127528098,0,2,11,2016,4,47,368.6431338,-0.063967904,374.0601437
2016-11-24,17.32572831,365.6505255,16.39279115,0.984625046,0,3,11,2016,4,47,370.4731228,0.051145151,381.5477176
2016-11-25,17.30955871,373.3551517,17.71479,1.275037042,0,4,11,2016,4,47,371.3966093,-0.000933271,365.6505255
2016-11-26,16.85421957,357.907926,18.15939944,1.250942008,0,5,11,2016,4,47,368.4102919,-0.026305647,373.3551517
2016-11-27,17.16878215,380.7790323,17.59504235,1.130110475,0,6,11,2016,4,47,371.0595903,0.018663729,357.907926
2016-11-28,16.37762065,392.3386519,17.94142293,1.112747313,0,0,11,2016,4,48,375.091307,-0.046081399,380.7790323
2016-11-29,17.4633923,370.5332472,16.06755284,1.102785603,0,1,11,2016,4,48,374.5874646,0.066296056,392.3386519
2016-11-30,16.9078691,347.1556179,16.70271071,0.914907328,0,2,11,2016,4,48,369.6743075,-0.031810727,370.5332472
2016-12-01,16.7386403,363.1648783,18.33672151,1.081287739,1,3,12,2016,4,48,369.3192151,-0.010008878,347.1556179
2016-12-02,17.52492843,370.8479743,17.10281609,1.080061169,0,4,12,2016,4,48,368.9610469,0.046974432,363.1648783
2016-12-03,16.64941422,364.7883247,17.44710888,1.012605852,0,5,12,2016,4,48,369.943961,-0.049958219,370.8479743
2016-12-04,16.29925762,383.3836712,14.76844081,1.039372114,0,6,12,2016,4,48,370.3160522,-0.021031166,364.7883247
2016-12-05,16.22781539,376.8101066,16.86017153,0.832277801,0,0,12,2016,4,49,368.0976886,-0.004383159,383.3836712
2016-12-06,17.31251549,358.3518082,18.8174119,0.960779758,0,1,12,2016,4,49,366.357483,0.066842029,376.8101066
2016-12-07,16.37341439,370.3481427,15.98931467,1.16278969,0,2,12,2016,4,49,369.6707009,-0.054244058,358.3518082
2016-12-08,17.8958817,353.3901514,16.1825294,1.243826761,0,3,12,2016,4,49,368.2743113,0.092984106,370.3481427
2016-12-09,15.98311123,369.9837155,14.47401721,0.976469012,0,4,12,2016,4,49,368.1508458,-0.106883276,353.3901514
2016-12-10,17.87862986,356.7051734,19.28039778,1.089191956,0,5,12,2016,4,49,366.9961099,0.118595097,369.9837155
2016-12-11,17.14296901,377.5980721,17.90588635,1.180845334,0,6,12,2016,4,49,366.1695957,-0.041147496,356.7051734
2016-12-12,16.99689342,387.6639091,15.6598715,1.019085608,0,0,12,2016,4,50,367.7201389,-0.00852102,377.5980721
2016-12-13,16.78130932,353.1946977,15.28639765,1.138831938,0,1,12,2016,4,50,366.9834088,-0.012683735,387.6639091
2016-12-14,17.26258289,345.7948409,18.31499751,1.067928161,0,2,12,2016,4,50,363.4757943,0.028679143,353.1946977
2016-12-15,17.05416825,363.5460647,18.11105133,1.19044734,0,3,12,2016,4,50,364.9266391,-0.012073201,345.7948409
2016-12-16,17.63532966,347.838461,16.29688517,0.943262077,0,4,12,2016,4,50,361.7630313,0.034077382,363.5460647
2016-12-17,17.15220536,365.8329187,16.4713328,0.961149498,0,5,12,2016,4,50,363.0669949,-0.027395252,347.838461
2016-12-18,17.18237212,372.6438227,18.14467453,1.099661088,0,6,12,2016,4,50,362.359245,0.001758769,365.8329187
2016-12-19,16.93825873,381.2528725,17.02434598,1.081427791,0,0,12,2016,4,51,361.4433826,-0.0142072,372.6438227
2016-12-20,17.10514634,367.4293207,18.66713651,1.066274801,0,1,12,2016,4,51,363.4769002,0.009852702,381.2528725
2016-12-21,17.30178174,362.4409427,17.23625174,1.129590617,0,2,12,2016,4,51,365.8549147,0.011495686,367.4293207
2016-12-22,16.30776221,349.5009797,16.8849198,0.979042254,0,3,12,2016,4,51,363.848474,-0.057451859,362.4409427
2016-12-23,16.50441942,368.5075724,16.53671317,0.93526366,0,4,12,2016,4,51,366.8012042,0.012059117,349.5009797
2016-12-24,17.56650619,363.5942817,19.12277742,1.02229642,0,5,12,2016,4,51,366.4813989,0.064351659,368.5075724
2016-12-25,17.29736115,370.5647707,16.94677509,1.033579385,0,6,12,2016,4,51,366.1843915,-0.01532149,363.5942817
2016-12-26,17.13767909,357.8387482,16.21154677,1.044132533,0,0,12,2016,4,52,362.8395166,-0.009231585,370.5647707
2016-12-27,17.25731374,359.9268965,16.65894696,1.199511832,0,1,12,2016,4,52,361.7677417,0.006980796,357.8387482
2016-12-28,17.44099276,348.5329235,18.67154271,1.149748995,0,2,12,2016,4,52,359.7808818,0.010643546,359.9268965
2016-12-29,17.01710161,342.4753461,17.01008568,1.126131268,0,3,12,2016,4,52,358.7772199,-0.024304302,348.5329235
2016-12-30,16.91827816,354.7552485,16.42511815,1.09510725,0,4,12,2016,4,52,356.8126022,-0.005807302,342.4753461
2016-12-31,17.42646672,347.5558038,17.58072588,1.029588455,0,5,12,2016,4,52,354.521391,0.030037841,354.7552485
2017-01-01,16.86113053,369.4146099,15.62429818,0.987712795,0,6,1,2017,1,52,354.3570824,-0.03244124,347.5558038
2017-01-02,17.57687004,357.2511534,15.83802299,0.953491579,0,0,1,2017,1,1,354.2731403,0.042449081,369.4146099
2017-01-03,16.54452696,362.1775044,15.81850243,1.003856646,0,1,1,2017,1,1,354.5946557,-0.058733044,357.2511534
2017-01-04,17.93411435,350.7354377,18.31075127,1.069115142,0,2,1,2017,1,1,354.9093006,0.08399076,362.1775044
2017-01-05,17.68018986,329.4931302,18.4287011,0.958008931,0,3,1,2017,1,1,353.0546983,-0.014158741,350.7354377
2017-01-06,17.59689139,377.2899439,18.74635893,1.090559337,0,4,1,2017,1,1,356.2739405,-0.004711402,329.4931302
2017-01-07,17.98583205,350.2329542,19.52061188,1.054263558,0,5,1,2017,1,1,356.6563905,0.022102805,377.2899439
2017-01-08,18.35345214,354.2488523,18.03084378,1.03407754,0,6,1,2017,1,1,354.4898537,0.020439426,350.2329542
2017-01-09,18.05474016,345.2951541,18.92323383,1.190060681,0,0,1,2017,1,2,352.7818538,-0.01627552,354.2488523
2017-01-10,16.65456345,376.5436953,15.23783612,0.827945539,0,1,1,2017,1,2,354.8341668,-0.077551751,345.2951541
2017-01-11,16.96325597,366.6966216,15.46210959,1.035734456,0,2,1,2017,1,2,357.1143359,0.018535011,376.5436953
2017-01-12,17.31927058,355.2019805,16.01962556,0.838963676,0,3,1,2017,1,2,360.7870288,0.020987399,366.6966216
2017-01-13,17.67394528,357.7553098,17.49214789,1.098163698,0,4,1,2017,1,2,357.9963668,0.020478616,355.2019805
2017-01-14,17.9495264,377.068818,16.91305411,1.150625599,0,5,1,2017,1,2,361.8300616,0.015592507,357.7553098
2017-01-15,17.35819202,362.5032878,16.61847247,0.93939683,0,6,1,2017,1,2,363.0092667,-0.032944289,377.068818
2017-01-16,17.84537675,358.9709879,18.37317224,0.952301702,0,0,1,2017,1,3,364.9629573,0.02806656,362.5032878
2017-01-17,17.40578612,353.5657,16.91327958,0.904877488,0,1,1,2017,1,3,361.6803865,-0.024633306,358.9709879
2017-01-18,17.5097499,343.509097,17.71066223,1.08117168,0,2,1,2017,1,3,358.367883,0.005972944,353.5657
2017-01-19,17.14474857,362.676715,16.84438546,1.040828663,0,3,1,2017,1,3,359.4357022,-0.020845605,343.509097
2017-01-20,17.41956388,366.1570373,16.26628164,1.047142028,0,4,1,2017,1,3,360.635949,0.016029124,362.676715
2017-01-21,17.23896247,374.8021731,15.77027179,1.038310347,0,5,1,2017,1,3,360.3121426,-0.010367734,366.1570373
2017-01-22,17.461007,340.2142499,16.53987426,0.977847614,0,6,1,2017,1,3,357.1279943,0.012880389,374.8021731
2017-01-23,18.51040956,346.2063228,16.87298047,1.188494933,0,0,1,2017,1,4,355.3044707,0.060099773,340.2142499
2017-01-24,17.54403187,356.4888212,17.96021827,1.102641609,0,1,1,2017,1,4,355.7220595,-0.052207256,346.2063228
2017-01-25,19.37055394,353.1378445,20.51619669,0.957041197,0,2,1,2017,1,4,357.0975948,0.104110736,356.4888212
2017-01-26,18.33713361,356.9004223,17.74939462,1.005552879,0,3,1,2017,1,4,356.2724102,-0.053350066,353.1378445
2017-01-27,18.21947571,357.7351393,17.80812023,0.988500693,0,4,1,2017,1,4,355.0692819,-0.006416374,356.9004223
2017-01-28,17.73492396,365.4706952,18.85644885,1.216400371,0,5,1,2017,1,4,353.7362136,-0.026595263,357.7351393
2017-01-29,18.55175606,348.2895645,17.52255255,1.147029518,0,6,1,2017,1,4,354.88983,0.046057829,365.4706952
2017-01-30,17.9517243,369.6829615,16.58437832,1.063358655,0,0,1,2017,1,5,358.2436355,-0.032343664,348.2895645
2017-01-31,18.33892467,362.7609327,18.34302568,1.246829729,0,1,1,2017,1,5,359.1396514,0.021568979,369.6829615
2017-02-01,19.59676355,348.9617237,20.16973439,1.22141198,0,2,2,2017,1,5,358.5430627,0.068588476,362.7609327
2017-02-02,18.30790827,374.6382039,18.67280108,1.053236541,0,3,2,2017,1,5,361.0770315,-0.065768783,348.9617237
2017-02-03,18.97019754,370.9086067,19.78164033,1.035351109,0,4,2,2017,1,5,362.9589555,0.036175038,374.6382039
2017-02-04,18.08399128,369.1331666,16.48084973,1.040271255,1,5,2,2017,1,5,363.4821657,-0.046715711,370.9086067
2017-02-05,18.45848994,327.7768529,18.19343197,0.981333001,0,6,2,2017,1,5,360.5517783,0.02070885,369.1331666
2017-02-06,19.40216529,369.0661599,18.38770571,1.250105116,0,0,2,2017,1,6,360.4636638,0.05112419,327.7768529
2017-02-07,18.24442827,367.0476073,19.18993212,0.97616643,0,1,2,2017,1,6,361.0760459,-0.059670506,369.0661599
2017-02-08,19.50563879,372.8946455,20.95970803,1.163738122,0,2,2,2017,1,6,364.4950347,0.069128531,367.0476073
2017-02-09,18.99513884,367.7962546,18.16442725,1.146062014,0,3,2,2017,1,6,363.5176134,-0.026171917,372.8946455
2017-02-10,18.40221316,374.2101723,16.91243652,1.046621113,0,4,2,2017,1,6,363.9892656,-0.031214601,367.7962546
2017-02-11,19.04215899,364.0560303,18.1031062,1.258212231,0,5,2,2017,1,6,363.2639604,0.034775482,374.2101723
2017-02-12,19.25505534,367.7363528,17.73008765,0.921398099,0,6,2,2017,1,6,368.9724604,0.011180263,364.0560303
2017-02-13,19.12280993,374.8982596,18.4436525,1.069438611,0,0,2,2017,1,7,369.8056175,-0.006868088,367.7363528
2017-02-14,18.07021263,362.4338822,18.20826392,1.028603734,0,1,2,2017,1,7,369.1465139,-0.055044071,374.8982596
2017-02-15,18.53545893,342.2700738,20.29143771,1.173667076,0,2,2,2017,1,7,364.7715751,0.025746587,362.4338822
2017-02-16,18.81924244,353.5510766,18.44048732,1.113064357,0,3,2,2017,1,7,362.7365497,0.015310304,342.2700738
2017-02-17,18.95002012,359.9254228,17.88897031,0.905078263,0,4,2,2017,1,7,360.6958712,0.006949147,353.5510766
2017-02-18,19.3420579,354.8707671,18.0531099,1.201855735,0,5,2,2017,1,7,359.3836907,0.020687988,359.9254228
2017-02-19,19.16529633,342.5981342,17.91203837,1.126553973,0,6,2,2017,1,7,355.7925166,-0.009138716,354.8707671
2017-02-20,18.45372554,342.3709255,17.31918194,0.974558625,0,0,2,2017,1,8,351.1457546,-0.037128087,342.5981342
2017-02-21,19.35666536,346.8172066,20.37198836,1.04323991,0,1,2,2017,1,8,348.9148009,0.048929947,342.3709255
2017-02-22,19.5172337,361.5672522,17.80372875,0.948319339,0,2,2,2017,1,8,351.6715407,0.008295248,346.8172066
2017-02-23,19.53740493,369.2581951,21.48099655,1.061324038,0,3,2,2017,1,8,353.9154148,0.001033509,361.5672522
2017-02-24,19.84365218,361.1569634,19.93368835,1.093519648,0,4,2,2017,1,8,354.0913491,0.01567492,369.2581951
2017-02-25,19.76614695,363.0227389,19.9411639,1.045143145,0,5,2,2017,1,8,355.2559166,-0.003905795,361.1569634
2017-02-26,19.62486058,352.4183186,19.06580277,1.033661421,0,6,2,2017,1,8,356.6588,-0.007147896,363.0227389
2017-02-27,19.40642158,336.9713421,20.14485673,0.917533844,0,0,2,2017,1,9,355.887431,-0.011130728,352.4183186
2017-02-28,18.6573957,353.6605058,18.55088564,1.112632037,0,1,2,2017,1,9,356.8650451,-0.038596806,336.9713421
2017-03-01,19.7491834,350.2434596,19.07400339,0.886562441,0,2,3,2017,1,9,355.2473605,0.05851769,353.6605058
2017-03-02,19.68483116,348.2615826,18.76018898,1.082215863,1,3,3,2017,1,9,352.2478444,-0.003258476,350.2434596
2017-03-03,19.76349316,353.4668976,21.4459641,0.899292338,0,4,3,2017,1,9,351.1492636,0.003996072,348.2615826
2017-03-04,19.03613776,361.0539808,18.24038728,1.08435842,0,5,3,2017,1,9,350.8680124,-0.036802978,353.4668976
2017-03-05,19.18087241,364.5312215,18.93686586,1.07879604,0,6,3,2017,1,9,352.5984271,0.007603152,361.0539808
2017-03-06,20.2949345,347.7364193,19.68747221,1.119842448,0,0,3,2017,1,10,354.1362953,0.05808193,364.5312215
2017-03-07,19.79559504,334.0654755,18.15722777,1.165836532,0,1,3,2017,1,10,351.3370053,-0.024604142,347.7364193
2017-03-08,20.20318309,346.3269986,18.9341581,1.184466813,0,2,3,2017,1,10,350.7775108,0.020589835,334.0654755
2017-03-09,19.92368599,353.0829003,18.68643296,0.918803721,0,3,3,2017,1,10,351.4662705,-0.01383431,346.3269986
2017-03-10,19.97152126,364.7291192,20.74501634,1.074087385,0,4,3,2017,1,10,353.0751593,0.002400925,353.0829003
2017-03-11,20.47291219,344.412308,20.09041845,1.281102089,0,5,3,2017,1,10,350.6977775,0.025105295,364.7291192
