price-elasticity-demand/time-series-analysis/ARIMA/time_series_dataset.csv
date,price,demand,competitor_price,economic_index,promotion,day_of_week,month,year,quarter,week_of_year,demand_moving_avg,price_change,demand_lag_1
2017-03-12,19.79287408,358.7141918,20.90906378,1.092018068,1,6,3,2017,1,10,349.8667732,-0.033216481,344.412308
2017-03-13,20.14607044,354.8237047,20.98797845,0.997073207,0,0,3,2017,1,11,350.8792426,0.017844622,358.7141918
2017-03-14,19.91396182,353.6242957,18.68745998,1.072337918,0,1,3,2017,1,11,353.6733598,-0.011521285,354.8237047
2017-03-15,19.97490496,362.289695,20.22625686,1.042041447,0,2,3,2017,1,11,355.953745,0.003060322,353.6242957
2017-03-16,20.08457319,345.9332571,21.06031729,0.962862235,0,3,3,2017,1,11,354.9323674,0.005490301,362.289695
2017-03-17,20.39717331,345.3343098,20.93991322,1.16751848,0,4,3,2017,1,11,352.1616803,0.01556419,345.9332571
2017-03-18,20.09360867,352.594348,20.49554718,1.139143327,0,5,3,2017,1,11,353.3305432,-0.014882682,345.3343098
2017-03-19,21.00765542,341.8528648,22.01438802,0.947357174,0,6,3,2017,1,11,350.9217822,0.045489428,352.594348
2017-03-20,19.97917437,358.5899098,18.20814339,1.071580632,0,0,3,2017,1,12,351.4598114,-0.048957441,341.8528648
2017-03-21,20.37963761,344.4904392,21.32289669,1.024361736,0,1,3,2017,1,12,350.1549748,0.020044034,358.5899098
2017-03-22,20.29968657,354.4018864,19.37668119,0.920948859,0,2,3,2017,1,12,349.028145,-0.003923085,344.4904392
2017-03-23,21.28939149,346.3071496,21.5954148,0.939726175,0,3,3,2017,1,12,349.0815582,0.04875469,354.4018864
2017-03-24,20.71039072,352.4735243,19.64299787,0.954712148,1,4,3,2017,1,12,350.101446,-0.02719668,346.3071496
2017-03-25,21.17409534,343.5305324,22.60892645,1.075565165,0,5,3,2017,1,12,348.8066152,0.02238995,352.4735243
2017-03-26,19.96129018,350.9251104,19.88367811,1.035712851,0,6,3,2017,1,12,350.1026503,-0.057277779,343.5305324
2017-03-27,20.88331905,350.7917745,21.48033644,0.985689365,0,0,3,2017,1,13,348.988631,0.046190845,350.9251104
2017-03-28,21.24014783,350.1959223,22.48941705,1.042519868,0,1,3,2017,1,13,349.8037,0.017086785,350.7917745
2017-03-29,20.88181667,350.0542548,22.5327968,1.156561678,0,2,3,2017,1,13,349.1826098,-0.016870465,350.1959223
2017-03-30,21.41854963,364.5974699,22.41263634,1.117577801,0,3,3,2017,1,13,351.7955127,0.025703365,350.0542548
2017-03-31,20.67208139,341.5018469,19.21994447,1.182195082,0,4,3,2017,1,13,350.2281302,-0.034851484,364.5974699
2017-04-01,21.68008581,345.8619704,23.21734425,1.059276924,0,5,4,2017,2,13,350.5611927,0.048761632,341.5018469
2017-04-02,22.16930692,328.4582078,22.69506496,1.24246394,0,6,4,2017,2,13,347.3516352,0.02256546,345.8619704
2017-04-03,20.88263266,354.4870545,21.33975248,1.117116219,0,0,4,2017,2,14,347.8795324,-0.058038543,328.4582078
2017-04-04,20.88523216,339.7409169,22.64519124,1.033516498,0,1,4,2017,2,14,346.3859602,0.000124482,354.4870545
2017-04-05,21.87833372,343.2866764,20.77930431,1.091803432,0,2,4,2017,2,14,345.4191633,0.04755042,339.7409169
2017-04-06,21.9848014,341.9604604,20.8397785,0.957800666,0,3,4,2017,2,14,342.1853048,0.004866352,343.2866764
2017-04-07,20.97666425,353.6761167,21.0320156,1.052089757,0,4,4,2017,2,14,343.9244862,-0.045856095,341.9604604
2017-04-08,21.07077424,345.0159096,22.12795005,1.125805704,0,5,4,2017,2,14,343.8036203,0.004486414,353.6761167
2017-04-09,21.18243264,344.1813746,20.95891861,1.144075242,0,6,4,2017,2,14,346.049787,0.005299207,345.0159096
2017-04-10,20.69323041,367.0896476,21.24735949,1.041992079,0,0,4,2017,2,15,347.8501575,-0.023094714,344.1813746
2017-04-11,20.94792344,354.4556556,20.74902175,1.356497354,1,1,4,2017,2,15,349.952263,0.012308036,367.0896476
2017-04-12,20.94662549,346.1600625,21.40907328,1.065987547,0,2,4,2017,2,15,350.3627467,-6.2e-05,354.4556556
2017-04-13,21.10588603,348.6217425,22.46621232,0.915468927,0,3,4,2017,2,15,351.3143585,0.00760316,346.1600625
2017-04-14,21.51316366,365.704763,20.13837223,1.20473506,0,4,4,2017,2,15,353.0327365,0.019296874,348.6217425
2017-04-15,21.68795705,346.1848252,22.5354293,1.144221081,0,5,4,2017,2,15,353.1997244,0.008124951,365.704763
2017-04-16,22.38605585,338.31414,23.67292159,1.106777243,0,6,4,2017,2,15,352.3615481,0.032188315,346.1848252
2017-04-17,21.15118699,344.6939079,20.92745569,1.037216282,0,0,4,2017,2,16,349.1621567,-0.055162413,338.31414
2017-04-18,22.18167632,341.0644628,21.39748121,1.123143032,0,1,4,2017,2,16,347.2491291,0.048720166,344.6939079
2017-04-19,21.62125487,343.5788421,19.51769844,1.245810015,0,2,4,2017,2,16,346.8803834,-0.025265063,341.0644628
2017-04-20,21.7418251,336.2921471,23.03374619,1.104171695,0,3,4,2017,2,16,345.1190126,0.005576468,343.5788421
2017-04-21,22.14183841,336.015882,21.37988753,0.937105052,0,4,4,2017,2,16,340.8777439,0.018398332,336.2921471
2017-04-22,21.28049406,343.4423846,20.67318906,0.738873013,0,5,4,2017,2,16,340.4859667,-0.038901212,336.015882
2017-04-23,22.0700318,353.8762464,21.34616196,1.122764387,0,6,4,2017,2,16,342.7091247,0.037101476,343.4423846
2017-04-24,21.99856123,344.6797989,21.99301465,0.985817087,0,0,4,2017,2,17,342.7071091,-0.003238354,353.8762464
2017-04-25,22.19759628,345.6013017,23.09659703,1.074537179,0,1,4,2017,2,17,343.355229,0.009047639,344.6797989
2017-04-26,22.13150892,360.8817899,23.33485718,1.003700699,0,2,4,2017,2,17,345.8270787,-0.00297723,345.6013017
2017-04-27,23.24963828,355.719514,22.7500999,0.996617572,0,3,4,2017,2,17,348.6024168,0.050522057,360.8817899
2017-04-28,21.73768283,347.6887682,22.44677489,1.008281068,0,4,4,2017,2,17,350.269972,-0.065031354,355.719514
2017-04-29,21.82511143,343.9466484,22.78840311,1.017420955,0,5,4,2017,2,17,350.3420096,0.004021984,347.6887682
2017-04-30,21.81258081,341.8576464,20.92662939,1.1626321,1,6,4,2017,2,17,348.6250668,-0.000574138,343.9466484
2017-05-01,21.87942947,357.2810734,20.11429105,1.14247289,0,0,5,2017,2,18,350.4252489,0.003064684,341.8576464
2017-05-02,21.87095906,348.5357942,23.59730262,0.964409639,0,1,5,2017,2,18,350.8444621,-0.00038714,357.2810734
2017-05-03,22.81610511,342.1809681,23.62432444,0.978135058,0,2,5,2017,2,18,348.1729161,0.04321466,348.5357942
2017-05-04,22.96324494,337.3639272,23.64346406,1.123320731,0,3,5,2017,2,18,345.5506894,0.006448946,342.1809681
2017-05-05,21.99845964,342.8197575,20.0577666,1.190758787,0,4,5,2017,2,18,344.8551165,-0.042014328,337.3639272
2017-05-06,21.89793135,354.4131264,23.29008383,1.189322697,0,5,5,2017,2,18,346.3503276,-0.004569788,342.8197575
2017-05-07,22.57952218,334.8452408,22.87781644,0.985417687,0,6,5,2017,2,18,345.3485554,0.031125809,354.4131264
2017-05-08,22.09682973,360.5583499,23.63425828,1.184739724,0,0,5,2017,2,19,345.8167377,-0.021377443,334.8452408
2017-05-09,22.71794841,342.3637366,24.87415971,0.908281627,0,1,5,2017,2,19,344.9350152,0.02810895,360.5583499
2017-05-10,22.53089261,347.3407445,24.59066825,1.065720159,0,2,5,2017,2,19,345.6721261,-0.008233833,342.3637366
2017-05-11,21.69890809,339.8284093,23.24425809,1.134811255,0,3,5,2017,2,19,346.024195,-0.03692639,347.3407445
2017-05-12,23.2572755,345.4853675,20.98246917,0.87832812,0,4,5,2017,2,19,346.4049964,0.07181778,339.8284093
2017-05-13,23.4075916,341.7784166,25.21338059,1.295594323,0,5,5,2017,2,19,344.6000379,0.006463186,345.4853675
2017-05-14,22.22876894,350.6606096,20.33960061,1.219078159,0,6,5,2017,2,19,346.8593763,-0.050360699,341.7784166
2017-05-15,22.36619738,365.3985269,23.93717211,1.151209048,0,0,5,2017,2,20,347.5508301,0.006182459,350.6606096
2017-05-16,22.72723396,350.8618804,21.72802688,0.99010584,0,1,5,2017,2,20,348.7648507,0.016142063,365.3985269
2017-05-17,22.77514499,341.1088698,23.27650946,1.079898308,0,2,5,2017,2,20,347.8745829,0.002108089,350.8618804
2017-05-18,22.96016047,341.2287657,20.83895496,1.165850698,0,3,5,2017,2,20,348.0746338,0.00812357,341.1088698
2017-05-19,23.65831308,351.0155495,24.94145338,0.974642534,0,4,5,2017,2,20,348.8646598,0.030407131,341.2287657
2017-05-20,22.58640491,363.6251943,20.83237236,1.068961278,0,5,5,2017,2,20,351.985628,-0.045307887,351.0155495
2017-05-21,22.29673749,355.1217,21.89846501,1.178147096,0,6,5,2017,2,20,352.6229266,-0.012824857,363.6251943
2017-05-22,22.02656878,360.757842,23.42501803,0.937749221,0,0,5,2017,2,21,351.9599716,-0.012116961,355.1217
2017-05-23,22.37043534,358.4675316,23.24444376,1.120551202,1,1,5,2017,2,21,353.0464933,0.015611445,360.757842
2017-05-24,22.73833366,364.9414923,20.49198047,0.911931778,0,2,5,2017,2,21,356.4511536,0.016445738,358.4675316
2017-05-25,23.670493,326.8157391,23.21143851,0.993124075,0,3,5,2017,2,21,354.3921498,0.040995059,364.9414923
2017-05-26,22.53204096,358.8990751,20.46777937,1.0371495,0,4,5,2017,2,21,355.5183678,-0.048095832,326.8157391
2017-05-27,22.91968438,360.3504002,23.71499679,1.139064332,0,5,5,2017,2,21,355.05054,0.017204097,358.8990751
2017-05-28,22.81582983,337.8708242,24.95571963,1.017729871,0,6,5,2017,2,21,352.5861292,-0.004531238,360.3504002
2017-05-29,23.43379187,339.5386867,24.16146389,1.10046363,0,0,5,2017,2,22,349.5548213,0.027084793,337.8708242
2017-05-30,24.11791463,336.6954044,22.78840219,1.019285987,0,1,5,2017,2,22,346.4445174,0.029193857,339.5386867
2017-05-31,22.60316278,345.7189171,21.94872451,1.035047134,0,2,5,2017,2,22,343.6984352,-0.062806087,336.6954044
2017-06-01,22.63731826,348.2500406,24.79533633,1.213274972,0,3,6,2017,2,22,346.7604783,0.001511093,345.7189171
2017-06-02,23.41684801,351.8280926,22.12448346,0.973286013,0,4,6,2017,2,22,345.750338,0.034435605,348.2500406
2017-06-03,23.24772851,359.1382338,23.53381075,1.164324238,0,5,6,2017,2,22,345.5771713,-0.007222129,351.8280926
2017-06-04,23.84143428,358.5612675,23.36676948,1.088402462,0,6,6,2017,2,22,348.532949,0.025538227,359.1382338
2017-06-05,23.22062242,342.7103709,24.46671206,1.031053492,1,0,6,2017,2,23,348.9860467,-0.026039199,358.5612675
2017-06-06,22.75886725,345.1880871,24.43113998,0.966956588,0,1,6,2017,2,23,350.1992871,-0.019885564,342.7103709
2017-06-07,23.24297049,364.6118451,22.50308759,0.97418525,0,2,6,2017,2,23,352.8982768,0.021270973,345.1880871
2017-06-08,23.51039722,356.8242349,24.26459367,1.015044388,0,3,6,2017,2,23,354.1231617,0.011505704,364.6118451
2017-06-09,23.37395937,352.1092029,23.60324715,1.07400346,0,4,6,2017,2,23,354.1633203,-0.005803298,356.8242349
2017-06-10,23.22429675,357.0050616,22.19520256,1.149459875,0,5,6,2017,2,23,353.8585815,-0.006402964,352.1092029
2017-06-11,23.51020541,350.788189,22.4378617,1.059184995,0,6,6,2017,2,23,352.7481417,0.012310757,357.0050616
2017-06-12,23.56698955,356.2934667,23.74907588,1.065977846,0,0,6,2017,2,24,354.6885839,0.002415298,350.788189
2017-06-13,23.67815895,347.3776483,22.03964396,1.081009919,0,1,6,2017,2,24,355.0013784,0.004717166,356.2934667
2017-06-14,23.31543493,355.4877461,24.76476851,1.13718672,0,2,6,2017,2,24,353.6979356,-0.015318928,347.3776483
2017-06-15,22.91078333,339.9664648,20.93589598,1.154089243,0,3,6,2017,2,24,351.2896828,-0.017355525,355.4877461
2017-06-16,23.07022263,347.6470558,21.19957126,0.951012423,0,4,6,2017,2,24,350.6522332,0.006959138,339.9664648
2017-06-17,23.60190412,345.3477389,22.85715221,1.06160151,0,5,6,2017,2,24,348.9869014,0.023046222,347.6470558
2017-06-18,22.59122562,353.6798818,20.86567057,1.212649393,0,6,6,2017,2,24,349.4000003,-0.042821905,345.3477389
2017-06-19,23.18433366,345.446818,23.07165789,0.958397006,1,0,6,2017,2,25,347.8504791,0.026253911,353.6798818
2017-06-20,22.80289079,351.5385967,22.34535485,1.0975403,0,1,6,2017,2,25,348.4449003,-0.016452613,345.446818
2017-06-21,23.01275556,340.9365861,24.03364648,1.073124621,0,2,6,2017,2,25,346.3661632,0.009203428,351.5385967
2017-06-22,23.63569207,358.7102059,25.77710541,1.033641472,0,3,6,2017,2,25,349.0438405,0.027069184,340.9365861
2017-06-23,23.08935919,355.3880167,24.26026023,1.249487306,0,4,6,2017,2,25,350.149692,-0.02311474,358.7102059
2017-06-24,23.01363261,339.7991139,21.53822247,1.094192632,0,5,6,2017,2,25,349.3570313,-0.003279717,355.3880167
2017-06-25,22.30635297,352.2998032,24.24933127,1.241723568,0,6,6,2017,2,25,349.1598772,-0.030733073,339.7991139
2017-06-26,23.35453756,359.0348063,22.8507028,1.091271791,0,0,6,2017,2,26,351.1010184,0.046990406,352.2998032
2017-06-27,23.29854683,350.7812269,23.17827675,1.13683467,0,1,6,2017,2,26,350.9928227,-0.002397424,359.0348063
2017-06-28,24.05109169,345.7430861,23.67385627,1.03318694,0,2,6,2017,2,26,351.6794656,0.032300077,350.7812269
2017-06-29,22.80850198,358.4443685,21.80742325,1.034399733,0,3,6,2017,2,26,351.6414888,-0.051664587,345.7430861
2017-06-30,23.06416195,361.6138736,24.88643504,1.132043864,0,4,6,2017,2,26,352.5308969,0.011208977,358.4443685
2017-07-01,23.07074518,344.0484069,22.29667031,1.133978867,1,5,7,2017,3,26,353.1379388,0.000285431,361.6138736
2017-07-02,23.72551949,360.90733,24.0984679,1.151107838,0,6,7,2017,3,26,354.3675855,0.028381151,344.0484069
2017-07-03,22.87915984,351.9039212,21.6895972,1.12907697,0,0,7,2017,3,27,353.3488876,-0.035672966,360.90733
2017-07-04,23.05561083,359.1153446,24.42684501,0.957867058,0,1,7,2017,3,27,354.5394758,0.007712302,351.9039212
2017-07-05,23.20862114,358.4464006,24.4813757,1.010972293,0,2,7,2017,3,27,356.354235,0.006636576,359.1153446
2017-07-06,22.98583344,354.9159019,22.04944638,1.17670346,0,3,7,2017,3,27,355.8501684,-0.009599351,358.4464006
2017-07-07,22.65645423,351.8698669,23.47912854,0.895962644,0,4,7,2017,3,27,354.4581674,-0.014329661,354.9159019
2017-07-08,22.96314753,357.9901093,23.89946313,1.121169915,0,5,7,2017,3,27,356.4498392,0.013536686,351.8698669
2017-07-09,23.3886426,375.2477405,23.68105403,1.080821191,0,6,7,2017,3,27,358.4984693,0.018529475,357.9901093
2017-07-10,22.32358948,350.9788408,22.77273288,1.177067398,0,0,7,2017,3,28,358.366315,-0.045537192,375.2477405
2017-07-11,22.88765228,378.9752347,23.22847065,1.13387134,0,1,7,2017,3,28,361.2034421,0.025267567,350.9788408
2017-07-12,22.45473113,361.8972542,20.57690665,1.025911203,0,2,7,2017,3,28,361.6964212,-0.018915053,378.9752347
2017-07-13,23.38524677,360.4742749,24.18158619,1.021474237,0,3,7,2017,3,28,362.4904745,0.041439625,361.8972542
2017-07-14,22.00837395,356.417396,21.87533337,1.040230904,0,4,7,2017,3,28,363.1401215,-0.05887784,360.4742749
2017-07-15,22.47206684,357.5338201,22.19546842,1.150615566,0,5,7,2017,3,28,363.0749373,0.02106893,356.417396
2017-07-16,22.92101504,358.2540356,24.57132454,0.862487903,0,6,7,2017,3,28,360.6472652,0.019978055,357.5338201
2017-07-17,23.49537813,350.2365989,21.2549844,1.108547225,0,0,7,2017,3,29,360.5412306,0.025058362,358.2540356
2017-07-18,22.65927857,363.0679608,21.53227366,1.004605832,0,1,7,2017,3,29,358.2687629,-0.035585704,350.2365989
2017-07-19,22.39342713,362.7001833,20.69781251,1.112092831,0,2,7,2017,3,29,358.3834671,-0.011732564,363.0679608
2017-07-20,23.58981947,379.5809762,21.39757529,1.12755909,0,3,7,2017,3,29,361.1129958,0.053426049,362.7001833
2017-07-21,21.90279422,358.1341618,20.92013411,0.926976663,0,4,7,2017,3,29,361.3582481,-0.07151497,379.5809762
2017-07-22,21.50431019,373.0996586,23.60517924,1.070622688,0,5,7,2017,3,29,363.5819393,-0.018193297,358.1341618
2017-07-23,22.79998982,368.3600535,21.75223532,1.108966377,0,6,7,2017,3,29,365.0256562,0.06025209,373.0996586
2017-07-24,22.30458822,357.943423,23.0348664,1.10230436,0,0,7,2017,3,30,366.126631,-0.02172815,368.3600535
2017-07-25,22.02000097,377.2266525,20.33898921,1.081389266,0,1,7,2017,3,30,368.1493013,-0.012759135,357.943423
2017-07-26,22.85917313,362.4688311,23.32480366,0.971620619,0,2,7,2017,3,30,368.116251,0.038109543,377.2266525
2017-07-27,22.60065461,343.111142,24.79057434,0.986946578,0,3,7,2017,3,30,362.9062747,-0.011309181,362.4688311
2017-07-28,22.16986255,377.0785883,21.24687585,0.956104659,0,4,7,2017,3,30,365.6126213,-0.019061043,343.111142
2017-07-29,21.7842922,361.5303657,23.30080838,1.149413958,0,5,7,2017,3,30,363.9598652,-0.017391644,377.0785883
2017-07-30,22.83261727,357.272956,25.10478865,1.082552327,0,6,7,2017,3,30,362.3759941,0.048122981,361.5303657
2017-07-31,22.69284202,375.621873,23.09475081,1.089034097,1,0,7,2017,3,31,364.9014869,-0.006121736,357.272956
2017-08-01,22.288922,367.5848105,21.4392732,0.923760087,0,1,8,2017,3,31,363.5240809,-0.017799446,375.621873
2017-08-02,23.23201982,375.8133217,24.03831616,1.091049161,0,2,8,2017,3,31,365.4304367,0.042312402,367.5848105
2017-08-03,21.74328058,386.4763007,23.24290685,1.157873158,0,3,8,2017,3,31,371.6254594,-0.064081352,375.8133217
2017-08-04,21.48461977,369.5146702,20.07243676,0.910425503,0,4,8,2017,3,31,370.5448997,-0.011896126,386.4763007
2017-08-05,21.86993309,382.2666802,21.66223767,1.041168845,0,5,8,2017,3,31,373.5072303,0.017934379,369.5146702
2017-08-06,22.16105204,365.6211637,21.35965392,0.937774568,0,6,8,2017,3,31,374.6998314,0.013311378,382.2666802
2017-08-07,22.27293375,395.2454661,21.30788761,1.052881283,0,0,8,2017,3,32,377.5032019,0.005048574,365.6211637
2017-08-08,21.99753408,367.6602998,23.58496968,1.004910311,0,1,8,2017,3,32,377.5139861,-0.012364768,395.2454661
2017-08-09,22.26054517,383.8348624,21.91174026,1.133200394,0,2,8,2017,3,32,378.6599205,0.011956389,367.6602998
2017-08-10,21.42459869,386.4913913,20.73505373,1.112133477,0,3,8,2017,3,32,378.6620763,-0.03755283,383.8348624
2017-08-11,22.73759563,374.9497405,23.2083118,1.224459972,0,4,8,2017,3,32,379.4385149,0.061284553,386.4913913
2017-08-12,21.93948523,369.3749122,20.70824825,1.090001756,0,5,8,2017,3,32,377.5968337,-0.035100915,374.9497405
2017-08-13,22.50356745,372.0474489,21.28789544,1.129358331,0,6,8,2017,3,32,378.5148745,0.025710823,369.3749122
2017-08-14,22.08016094,354.4446159,22.16975663,1.039838813,0,0,8,2017,3,33,372.6861816,-0.018815084,372.0474489
2017-08-15,22.10058256,378.4251678,21.69955745,0.985403106,0,1,8,2017,3,33,374.2240199,0.000924885,354.4446159
2017-08-16,22.12003523,379.8829617,21.21303586,1.179285824,0,2,8,2017,3,33,373.6594626,0.000880188,378.4251678
2017-08-17,22.02149863,378.5181037,20.05696573,1.220235096,0,3,8,2017,3,33,372.5204215,-0.004454631,379.8829617
2017-08-18,22.08105486,347.4563866,22.17279828,1.166575171,0,4,8,2017,3,33,368.5927995,0.002704458,378.5181037
