price-elasticity-demand/time-series-analysis/ARIMA/time_series_dataset.csv
date,price,demand,competitor_price,economic_index,promotion,day_of_week,month,year,quarter,week_of_year,demand_moving_avg,price_change,demand_lag_1
2018-01-26,17.75697477,446.2424487,18.41669057,1.235217001,0,4,1,2018,1,4,450.7831092,0.003149263,449.8805743
2018-01-27,17.49851838,453.7886682,17.08378603,1.133606086,0,5,1,2018,1,4,451.0884944,-0.014555204,446.2424487
2018-01-28,16.6240406,454.9559943,15.38630119,1.05527718,0,6,1,2018,1,4,452.3328748,-0.04997439,453.7886682
2018-01-29,18.02934071,455.6189148,19.1700145,1.271221174,1,0,1,2018,1,5,453.5047951,0.084534208,454.9559943
2018-01-30,16.65722201,461.0898277,18.12888212,1.054152188,0,1,1,2018,1,5,453.8581398,-0.076104763,455.6189148
2018-01-31,17.4001657,438.4182657,17.011352,0.999042612,0,2,1,2018,1,5,451.4278134,0.044601896,461.0898277
2018-02-01,16.89084224,440.5076938,17.66323407,1.182359568,0,3,2,2018,1,5,450.0888305,-0.029271184,438.4182657
2018-02-02,17.25571742,442.7489432,16.94774925,1.158584685,0,4,2,2018,1,5,449.5897582,0.021601953,440.5076938
2018-02-03,17.47264355,458.6552609,17.48056543,1.0586537,0,5,2,2018,1,5,450.2849858,0.012571261,442.7489432
2018-02-04,17.49008099,433.2592311,18.66708082,1.123033824,0,6,2,2018,1,5,447.1854482,0.000997985,458.6552609
2018-02-05,17.56216185,452.8236848,16.09896803,1.15732731,0,0,2,2018,1,6,446.7861296,0.004121242,433.2592311
2018-02-06,18.18050989,449.6225472,18.29081231,1.133579205,0,1,2,2018,1,6,445.1479467,0.035209107,452.8236848
2018-02-07,17.62352232,460.6198232,16.61764313,1.159205227,0,2,2,2018,1,6,448.3195977,-0.030636521,449.6225472
2018-02-08,17.29842021,452.6320631,16.7441994,1.062839855,0,3,2,2018,1,6,450.0516505,-0.018447056,460.6198232
2018-02-09,17.92692205,434.4624226,18.44475491,1.166135856,0,4,2,2018,1,6,448.8678618,0.036332904,452.6320631
2018-02-10,18.06462421,437.8193236,16.356536,1.115367145,0,5,2,2018,1,6,445.8912994,0.007681305,434.4624226
2018-02-11,16.88171996,441.7128168,17.19850577,1.066530319,0,6,2,2018,1,6,447.0989545,-0.065481808,437.8193236
2018-02-12,17.82047686,443.6634273,17.04864435,1.089222905,0,0,2,2018,1,7,445.7903463,0.055607895,441.7128168
2018-02-13,17.89922774,447.02247,18.50595558,1.104121208,0,1,2,2018,1,7,445.4189067,0.004419123,443.6634273
2018-02-14,17.42732913,439.7574224,16.17807318,0.969473567,0,2,2,2018,1,7,442.4385637,-0.026364189,447.02247
2018-02-15,18.29203197,461.9942802,19.15472665,1.050445486,0,3,2,2018,1,7,443.7760233,0.049617634,439.7574224
2018-02-16,17.5578097,437.9037648,18.0692326,1.120701973,1,4,2,2018,1,7,444.2676436,-0.040138912,461.9942802
2018-02-17,17.72486883,463.9785861,19.39540877,0.979212328,0,5,2,2018,1,7,448.0046811,0.009514805,437.9037648
2018-02-18,17.60536477,463.1614259,19.05335449,1.052419075,0,6,2,2018,1,7,451.0687681,-0.006742169,463.9785861
2018-02-19,17.73007988,459.8624157,16.96166837,1.352975949,0,0,2,2018,1,8,453.3829093,0.007083927,463.1614259
2018-02-20,17.2051046,446.7582099,15.57859104,1.001685625,0,1,2,2018,1,8,453.3451579,-0.029609302,459.8624157
2018-02-21,17.06472294,458.0123339,17.59498723,1.07633008,0,2,2,2018,1,8,455.9530023,-0.008159302,446.7582099
2018-02-22,18.61405385,434.2559241,18.99708413,1.031439753,1,3,2,2018,1,8,451.99038,0.090791448,458.0123339
2018-02-23,17.42591236,462.2662948,15.77891539,1.103224491,0,4,2,2018,1,8,455.4707415,-0.063830346,434.2559241
2018-02-24,17.38681931,452.7981326,16.07473179,1.033519667,0,5,2,2018,1,8,453.8735338,-0.002243386,462.2662948
2018-02-25,16.83946544,452.3652403,17.12473173,1.090787199,0,6,2,2018,1,8,452.3312216,-0.031480966,452.7981326
2018-02-26,17.6308389,440.446214,19.08301093,1.043356818,0,0,2,2018,1,9,449.5574785,0.046995165,452.3652403
2018-02-27,17.32343997,429.6260707,18.7318366,1.220824313,0,1,2,2018,1,9,447.11003,-0.017435298,440.446214
2018-02-28,18.84115483,436.6060042,17.52787002,1.123575245,0,2,2,2018,1,9,444.0519829,0.087610478,429.6260707
2018-03-01,18.56070676,459.6988634,18.13222894,1.015214285,1,3,3,2018,1,9,447.6866886,-0.014884866,436.6060042
2018-03-02,17.74785382,448.7824066,16.12642006,1.199691214,0,4,3,2018,1,9,445.7604188,-0.043794288,459.6988634
2018-03-03,19.25474854,443.7569327,19.13641597,1.01988491,0,5,3,2018,1,9,444.4688188,0.084905744,448.7824066
2018-03-04,18.65647689,455.1694297,19.60080603,0.959403562,0,6,3,2018,1,9,444.8694173,-0.031071383,443.7569327
2018-03-05,18.04069466,469.9201382,19.08695649,1.115607342,0,0,3,2018,1,10,449.0799779,-0.033006351,455.1694297
2018-03-06,16.99136714,470.5291247,16.98793307,1.306738044,0,1,3,2018,1,10,454.9232714,-0.058164474,469.9201382
2018-03-07,19.42493501,435.5552122,17.85489395,0.933345198,0,2,3,2018,1,10,454.7731582,0.143223782,470.5291247
2018-03-08,17.62349582,435.0257015,17.20533952,0.983112829,0,3,3,2018,1,10,451.2484208,-0.092738493,435.5552122
2018-03-09,17.53481603,478.654917,19.0501817,1.191564197,0,4,3,2018,1,10,455.5159223,-0.005031907,435.0257015
2018-03-10,18.9084393,471.0428549,17.88591839,1.052179501,0,5,3,2018,1,10,459.4139112,0.078336908,478.654917
2018-03-11,19.65706454,446.6549356,18.94844486,1.177706508,0,6,3,2018,1,10,458.1975549,0.039592122,471.0428549
2018-03-12,19.16974467,434.6610035,20.11606745,1.03286277,0,0,3,2018,1,11,453.1605356,-0.024791081,446.6549356
2018-03-13,18.80035844,459.002263,19.67863895,1.130907889,0,1,3,2018,1,11,451.5138411,-0.01926923,434.6610035
2018-03-14,18.85694231,448.1627094,20.41151727,1.291259074,0,2,3,2018,1,11,453.3149121,0.003009723,459.002263
2018-03-15,19.02778966,447.4122476,18.60201886,0.997452726,1,3,3,2018,1,11,455.0844187,0.009060183,448.1627094
2018-03-16,19.02240814,457.6655793,19.07794872,1.219387782,0,4,3,2018,1,11,452.0859419,-0.000282824,447.4122476
2018-03-17,18.82573643,453.1983905,18.70296424,1.185082391,0,5,3,2018,1,11,449.5367327,-0.010338949,457.6655793
2018-03-18,18.77976263,438.3749199,20.38637947,0.968287296,1,6,3,2018,1,11,448.3538733,-0.002442072,453.1983905
2018-03-19,18.73920086,447.3352728,19.74860886,1.173201784,0,0,3,2018,1,12,450.1644832,-0.002159866,438.3749199
2018-03-20,18.4366539,458.8520222,19.65878938,1.124692354,0,1,3,2018,1,12,450.1430203,-0.016145137,447.3352728
2018-03-21,18.7167302,456.0859454,17.34329006,1.126621152,0,2,3,2018,1,12,451.2749111,0.015191276,458.8520222
2018-03-22,18.05430294,457.0572773,19.10812066,1.151263518,0,3,3,2018,1,12,452.6527725,-0.035392254,456.0859454
2018-03-23,18.89559641,459.7046604,18.64231517,1.082675187,0,4,3,2018,1,12,452.9440698,0.046597948,457.0572773
2018-03-24,18.49471596,448.895679,16.73157282,1.124821677,0,5,3,2018,1,12,452.3293967,-0.021215549,459.7046604
2018-03-25,18.48171164,454.5008076,16.8556476,1.142057034,0,6,3,2018,1,12,454.633095,-0.000703137,448.895679
2018-03-26,19.16818667,415.6604014,19.85022119,1.192617595,0,0,3,2018,1,13,450.1081133,0.037143477,454.5008076
2018-03-27,19.81920152,441.7972869,19.31187928,0.965395708,0,1,3,2018,1,13,447.6717226,0.033963298,415.6604014
2018-03-28,19.62753584,455.0220247,21.07257616,1.247300411,1,2,3,2018,1,13,447.5197339,-0.009670707,441.7972869
2018-03-29,18.42850962,449.603263,19.29197056,1.002782797,0,3,3,2018,1,13,446.4548747,-0.061088984,455.0220247
2018-03-30,18.76452228,447.2921489,16.96943306,1.194574688,0,4,3,2018,1,13,444.6816588,0.018233306,449.603263
2018-03-31,19.77548115,436.6105698,20.5146424,1.126456361,0,5,3,2018,1,13,442.9266432,0.053876078,447.2921489
2018-04-01,18.85978255,461.7609095,17.69934946,0.990496227,0,6,4,2018,2,13,443.9638006,-0.046304744,436.6105698
2018-04-02,19.28480053,455.2086344,18.98620458,1.171526418,1,0,4,2018,2,14,449.6135481,0.022535677,461.7609095
2018-04-03,19.71838279,455.9302551,20.21029808,1.024271217,0,1,4,2018,2,14,451.6325436,0.022483108,455.2086344
2018-04-04,19.00556152,434.0962676,20.42230389,1.225791447,0,2,4,2018,2,14,448.6431497,-0.036150088,455.9302551
2018-04-05,19.58892443,446.9534524,19.4169254,1.047928417,0,3,4,2018,2,14,448.2646054,0.030694327,434.0962676
2018-04-06,18.91584131,449.2367823,20.08291261,0.969613301,0,4,4,2018,2,14,448.5424102,-0.034360392,446.9534524
2018-04-07,19.32889057,447.2796123,20.42277303,1.272596432,0,5,4,2018,2,14,450.0665591,0.021836156,449.2367823
2018-04-08,19.8362771,441.4989593,19.49722955,1.137444298,0,6,4,2018,2,14,447.1719948,0.026250163,447.2796123
2018-04-09,18.92678087,448.8546617,18.93049114,1.206131054,0,0,4,2018,2,15,446.2642844,-0.045850147,441.4989593
2018-04-10,19.990475,455.6008162,20.79203312,1.034364763,0,1,4,2018,2,15,446.2172217,0.056200478,448.8546617
2018-04-11,19.80743533,428.9963297,17.95008592,0.930430908,0,2,4,2018,2,15,445.4886591,-0.009156344,455.6008162
2018-04-12,20.1405609,464.3355774,21.71479312,1.287232214,0,3,4,2018,2,15,447.9718198,0.016818208,428.9963297
2018-04-13,20.02336817,452.0885525,21.10389383,1.1191693,0,4,4,2018,2,15,448.3792156,-0.005818742,464.3355774
2018-04-14,20.64059837,443.840349,19.60615714,1.169047181,0,5,4,2018,2,15,447.8878923,0.030825493,452.0885525
2018-04-15,20.06826768,456.2914662,21.9995573,1.185671579,0,6,4,2018,2,15,450.0011075,-0.027728396,443.840349
2018-04-16,19.83807854,433.9516482,18.56602267,1.086572906,0,0,4,2018,2,16,447.8721056,-0.011470304,456.2914662
2018-04-17,20.16104292,440.302208,21.83072676,1.142834976,0,1,4,2018,2,16,445.6865901,0.016280023,433.9516482
2018-04-18,20.41863139,444.542678,19.70182904,1.27970729,0,2,4,2018,2,16,447.907497,0.012776545,440.302208
2018-04-19,20.21846434,460.5001396,21.28254882,1.117167918,0,3,4,2018,2,16,447.3595773,-0.009803157,444.542678
2018-04-20,20.2613342,446.2535963,20.08456051,1.214722183,0,4,4,2018,2,16,446.5260122,0.002120332,460.5001396
2018-04-21,19.93698707,452.9273237,20.87987652,0.921487363,0,5,4,2018,2,16,447.8241514,-0.016008182,446.2535963
2018-04-22,20.00340595,442.283472,18.62630366,1.233088134,0,6,4,2018,2,16,445.8230094,0.00333144,452.9273237
2018-04-23,19.68034463,454.7456656,18.77310616,0.968611651,0,0,4,2018,2,17,448.7935833,-0.016150316,442.283472
2018-04-24,21.30313231,458.6164725,19.59827596,1.221852974,0,1,4,2018,2,17,451.4099068,0.08245728,454.7456656
2018-04-25,19.85300328,459.128849,21.30284421,1.160075223,0,2,4,2018,2,17,453.4936455,-0.068071165,458.6164725
2018-04-26,20.17495605,446.8262062,19.35300005,1.111520044,0,3,4,2018,2,17,451.5402265,0.01621683,459.128849
2018-04-27,20.2085501,454.3027364,20.99456663,1.111253299,0,4,4,2018,2,17,452.6901036,0.001665136,446.8262062
2018-04-28,21.06142089,449.131757,22.41028357,1.096039022,0,5,4,2018,2,17,452.1478798,0.042203463,454.3027364
2018-04-29,20.51253731,451.2380739,22.15935862,1.039345189,0,6,4,2018,2,17,453.4271087,-0.02606109,449.131757
2018-04-30,21.32977376,453.2748161,19.65025507,1.100914523,0,0,4,2018,2,18,453.2169873,0.039840827,451.2380739
2018-05-01,20.41487378,457.8418999,22.01954383,1.342418069,0,1,5,2018,2,18,453.1063341,-0.042893094,453.2748161
2018-05-02,20.93664705,442.9820813,19.6689447,1.251942842,1,2,5,2018,2,18,450.799653,0.025558486,457.8418999
2018-05-03,20.4248106,453.2951185,21.39254634,1.034711863,0,3,5,2018,2,18,451.7237833,-0.024446916,442.9820813
2018-05-04,21.96018493,435.4300505,22.96529828,1.148680931,0,4,5,2018,2,18,449.0276853,0.075172023,453.2951185
2018-05-05,20.33871835,438.197215,18.33943511,1.131610118,0,5,5,2018,2,18,447.4656079,-0.073836654,435.4300505
2018-05-06,21.13210497,440.8237349,19.951344,1.107882867,0,6,5,2018,2,18,445.9778452,0.039008684,438.197215
2018-05-07,21.33851897,441.7795457,21.3039869,1.021934466,0,0,5,2018,2,19,444.3356637,0.009767791,440.8237349
2018-05-08,21.27271386,426.3093235,20.9324981,1.16690203,0,1,5,2018,2,19,439.8310099,-0.003083865,441.7795457
2018-05-09,21.01709124,452.8584066,22.77653064,1.207019404,1,2,5,2018,2,19,441.2419135,-0.012016456,426.3093235
2018-05-10,21.08847161,416.274811,20.49690147,1.039122383,0,3,5,2018,2,19,435.9532982,0.003396301,452.8584066
2018-05-11,21.21864995,470.4932789,23.07309085,1.318166403,0,4,5,2018,2,19,440.9623308,0.006172962,416.274811
2018-05-12,21.16631013,458.6715837,20.99456381,1.274912596,0,5,5,2018,2,19,443.8872406,-0.002466689,470.4932789
2018-05-13,21.76451164,438.0957274,23.78579445,1.177628837,0,6,5,2018,2,19,443.4975253,0.028261965,458.6715837
2018-05-14,22.43027802,437.5133205,23.49506489,0.999740321,0,0,5,2018,2,20,442.8880645,0.030589539,438.0957274
2018-05-15,21.08838806,447.1983422,22.4774152,1.163153164,0,1,5,2018,2,20,445.87221,-0.059824936,437.5133205
2018-05-16,20.72401252,440.1370552,19.08630526,1.151310111,1,2,5,2018,2,20,444.0548741,-0.017278492,447.1983422
2018-05-17,21.40620534,444.5800839,21.77499758,1.174527849,0,3,5,2018,2,20,448.0984845,0.032917989,440.1370552
2018-05-18,22.78127546,434.3727776,21.15332716,1.282358758,0,4,5,2018,2,20,442.9384129,0.064236987,444.5800839
2018-05-19,21.13028988,443.1572504,20.2750245,1.105814936,0,5,5,2018,2,20,440.7220796,-0.072471165,434.3727776
2018-05-20,22.39201384,439.6362763,22.94538949,1.328295009,0,6,5,2018,2,20,440.942158,0.059711625,443.1572504
2018-05-21,22.45124605,424.4185688,23.46705584,1.164262796,0,0,5,2018,2,21,439.0714792,0.002645238,439.6362763
2018-05-22,21.37514382,443.3564306,19.40514123,1.094666054,0,1,5,2018,2,21,438.5226347,-0.047930624,424.4185688
2018-05-23,21.9755641,441.6175169,22.11156529,1.363750102,0,2,5,2018,2,21,438.7341292,0.028089649,443.3564306
2018-05-24,22.54398816,438.451854,22.83847571,1.206901581,0,3,5,2018,2,21,437.8586678,0.025866188,441.6175169
2018-05-25,21.57851639,439.8528781,19.760863,1.078539013,0,4,5,2018,2,21,438.6415393,-0.04282613,438.451854
2018-05-26,21.70414415,452.780123,21.70713079,1.13253407,0,5,5,2018,2,21,440.0162354,0.005821891,439.8528781
2018-05-27,21.55250227,438.6397564,22.47426952,1.187735723,0,6,5,2018,2,21,439.8738754,-0.006986771,452.780123
2018-05-28,21.37291785,445.3620184,19.46315054,1.109226329,0,0,5,2018,2,22,442.8657968,-0.008332416,438.6397564
2018-05-29,21.59214691,454.9781723,22.71609492,1.137803228,0,1,5,2018,2,22,444.5260456,0.010257329,445.3620184
2018-05-30,21.34083197,442.4786201,21.66703301,1.042792091,0,2,5,2018,2,22,444.6490603,-0.011639182,454.9781723
2018-05-31,22.00537835,442.1029189,23.47193651,0.956093008,0,3,5,2018,2,22,445.170641,0.031139666,442.4786201
2018-06-01,21.63839381,440.8360253,20.4182592,1.135354404,0,4,6,2018,2,22,445.3110906,-0.016677038,442.1029189
2018-06-02,22.17481786,451.4961382,23.65287451,1.138815263,1,5,6,2018,2,22,445.1276642,0.024790382,440.8360253
2018-06-03,21.3140137,440.8519301,19.58570711,1.17762445,0,6,6,2018,2,22,445.4436891,-0.038818996,451.4961382
2018-06-04,22.29092199,451.3789204,21.86217704,1.067393531,0,0,6,2018,2,23,446.3032465,0.045834084,440.8519301
2018-06-05,22.57524217,436.0866609,21.21840144,0.991057082,1,1,6,2018,2,23,443.6044591,0.012754976,451.3789204
2018-06-06,21.194073,435.4305802,22.78795559,1.028680074,0,2,6,2018,2,23,442.5975963,-0.061180702,436.0866609
2018-06-07,22.40989155,444.734634,23.32833772,1.230875907,0,3,6,2018,2,23,442.9735556,0.05736597,435.4305802
2018-06-08,22.86807164,432.5961673,20.69725946,1.05875141,0,4,6,2018,2,23,441.796433,0.02044544,444.734634
2018-06-09,21.6802342,447.7779119,19.5535045,1.081304453,0,5,6,2018,2,23,441.2652578,-0.051943052,432.5961673
2018-06-10,23.15159456,406.9109541,22.18501203,1.094371205,0,6,6,2018,2,23,436.416547,0.067866442,447.7779119
2018-06-11,22.55450014,437.2294466,20.94538593,1.063784954,0,0,6,2018,2,24,434.3951936,-0.025790639,406.9109541
2018-06-12,22.02158827,435.230852,22.59549058,1.056491499,0,1,6,2018,2,24,434.2729352,-0.02362774,437.2294466
2018-06-13,22.37472733,427.4116027,23.10770968,1.038800235,0,2,6,2018,2,24,433.1273669,0.01603604,435.230852
2018-06-14,22.70970007,430.8179247,24.71701456,1.266078259,0,3,6,2018,2,24,431.1392656,0.014971031,427.4116027
2018-06-15,22.49586424,431.6615209,24.52966999,1.19412268,1,4,6,2018,2,24,431.0057447,-0.009416057,430.8179247
2018-06-16,22.7539579,435.6052951,23.47706369,1.250994699,0,5,6,2018,2,24,429.2667994,0.011472938,431.6615209
2018-06-17,22.05034832,425.9050368,19.87034113,1.271246607,0,6,6,2018,2,24,431.9802398,-0.030922514,435.6052951
2018-06-18,22.62085114,439.8616579,21.98293371,0.891424662,0,0,6,2018,2,25,432.35627,0.025872735,425.9050368
2018-06-19,21.85417321,454.165624,21.91161259,1.160858115,0,1,6,2018,2,25,435.0612374,-0.033892533,439.8616579
2018-06-20,22.52964513,439.9046024,22.52594917,1.067994798,0,2,6,2018,2,25,436.8459517,0.030908143,454.165624
2018-06-21,22.15689404,447.0161957,22.61483551,1.238393636,1,3,6,2018,2,25,439.1599904,-0.016544916,439.9046024
2018-06-22,22.26402877,449.3015343,24.31477506,1.052665561,1,4,6,2018,2,25,441.6799923,0.004835277,447.0161957
2018-06-23,23.27213672,445.6435775,25.06498812,1.021497716,0,5,6,2018,2,25,443.1140327,0.045279673,449.3015343
2018-06-24,23.2213866,452.1951721,21.40504705,0.983608115,0,6,6,2018,2,25,446.8697663,-0.002180725,445.6435775
2018-06-25,23.00128167,429.5616836,21.92473148,1.09684522,0,0,6,2018,2,26,445.3983414,-0.009478544,452.1951721
2018-06-26,22.1708718,431.4783498,23.64793704,1.218707248,0,1,6,2018,2,26,442.1573022,-0.036102765,429.5616836
2018-06-27,22.578469,444.4153416,24.0429397,1.152929453,0,2,6,2018,2,26,442.8016935,0.018384356,431.4783498
2018-06-28,23.36219176,439.6982616,22.31262532,1.007147915,0,3,6,2018,2,26,441.7562744,0.034711067,444.4153416
2018-06-29,22.844791,442.9109325,23.89833807,1.34277866,0,4,6,2018,2,26,440.8433313,-0.022146927,439.6982616
2018-06-30,23.95120238,448.4645738,24.77530279,1.192566625,0,5,6,2018,2,26,441.2463307,0.04843167,442.9109325
2018-07-01,23.00511269,434.3635756,22.88329586,1.205453783,0,6,7,2018,3,26,438.6989598,-0.039500718,448.4645738
2018-07-02,22.92070141,438.8792316,21.55212903,1.256315664,0,0,7,2018,3,27,440.0300381,-0.00366924,434.3635756
2018-07-03,22.68564461,425.9328571,24.44896882,0.963891232,0,1,7,2018,3,27,439.2378248,-0.010255218,438.8792316
2018-07-04,22.92179836,455.8510303,23.73713216,1.036869387,0,2,7,2018,3,27,440.8714946,0.010409832,425.9328571
2018-07-05,22.79291349,431.7167034,21.28399037,1.210413947,0,3,7,2018,3,27,439.731272,-0.005622808,455.8510303
