price-elasticity-demand/time-series-analysis/ARIMA/time_series_dataset.csv
date,price,demand,competitor_price,economic_index,promotion,day_of_week,month,year,quarter,week_of_year,demand_moving_avg,price_change,demand_lag_1
2018-07-06,23.23661518,429.7194574,24.18839784,1.047138988,0,4,7,2018,3,27,437.8467756,0.019466651,431.7167034
2018-07-07,23.37361307,428.5851666,24.50224874,1.100811484,0,5,7,2018,3,27,435.0068603,0.005895776,429.7194574
2018-07-08,22.51425374,429.8346102,24.25631792,1.120638776,0,6,7,2018,3,27,434.3598652,-0.036766217,428.5851666
2018-07-09,22.25290109,430.228139,21.01937496,1.000772312,0,0,7,2018,3,28,433.1239948,-0.011608319,429.8346102
2018-07-10,22.01096373,433.4254046,24.16255351,1.092531143,0,1,7,2018,3,28,434.1943588,-0.010872172,430.228139
2018-07-11,23.19288809,419.0231938,21.58512657,1.220163193,0,2,7,2018,3,28,428.9332393,0.053697074,433.4254046
2018-07-12,22.39630985,428.7372717,22.84732178,1.20175827,0,3,7,2018,3,28,428.5076062,-0.034345797,419.0231938
2018-07-13,21.87992107,458.5865146,22.56772298,1.240214357,1,4,7,2018,3,28,432.6314715,-0.023056869,428.7372717
2018-07-14,23.1582993,439.9841176,22.78291667,1.230000489,0,5,7,2018,3,28,434.2598931,0.058427004,458.5865146
2018-07-15,24.21742191,436.5116567,24.09651744,1.169700304,0,6,7,2018,3,28,435.2137569,0.045734041,439.9841176
2018-07-16,22.97406567,445.1602371,24.77022452,1.161880771,0,0,7,2018,3,29,437.3469137,-0.051341395,436.5116567
2018-07-17,23.40179079,449.5077168,24.08172622,1.154646007,0,1,7,2018,3,29,439.6443869,0.018617737,445.1602371
2018-07-18,23.02816832,415.2352034,23.01435583,1.066708225,0,2,7,2018,3,29,439.1032454,-0.015965551,449.5077168
2018-07-19,22.94177983,420.9955866,21.23651533,1.026518479,0,3,7,2018,3,29,437.9972904,-0.003751427,415.2352034
2018-07-20,23.45399574,422.6072525,21.14301549,1.060653227,0,4,7,2018,3,29,432.8573958,0.022326773,420.9955866
2018-07-21,22.85181407,428.8673585,21.13778459,1.09711004,0,5,7,2018,3,29,431.2692874,-0.025675014,422.6072525
2018-07-22,23.13240175,429.0633948,25.24293069,1.064230387,0,6,7,2018,3,29,430.2052499,0.012278574,428.8673585
2018-07-23,23.16056872,427.3639642,24.38384873,1.171296165,0,0,7,2018,3,30,427.6629252,0.001217641,429.0633948
2018-07-24,22.66594852,436.4035348,24.78347544,1.150202523,0,1,7,2018,3,30,425.7908992,-0.021356134,427.3639642
2018-07-25,23.4955485,430.3171274,21.31379279,1.161045361,0,2,7,2018,3,30,427.9454598,0.036601159,436.4035348
2018-07-26,22.91084079,425.5592185,23.73664099,1.165353828,0,3,7,2018,3,30,428.5974072,-0.024885893,430.3171274
2018-07-27,22.61850149,412.3917602,20.55702198,1.249879425,1,4,7,2018,3,30,427.1380512,-0.012759868,425.5592185
2018-07-28,23.26194294,420.8974734,24.57417924,1.129555752,0,5,7,2018,3,30,425.9994962,0.028447572,412.3917602
2018-07-29,22.54102918,428.8326013,22.00432805,1.231349995,0,6,7,2018,3,30,425.9665257,-0.030991124,420.8974734
2018-07-30,23.00019095,429.4507861,21.14069617,1.182271597,0,0,7,2018,3,31,426.2646431,0.020370045,428.8326013
2018-07-31,22.97664115,420.6332036,23.28933781,1.243676425,0,1,7,2018,3,31,424.0117386,-0.001023896,429.4507861
2018-08-01,23.518513,424.2011545,22.48426379,1.292276065,0,2,8,2018,3,31,423.1380282,0.023583597,420.6332036
2018-08-02,23.20654457,419.2460436,23.94717653,1.188578049,0,3,8,2018,3,31,422.2361461,-0.013264802,424.2011545
2018-08-03,22.94957947,430.4675661,23.67558831,1.141389926,0,4,8,2018,3,31,424.8184041,-0.011072959,419.2460436
2018-08-04,23.36314259,418.8102122,24.32106636,1.140843893,0,5,8,2018,3,31,424.5202239,0.01802051,430.4675661
2018-08-05,23.64080064,419.5451397,25.96925439,1.084196513,0,6,8,2018,3,31,423.1934437,0.011884448,418.8102122
2018-08-06,23.21531249,416.9543109,22.68924288,1.080935917,0,0,8,2018,3,32,421.4082329,-0.017998043,419.5451397
2018-08-07,22.93156946,429.8025647,22.77249534,1.221624858,0,1,8,2018,3,32,422.7181417,-0.012222236,416.9543109
2018-08-08,22.25973866,425.908136,23.61585404,1.035146122,0,2,8,2018,3,32,422.9619962,-0.029297201,429.8025647
2018-08-09,22.37164404,442.9550063,22.72229729,1.293090425,1,3,8,2018,3,32,426.3489908,0.005027255,425.908136
2018-08-10,22.73941589,435.9790775,20.63491575,1.116540846,0,4,8,2018,3,32,427.1363496,0.016439197,442.9550063
2018-08-11,22.57438581,431.9176757,24.12334319,1.418020971,0,5,8,2018,3,32,429.0088444,-0.007257446,435.9790775
2018-08-12,22.77205941,423.5216445,20.72939967,1.062601649,0,6,8,2018,3,32,429.5769165,0.008756544,431.9176757
2018-08-13,22.87956599,434.6310517,21.37326751,1.157032093,0,0,8,2018,3,33,432.1021652,0.004720986,423.5216445
2018-08-14,23.10107973,436.4903852,21.26260325,1.096928284,0,1,8,2018,3,33,433.0575682,0.009681728,434.6310517
2018-08-15,22.78527636,432.4525933,20.86186697,1.052904812,0,2,8,2018,3,33,433.9924906,-0.013670503,436.4903852
2018-08-16,23.0473729,445.6137861,20.86102939,1.238693266,1,3,8,2018,3,33,434.3723163,0.011502891,432.4525933
2018-08-17,22.8192636,435.1734587,20.78847562,1.021857822,0,4,8,2018,3,33,434.2572279,-0.00989741,445.6137861
2018-08-18,21.78150963,444.7599351,21.53075736,1.064905801,0,5,8,2018,3,33,436.0918364,-0.045477102,435.1734587
2018-08-19,22.28110833,434.3177727,21.17976326,1.191245232,0,6,8,2018,3,33,437.6341404,0.022936826,444.7599351
2018-08-20,22.65958652,437.7008685,20.96708256,1.207209352,0,0,8,2018,3,34,438.0726857,0.016986506,434.3177727
2018-08-21,22.10696307,425.5922784,22.80866258,0.993624739,0,1,8,2018,3,34,436.5158133,-0.024388064,437.7008685
2018-08-22,22.99128571,424.4055022,21.73187785,1.19108098,0,2,8,2018,3,34,435.3662288,0.040001996,425.5922784
2018-08-23,23.4355435,430.1111055,21.1808059,1.145903293,0,3,8,2018,3,34,433.1515602,0.019322877,424.4055022
2018-08-24,23.25773678,430.7750422,22.87826255,1.041340976,0,4,8,2018,3,34,432.5232149,-0.007587053,430.1111055
2018-08-25,22.51916863,435.9688268,21.66539034,1.054325168,0,5,8,2018,3,34,431.2673423,-0.031755805,430.7750422
2018-08-26,23.34813931,437.5958874,22.50108951,0.929968189,0,6,8,2018,3,34,431.7356444,0.03681178,435.9688268
2018-08-27,22.65335382,415.6585665,22.40539034,1.305157784,0,0,8,2018,3,35,428.5867442,-0.029757638,437.5958874
2018-08-28,22.3860845,421.3407868,23.14234879,1.235055393,0,1,8,2018,3,35,427.9793882,-0.011798223,415.6585665
2018-08-29,22.2229031,434.0359346,22.74060394,1.00469886,0,2,8,2018,3,35,429.3551643,-0.007289412,421.3407868
2018-08-30,22.35272227,423.6847727,24.30751973,1.213604139,0,3,8,2018,3,35,428.4371167,0.005841684,434.0359346
2018-08-31,22.28360345,464.8872966,22.36256168,1.076411147,0,4,8,2018,3,35,433.3102959,-0.003092188,423.6847727
2018-09-01,22.53602325,434.8386431,22.41239022,1.225394445,0,5,9,2018,3,35,433.1488411,0.011327603,464.8872966
2018-09-02,22.5036206,428.8924107,21.21377803,1.084406044,0,6,9,2018,3,35,431.9054873,-0.001437816,434.8386431
2018-09-03,22.39677704,424.8858372,23.5407206,1.097778002,0,0,9,2018,3,36,433.2236688,-0.004747839,428.8924107
2018-09-04,22.58505243,424.1264638,20.96243284,1.105378695,0,1,9,2018,3,36,433.6216227,0.008406361,424.8858372
2018-09-05,22.93265176,427.3187775,22.89198249,1.068577897,0,2,9,2018,3,36,432.6620288,0.015390681,424.1264638
2018-09-06,22.78227415,428.7147134,22.4237823,1.274340579,0,3,9,2018,3,36,433.3805917,-0.006557358,427.3187775
2018-09-07,21.5346471,429.0900341,22.21643781,1.224366151,0,4,9,2018,3,36,428.2666971,-0.05476306,428.7147134
2018-09-08,20.96917258,433.57524,22.72060791,1.145608315,1,5,9,2018,3,36,428.0862109,-0.026258825,429.0900341
2018-09-09,22.68177584,441.0073311,24.70769206,1.237170288,0,6,9,2018,3,36,429.8169139,0.081672429,433.57524
2018-09-10,21.49911275,447.1419719,20.07070855,0.97210631,0,0,9,2018,3,37,432.9963617,-0.052141556,441.0073311
2018-09-11,22.03756699,432.9425015,20.98777319,1.012067613,0,1,9,2018,3,37,434.2557957,0.025045417,447.1419719
2018-09-12,21.53176019,419.3545056,22.87377159,1.182468978,0,2,9,2018,3,37,433.1180425,-0.022952025,432.9425015
2018-09-13,21.18217111,439.7143907,21.25961212,1.208667167,1,3,9,2018,3,37,434.689425,-0.016235973,419.3545056
2018-09-14,22.31972322,443.9971449,22.11007213,1.163154276,0,4,9,2018,3,37,436.8190123,0.053703282,439.7143907
2018-09-15,22.39389431,441.5924165,23.33723913,0.947044064,0,5,9,2018,3,37,437.9643232,0.003323119,443.9971449
2018-09-16,21.69088929,438.5634554,22.13305787,1.029180089,0,6,9,2018,3,37,437.6151981,-0.031392709,441.5924165
2018-09-17,20.64796269,450.4660592,22.59181994,1.177172738,0,0,9,2018,3,38,438.0900677,-0.048081321,438.5634554
2018-09-18,21.63422134,431.6508199,21.99756658,1.37826079,0,1,9,2018,3,38,437.9055418,0.047765422,450.4660592
2018-09-19,22.06663459,435.0408301,21.91646596,1.257504838,0,2,9,2018,3,38,440.1464453,0.019987465,431.6508199
2018-09-20,21.09420415,426.6175427,21.27484379,1.293544011,0,3,9,2018,3,38,438.275467,-0.044067908,435.0408301
2018-09-21,21.88781473,432.18171,23.2384672,1.169886134,0,4,9,2018,3,38,436.5875477,0.03762221,426.6175427
2018-09-22,21.75051143,443.0411963,22.24065945,1.169262699,0,5,9,2018,3,38,436.7945162,-0.006273048,432.18171
2018-09-23,22.00940979,422.3558897,22.65669813,1.032765065,0,6,9,2018,3,38,434.4791497,0.011903093,443.0411963
2018-09-24,21.7407275,420.7763505,23.79061235,1.231395827,0,0,9,2018,3,39,430.2377627,-0.01220761,422.3558897
2018-09-25,21.1551613,433.0892505,21.65609641,1.128995461,0,1,9,2018,3,39,430.4432528,-0.026934067,420.7763505
2018-09-26,22.20033482,424.4161207,21.66879331,1.205686879,0,2,9,2018,3,39,428.9254372,0.049405131,433.0892505
2018-09-27,21.48274223,436.5549441,22.30478377,1.139582287,0,3,9,2018,3,39,430.345066,-0.032323503,424.4161207
2018-09-28,21.50792721,425.196228,22.19385543,1.164525504,0,4,9,2018,3,39,429.34714,0.001172335,436.5549441
2018-09-29,21.01414246,449.1719529,18.97092745,1.12794086,0,5,9,2018,3,39,430.2229623,-0.022958268,425.196228
2018-09-30,21.21796685,417.8600204,21.07932567,1.159276151,0,6,9,2018,3,39,429.5806953,0.009699391,449.1719529
2018-10-01,20.95568287,444.3924406,21.97372505,1.236921347,0,0,10,2018,4,40,432.9544225,-0.012361409,417.8600204
2018-10-02,21.26974243,422.4217477,21.26566484,1.010390748,0,1,10,2018,4,40,431.4304935,0.014986844,444.3924406
2018-10-03,22.16986624,407.3938006,23.40969888,0.987821469,0,2,10,2018,4,40,428.9987335,0.04231945,422.4217477
2018-10-04,20.58553369,435.4366197,20.38331662,1.179800179,0,3,10,2018,4,40,428.8389728,-0.071463334,407.3938006
2018-10-05,20.42186204,431.111303,22.39592744,1.281371161,0,4,10,2018,4,40,429.6839836,-0.007950809,435.4366197
2018-10-06,21.92108317,414.8449278,21.01307503,1.306688203,0,5,10,2018,4,40,424.7801228,0.073412558,431.111303
2018-10-07,21.03739888,413.3240147,19.321263,1.01507273,0,6,10,2018,4,40,424.132122,-0.040312073,414.8449278
2018-10-08,20.76380521,431.1990899,20.47316094,1.097326378,0,0,10,2018,4,41,422.2473576,-0.013005109,413.3240147
2018-10-09,21.57430373,436.7641338,21.75427237,0.989792246,0,1,10,2018,4,41,424.2962699,0.0390342,431.1990899
2018-10-10,20.70729323,436.9645349,20.08232116,1.082752619,0,2,10,2018,4,41,428.5206606,-0.040187183,436.7641338
2018-10-11,21.87860619,425.598316,20.75090039,1.250198601,0,3,10,2018,4,41,427.1151886,0.056565238,436.9645349
2018-10-12,21.25982631,432.6850797,21.99141389,1.136724623,0,4,10,2018,4,41,427.3400138,-0.028282418,425.598316
2018-10-13,20.63194246,430.5339868,20.12491289,1.100726403,0,5,10,2018,4,41,429.581308,-0.029533819,432.6850797
2018-10-14,21.9093709,409.8905071,22.48501126,1.192722397,0,6,10,2018,4,41,429.0908069,0.061915083,430.5339868
2018-10-15,20.48247295,416.880731,21.62568763,1.058808622,0,0,10,2018,4,42,427.0453271,-0.06512729,409.8905071
2018-10-16,21.11079791,425.6824694,22.21279266,1.297711678,0,1,10,2018,4,42,425.4622321,0.030676226,416.880731
2018-10-17,20.84363377,427.2082377,20.32383236,1.139242349,1,2,10,2018,4,42,424.0684754,-0.012655331,425.6824694
2018-10-18,21.29892411,434.8116363,21.58815596,1.098434437,0,3,10,2018,4,42,425.384664,0.021843137,427.2082377
2018-10-19,21.38271512,433.2180924,21.16742635,1.197398795,0,4,10,2018,4,42,425.4608087,0.003934049,434.8116363
2018-10-20,20.5717191,435.5122706,22.0973394,1.232742497,1,5,10,2018,4,42,426.1719921,-0.037927645,433.2180924
2018-10-21,20.13262846,428.6132004,21.65770921,1.298511415,0,6,10,2018,4,42,428.8466625,-0.021344383,435.5122706
2018-10-22,20.69281813,414.5669247,20.04613273,1.118017011,0,0,10,2018,4,43,428.5161188,0.027824965,428.6132004
2018-10-23,20.07735482,435.3285845,18.4379884,1.247719564,0,1,10,2018,4,43,429.8941352,-0.029742846,414.5669247
2018-10-24,21.37618386,429.7212836,19.95502027,1.149335083,0,2,10,2018,4,43,430.2531418,0.064691243,435.3285845
2018-10-25,20.39094445,405.2650975,19.84855243,1.078175929,0,3,10,2018,4,43,426.0322077,-0.046090519,429.7212836
2018-10-26,20.09312292,422.0495343,20.35131937,1.061732788,0,4,10,2018,4,43,424.4366994,-0.014605578,405.2650975
2018-10-27,20.32116271,422.0943514,20.95838158,1.029815607,0,5,10,2018,4,43,422.5198538,0.011349146,422.0495343
2018-10-28,19.5082418,434.003971,18.85031092,1.065444562,0,6,10,2018,4,43,423.2899639,-0.040003661,422.0943514
2018-10-29,19.64893544,423.8331668,20.30717132,1.251284634,0,0,10,2018,4,44,424.6137127,0.007212011,434.003971
2018-10-30,20.68785368,426.0394156,22.49903383,1.210484942,0,1,10,2018,4,44,423.2866886,0.052874022,423.8331668
2018-10-31,19.71208223,428.9416715,20.31138522,1.015792826,0,2,10,2018,4,44,423.1753155,-0.047166394,426.0394156
2018-11-01,19.46994651,430.412438,18.14040317,0.965374909,0,3,11,2018,4,44,426.7677927,-0.012283619,428.9416715
2018-11-02,20.21460264,420.8617833,20.53669772,1.028884696,0,4,11,2018,4,44,426.5981139,0.03824644,430.412438
2018-11-03,20.49201586,419.9927347,20.66372058,1.062540401,0,5,11,2018,4,44,426.297883,0.013723407,420.8617833
2018-11-04,20.21155285,416.725016,21.71003783,1.10998746,0,6,11,2018,4,44,423.8294609,-0.013686453,419.9927347
2018-11-05,20.30304895,430.6125381,19.69518807,1.257700394,0,0,11,2018,4,45,424.7979425,0.004526921,416.725016
2018-11-06,19.37962459,436.8805508,19.08096756,1.085742366,0,1,11,2018,4,45,426.3466761,-0.045482053,430.6125381
2018-11-07,19.00017355,425.100031,19.37508138,1.308664057,0,2,11,2018,4,45,425.7978703,-0.019579897,436.8805508
2018-11-08,20.41487375,440.6774432,20.51460168,0.972694082,0,3,11,2018,4,45,427.2642996,0.074457225,425.100031
2018-11-09,19.45607792,426.856252,20.3083187,1.105950829,0,4,11,2018,4,45,428.1206523,-0.046965553,440.6774432
2018-11-10,19.44530666,445.0941468,17.65785126,1.219468958,1,5,11,2018,4,45,431.7065683,-0.000553619,426.856252
2018-11-11,20.18823151,419.3914955,20.44468673,1.225734627,0,6,11,2018,4,45,432.0874939,0.038205869,445.0941468
2018-11-12,19.75577815,407.4433008,18.26094492,1.107542716,0,0,11,2018,4,46,428.7776028,-0.021421062,419.3914955
2018-11-13,19.65926464,431.9466229,18.93269358,1.241389465,0,1,11,2018,4,46,428.072756,-0.004885331,407.4433008
2018-11-14,20.46761988,426.1002828,21.12924331,1.222533776,0,2,11,2018,4,46,428.2156491,0.041118285,431.9466229
2018-11-15,19.01730929,430.9412611,17.71429727,1.073202675,0,3,11,2018,4,46,426.824766,-0.070858781,426.1002828
2018-11-16,19.75710127,420.2059628,19.00175502,1.173006998,0,4,11,2018,4,46,425.8747246,0.038900981,430.9412611
2018-11-17,19.275975,428.4171174,20.05860458,1.21197549,1,5,11,2018,4,46,423.4922919,-0.024352068,420.2059628
2018-11-18,19.33623752,423.0768605,19.91943872,1.080660695,1,6,11,2018,4,46,424.0187726,0.003126302,428.4171174
2018-11-19,19.92084549,421.9698655,18.29147838,1.311246726,0,0,11,2018,4,47,426.0939961,0.030233802,423.0768605
2018-11-20,19.36540719,435.91285,19.66467435,1.058377997,0,1,11,2018,4,47,426.6606,-0.027882266,421.9698655
2018-11-21,19.33573465,429.2120767,17.97161582,1.15642349,0,2,11,2018,4,47,427.105142,-0.001532244,435.91285
2018-11-22,19.55816793,432.0813165,18.58914434,1.01713648,0,3,11,2018,4,47,427.2680071,0.011503741,429.2120767
2018-11-23,18.79500693,427.2020486,18.64168207,1.152550241,0,4,11,2018,4,47,428.2674479,-0.039020066,432.0813165
2018-11-24,18.51369983,427.2292939,17.0672127,1.03560691,0,5,11,2018,4,47,428.0977588,-0.014967119,427.2020486
2018-11-25,18.36698468,419.5694992,20.18034594,1.113001327,0,6,11,2018,4,47,427.5967072,-0.00792468,427.2292939
2018-11-26,17.86256968,429.6464091,16.66709777,0.983854495,0,0,11,2018,4,48,428.6933563,-0.027463136,419.5694992
2018-11-27,19.83049508,390.0154835,20.94620882,1.222595601,1,1,11,2018,4,48,422.1365897,0.110170342,429.6464091
2018-11-28,18.20772643,425.1568499,19.40884952,1.178342276,0,2,11,2018,4,48,421.5572715,-0.081831979,390.0154835
2018-11-29,18.60594908,427.9669393,20.44594337,1.251555337,0,3,11,2018,4,48,420.9695034,0.02187108,425.1568499
2018-11-30,18.53573125,434.49037,18.27123829,1.108133775,0,4,11,2018,4,48,422.0106921,-0.003773945,427.9669393
2018-12-01,18.78573045,424.6328717,20.19125821,1.256399038,0,5,12,2018,4,48,421.6397747,0.013487421,434.49037
2018-12-02,18.99812251,429.4495997,20.73660057,1.147042276,0,6,12,2018,4,48,423.0512176,0.011306031,424.6328717
2018-12-03,18.97906535,403.9846097,17.73743267,1.154531067,0,0,12,2018,4,49,419.3852463,-0.001003107,429.4495997
2018-12-04,18.21622272,428.7418708,18.14130336,1.354719664,0,1,12,2018,4,49,424.9175873,-0.040193899,403.9846097
2018-12-05,18.38350167,411.3915412,16.7657933,1.094946745,0,2,12,2018,4,49,422.9511146,0.009182966,428.7418708
2018-12-06,18.5680319,414.8928136,19.01635336,1.266260255,0,3,12,2018,4,49,421.0833824,0.010037817,411.3915412
2018-12-07,18.26246402,426.343181,18.55979942,1.191582855,0,4,12,2018,4,49,419.9194982,-0.016456665,414.8928136
2018-12-08,19.15094813,436.245433,18.0176957,1.086523882,0,5,12,2018,4,49,421.5784356,0.048650834,426.343181
2018-12-09,18.55363645,429.8910369,19.65907234,1.012245292,1,6,12,2018,4,49,421.641498,-0.031189666,436.245433
2018-12-10,18.63687902,425.6539358,16.91210565,1.040605886,0,0,12,2018,4,50,424.737116,0.004486591,429.8910369
2018-12-11,18.56259899,425.355855,19.69947399,1.257081881,0,1,12,2018,4,50,424.2533995,-0.003985648,425.6539358
