price-elasticity-demand/time-series-analysis/ARIMA/time_series_dataset.csv
date,price,demand,competitor_price,economic_index,promotion,day_of_week,month,year,quarter,week_of_year,demand_moving_avg,price_change,demand_lag_1
2018-12-12,18.78005003,417.0350224,17.00212501,1.317554364,0,2,12,2018,4,50,425.0596111,0.011714472,425.355855
2018-12-13,18.24642449,421.1062991,18.81873751,1.153358412,0,3,12,2018,4,50,425.9472519,-0.02841449,417.0350224
2018-12-14,17.47055344,434.405241,15.9987275,1.158702608,1,4,12,2018,4,50,427.0989748,-0.042521813,421.1062991
2018-12-15,18.2823333,411.9242778,17.37269771,1.222059785,0,5,12,2018,4,50,423.624524,0.046465607,434.405241
2018-12-16,17.720804,434.220693,18.5073006,1.151844654,0,6,12,2018,4,50,424.2430463,-0.030714313,411.9242778
2018-12-17,17.74664933,423.9798111,16.96723353,1.254584465,0,0,12,2018,4,51,424.0038856,0.001458474,434.220693
2018-12-18,18.26910577,433.2114709,18.30993301,1.173876697,0,1,12,2018,4,51,425.1261165,0.029439723,423.9798111
2018-12-19,18.56053089,432.8123659,20.10197656,1.158368613,0,2,12,2018,4,51,427.3800227,0.0159518,433.2114709
2018-12-20,17.91799877,409.3852767,16.30406856,1.074993207,0,3,12,2018,4,51,425.7055909,-0.034618197,432.8123659
2018-12-21,18.02826955,419.45036,19.14991563,1.050487794,0,4,12,2018,4,51,423.5691793,0.00615419,409.3852767
2018-12-22,18.69197528,413.0931585,17.06679027,0.82920571,0,5,12,2018,4,51,423.7361623,0.036814722,419.45036
2018-12-23,17.92879199,407.0372719,16.59056847,1.268626201,0,6,12,2018,4,51,419.8528164,-0.040829461,413.0931585
2018-12-24,19.07734541,408.7960667,17.62486922,1.130653826,0,0,12,2018,4,52,417.6837101,0.064061952,407.0372719
2018-12-25,18.02789585,448.4802479,19.80942075,1.105374807,0,1,12,2018,4,52,419.864964,-0.055010251,408.7960667
2018-12-26,16.83395328,435.8309824,15.75720757,0.950343822,0,2,12,2018,4,52,420.2961949,-0.066227505,448.4802479
2018-12-27,18.06076318,442.4726458,19.49392753,1.081603285,0,3,12,2018,4,52,425.0229619,0.072877112,435.8309824
2018-12-28,17.84500079,432.3669574,19.59713776,1.068545926,0,4,12,2018,4,52,426.8681901,-0.011946471,442.4726458
2018-12-29,18.27020606,414.2283848,17.84555082,1.066337273,0,5,12,2018,4,52,427.0303653,0.023827697,432.3669574
2018-12-30,17.93341448,419.2094188,18.40344405,1.179198206,0,6,12,2018,4,52,428.7692434,-0.018433924,414.2283848
2018-12-31,17.49968299,430.7760053,18.47648469,1.158239457,0,0,12,2018,4,1,431.9092346,-0.024185661,419.2094188
2019-01-01,16.92944901,431.8132415,16.56595708,1.009985018,0,1,1,2019,1,1,429.5282337,-0.03258539,430.7760053
2019-01-02,17.41038033,418.9549915,16.23279144,1.016430511,0,2,1,2019,1,1,427.1173779,0.028407973,431.8132415
2019-01-03,17.06353885,411.057111,16.83749045,1.016346776,0,3,1,2019,1,1,422.6294443,-0.019921534,418.9549915
2019-01-04,17.1730642,458.1809984,18.10689299,1.32746725,0,4,1,2019,1,1,426.3171645,0.006418677,411.057111
2019-01-05,17.73276798,420.7869004,18.72850816,1.295786914,1,5,1,2019,1,1,427.2540953,0.032591958,458.1809984
2019-01-06,18.24921603,416.0518686,17.26572487,1.061384762,1,6,1,2019,1,1,426.8030167,0.029123939,420.7869004
2019-01-07,17.58802266,423.4412529,16.44468032,0.949055239,0,0,1,2019,1,2,425.7551949,-0.03623133,416.0518686
2019-01-08,16.76981242,423.6639527,18.18035724,1.159619106,0,1,1,2019,1,2,424.5910108,-0.046520877,423.4412529
2019-01-09,17.56777194,423.0206168,15.96558773,1.151608703,0,2,1,2019,1,2,425.1718144,0.047583092,423.6639527
2019-01-10,17.9221581,432.5823762,18.76356211,1.1787064,0,3,1,2019,1,2,428.2468523,0.020172516,423.0206168
2019-01-11,16.99798309,422.7794318,15.45599876,1.221252101,0,4,1,2019,1,2,423.1894856,-0.051566056,432.5823762
2019-01-12,17.21556375,411.0006911,18.37899172,1.192385117,0,5,1,2019,1,2,421.7914557,0.012800381,422.7794318
2019-01-13,17.27028484,420.4281906,18.6706107,1.035670778,0,6,1,2019,1,2,422.4166446,0.003178583,411.0006911
2019-01-14,16.85153546,419.1844645,16.1687757,1.17681885,0,0,1,2019,1,3,421.808532,-0.024246814,420.4281906
2019-01-15,17.54984885,434.2656925,16.05437584,1.232897109,0,1,1,2019,1,3,423.3230662,0.041439155,419.1844645
2019-01-16,17.14764323,433.4384025,17.08140029,1.075214589,0,2,1,2019,1,3,424.8113213,-0.022917897,434.2656925
2019-01-17,17.40098118,421.2249579,16.699593,1.177710418,0,3,1,2019,1,3,423.188833,0.014773923,433.4384025
2019-01-18,16.7312597,410.3998601,16.45397636,1.09253671,0,4,1,2019,1,3,421.4203227,-0.03848757,421.2249579
2019-01-19,16.94076463,409.5694045,17.49976058,1.347531764,0,5,1,2019,1,3,421.2158532,0.012521767,410.3998601
2019-01-20,17.50587344,418.8423908,16.4899237,1.015332088,0,6,1,2019,1,3,420.9893104,0.033357928,409.5694045
2019-01-21,16.94415982,424.5510856,16.45939272,1.263709705,0,0,1,2019,1,4,421.7559705,-0.032087152,418.8423908
2019-01-22,17.98066008,411.9470226,18.99679209,0.981133545,0,1,1,2019,1,4,418.5675891,0.061171535,424.5510856
2019-01-23,16.90467325,415.9591644,17.39072301,1.3276201,0,2,1,2019,1,4,416.0705551,-0.059841342,411.9470226
2019-01-24,17.20486147,413.0193934,16.60708025,1.034259935,0,3,1,2019,1,4,414.8983316,0.017757706,415.9591644
2019-01-25,17.5475598,416.6872248,18.12417824,1.167482006,1,4,1,2019,1,4,415.7965266,0.019918692,413.0193934
2019-01-26,16.3615471,398.7106907,17.22973308,0.985695543,0,5,1,2019,1,4,414.2452818,-0.067588469,416.6872248
2019-01-27,16.18051404,412.1171279,16.47980689,1.01371676,0,6,1,2019,1,4,413.2845299,-0.011064544,398.7106907
2019-01-28,16.28900409,416.004191,15.44033666,1.238589586,0,0,1,2019,1,5,412.063545,0.006704981,412.1171279
2019-01-29,17.67476566,427.1075322,15.90815618,1.251731123,0,1,1,2019,1,5,414.229332,0.085073437,416.004191
2019-01-30,16.75991552,411.1550886,17.7750606,1.172950795,1,2,1,2019,1,5,413.5430355,-0.051760242,427.1075322
2019-01-31,18.30804672,413.0436023,19.48940476,1.223223078,0,3,1,2019,1,5,413.5464939,0.092371063,411.1550886
2019-02-01,16.74065898,421.0275294,17.4022649,1.253702796,0,4,2,2019,1,5,414.1665374,-0.085611959,413.0436023
2019-02-02,17.10962886,429.5825624,15.66072024,1.080897245,0,5,2,2019,1,5,418.5768048,0.022040344,421.0275294
2019-02-03,17.78371469,425.5448022,18.08682846,1.009518798,0,6,2,2019,1,5,420.495044,0.039398039,429.5825624
2019-02-04,18.01174989,410.8898098,19.1681787,1.148144613,0,0,2,2019,1,6,419.7644181,0.012822698,425.5448022
2019-02-05,18.03623717,406.2734829,17.6382435,1.091894843,0,1,2,2019,1,6,416.7881254,0.001359517,410.8898098
2019-02-06,17.60718943,406.2211174,16.54371778,1.18857712,0,2,2,2019,1,6,416.0832723,-0.023788096,406.2734829
2019-02-07,17.51329813,410.6041168,17.82022673,1.204617843,0,3,2,2019,1,6,415.7347744,-0.005332555,406.2211174
2019-02-08,17.29653093,409.4440726,18.42532546,1.081749912,0,4,2,2019,1,6,414.0799949,-0.012377292,410.6041168
2019-02-09,17.38918887,418.5432012,15.82023177,1.220425856,1,5,2,2019,1,6,412.5029433,0.005357024,409.4440726
2019-02-10,16.7248967,420.2172985,17.04919652,1.215528849,0,6,2,2019,1,6,411.7418713,-0.038201447,418.5432012
2019-02-11,16.59261157,422.2794646,17.06773701,1.222546779,0,0,2,2019,1,7,413.3689649,-0.007909473,420.2172985
2019-02-12,17.00198517,426.5932752,17.35007375,1.109535794,0,1,2,2019,1,7,416.2717923,0.024672042,422.2794646
2019-02-13,16.92128093,432.718543,17.42903335,1.228407258,1,2,2,2019,1,7,420.0571389,-0.004746754,426.5932752
2019-02-14,16.78319883,415.7128402,17.22417841,1.20251528,0,3,2,2019,1,7,420.7869565,-0.008160263,432.718543
2019-02-15,17.36218413,422.2519253,16.07878497,1.214633526,0,4,2,2019,1,7,422.6166497,0.034497911,415.7128402
2019-02-16,17.49655746,406.7549032,16.56901867,1.318493928,0,5,2,2019,1,7,420.9326072,0.007739425,422.2519253
2019-02-17,17.06875843,423.9467428,17.47497442,1.183592501,0,6,2,2019,1,7,421.4653849,-0.024450468,406.7549032
2019-02-18,17.76970446,418.8933082,16.05561446,1.090218869,0,0,2,2019,1,8,420.9816483,0.041066023,423.9467428
2019-02-19,16.46721201,424.5612259,16.91098532,1.039969648,0,1,2,2019,1,8,420.6913555,-0.073298487,418.8933082
2019-02-20,16.94907495,412.6949631,17.509705,1.263908728,1,2,2,2019,1,8,417.8308441,0.029261962,424.5612259
2019-02-21,16.69607065,406.0223559,15.82511932,1.186945889,0,3,2,2019,1,8,416.4464892,-0.014927322,412.6949631
2019-02-22,16.13051754,401.2752206,16.44710421,1.31831733,0,4,2,2019,1,8,413.4498171,-0.033873426,406.0223559
2019-02-23,17.03247416,409.9973147,17.14860178,0.948459922,0,5,2,2019,1,8,413.9130188,0.055916161,401.2752206
2019-02-24,17.02369154,425.4588656,16.20890889,1.24258186,0,6,2,2019,1,8,414.1290363,-0.00051564,409.9973147
2019-02-25,17.85276044,402.5722745,17.72055722,1.125501428,0,0,2,2019,1,9,411.79746,0.048700888,425.4588656
2019-02-26,17.42362834,415.3551778,18.85105745,1.116363072,0,1,2,2019,1,9,410.4823103,-0.024037297,402.5722745
2019-02-27,16.60902966,419.7041596,16.36521834,1.075334398,0,2,2,2019,1,9,411.4836241,-0.046752529,415.3551778
2019-02-28,18.06178039,400.8519947,18.53082379,1.241872293,0,3,2,2019,1,9,410.7450011,0.087467526,419.7041596
2019-03-01,17.75956909,418.0515637,16.10917525,1.213368819,0,4,3,2019,1,9,413.1416215,-0.016732088,400.8519947
2019-03-02,17.4551228,377.0121906,15.98121263,1.037877009,0,5,3,2019,1,9,408.4294609,-0.017142662,418.0515637
2019-03-03,17.06655347,395.5028548,15.63742784,1.168707365,0,6,3,2019,1,9,404.1500308,-0.022261048,377.0121906
2019-03-04,16.71649345,400.0133215,17.64673543,1.222926665,0,0,3,2019,1,10,403.7844661,-0.020511465,395.5028548
2019-03-05,17.02721916,399.1081387,16.51727743,1.170216294,0,1,3,2019,1,10,401.4634605,0.018587972,400.0133215
2019-03-06,17.77549405,406.6161154,16.80712669,1.263299282,0,2,3,2019,1,10,399.5937399,0.043945807,399.1081387
2019-03-07,18.1918934,403.7617494,19.09175384,1.123611407,0,3,3,2019,1,10,400.0094192,0.023425473,406.6161154
2019-03-08,18.04038128,405.2490428,16.84957202,0.927279504,0,4,3,2019,1,10,398.1804876,-0.008328552,403.7617494
2019-03-09,17.04416809,411.9415583,16.18000329,1.171487038,0,5,3,2019,1,10,403.1703973,-0.055221293,405.2490428
2019-03-10,16.74928651,397.6449933,16.5179167,1.170977868,0,6,3,2019,1,10,403.476417,-0.017301025,411.9415583
2019-03-11,17.40070485,391.398434,16.81408557,1.184133951,0,0,3,2019,1,11,402.2457188,0.038892304,397.6449933
2019-03-12,16.46786739,411.899198,16.74911291,1.263813221,0,1,3,2019,1,11,404.073013,-0.053609177,391.398434
2019-03-13,17.53614974,395.9842718,16.9674195,0.957968996,0,2,3,2019,1,11,402.5541782,0.064870716,411.899198
2019-03-14,17.32389131,387.3355335,16.95299247,1.129467001,0,3,3,2019,1,11,400.207576,-0.012104049,395.9842718
2019-03-15,17.18844329,413.1237746,18.43593447,1.061149561,1,4,3,2019,1,11,401.3325376,-0.007818568,387.3355335
2019-03-16,16.64851529,419.7542189,17.9288908,1.032712313,0,5,3,2019,1,11,402.448632,-0.031412269,413.1237746
2019-03-17,17.72770247,415.6725334,18.88961577,1.146385462,1,6,3,2019,1,11,405.0239949,0.064821827,419.7542189
2019-03-18,17.23021174,404.1525606,18.48743458,1.223897575,0,0,3,2019,1,12,406.846013,-0.0280629,415.6725334
2019-03-19,16.93788129,409.6980185,17.17409248,1.183910042,0,1,3,2019,1,12,406.5315587,-0.016966155,404.1525606
2019-03-20,16.11359748,420.9538295,16.58486611,1.085163149,0,2,3,2019,1,12,410.0986384,-0.048665108,409.6980185
2019-03-21,17.56346469,393.2871649,17.76429647,1.139468242,0,3,3,2019,1,12,410.9488715,0.089977872,420.9538295
2019-03-22,18.49143941,405.8642304,19.54762636,1.247105056,0,4,3,2019,1,12,409.9117937,0.052835516,393.2871649
2019-03-23,18.46462566,397.3419939,18.65296663,1.222528346,0,5,3,2019,1,12,406.7100473,-0.001450063,405.8642304
2019-03-24,17.43471425,408.5717311,16.07856185,1.09903843,0,6,3,2019,1,12,405.695647,-0.05577754,397.3419939
2019-03-25,17.39199935,401.2066741,18.4688428,1.092665804,0,0,3,2019,1,13,405.2748061,-0.002449991,408.5717311
2019-03-26,17.95790482,409.1768793,18.89381756,0.982867035,0,1,3,2019,1,13,405.2003576,0.032538264,401.2066741
2019-03-27,17.25529908,401.6612267,18.36067559,1.111674328,0,2,3,2019,1,13,402.4442715,-0.039125151,409.1768793
2019-03-28,17.93691601,380.8773266,16.82636787,0.981136579,0,3,3,2019,1,13,400.6714374,0.03950189,401.6612267
2019-03-29,18.20113484,408.6150786,17.36976907,1.36152245,0,4,3,2019,1,13,401.0644158,0.014730449,380.8773266
2019-03-30,18.46417441,383.0056845,17.70991915,1.069403676,1,5,3,2019,1,13,399.0163716,0.014451823,408.6150786
2019-03-31,17.83377427,407.8645523,17.86259556,1.265913587,0,6,3,2019,1,13,398.915346,-0.034141799,383.0056845
2019-04-01,17.81568018,394.2236014,16.51113442,1.336926132,0,0,4,2019,2,14,397.9177642,-0.001014597,407.8645523
2019-04-02,17.51270543,408.1032271,17.11125031,1.176835662,0,1,4,2019,2,14,397.7643853,-0.017006073,394.2236014
2019-04-03,17.5729417,407.0924707,16.45585848,1.145314106,0,2,4,2019,2,14,398.5402773,0.003439576,408.1032271
2019-04-04,17.90832452,398.0727961,17.06578338,1.023179016,0,3,4,2019,2,14,400.996773,0.019085184,407.0924707
2019-04-05,18.24091705,396.8979117,18.99385699,1.105055539,1,4,4,2019,2,14,399.322892,0.018571951,398.0727961
2019-04-06,18.55017639,394.1973734,19.86653829,1.316012066,0,5,4,2019,2,14,400.9217047,0.016954155,396.8979117
2019-04-07,17.7284149,373.6471548,16.03679035,1.190840835,0,6,4,2019,2,14,396.033505,-0.044299389,394.1973734
2019-04-08,18.91343045,388.7498283,19.16269797,1.158650402,0,0,4,2019,2,15,395.2515375,0.066842724,373.6471548
2019-04-09,18.06905848,380.3346512,16.39246582,1.287127912,0,1,4,2019,2,15,391.284598,-0.044644041,388.7498283
2019-04-10,18.23191383,392.1005117,16.71957382,1.225644656,0,2,4,2019,2,15,389.1428896,0.00901294,380.3346512
2019-04-11,17.90740253,380.2901239,18.641907,1.141328297,0,3,4,2019,2,15,386.6025079,-0.01779908,392.1005117
2019-04-12,17.10772335,383.5775186,17.91386701,1.177841205,0,4,4,2019,2,15,384.6995946,-0.044656347,380.2901239
2019-04-13,18.80111593,402.7192645,19.98175333,1.079509128,0,5,4,2019,2,15,385.9170076,0.098984099,383.5775186
2019-04-14,18.76716988,397.2447309,18.67048709,1.100311577,0,6,4,2019,2,15,389.2880899,-0.001805534,402.7192645
2019-04-15,18.29813401,388.5653924,19.61489512,1.135885789,0,0,4,2019,2,16,389.2617419,-0.02499236,397.2447309
2019-04-16,18.51272829,389.0937011,17.27918186,1.212362768,0,1,4,2019,2,16,390.5130347,0.011727659,388.5653924
2019-04-17,18.77801299,383.1533958,17.8380473,1.031979374,0,2,4,2019,2,16,389.2348753,0.014329854,389.0937011
2019-04-18,17.77994613,396.0354277,16.4802397,1.164439715,0,3,4,2019,2,16,391.4842044,-0.053150824,383.1533958
2019-04-19,18.33822346,380.499327,19.42948442,1.117929476,0,4,4,2019,2,16,391.0444628,0.03139927,396.0354277
2019-04-20,19.0417577,393.3950266,18.00845717,1.06692278,1,5,4,2019,2,16,389.7124288,0.038364362,380.499327
2019-04-21,18.0596907,385.5533576,16.81541862,1.118666557,0,6,4,2019,2,16,388.0422326,-0.051574388,393.3950266
2019-04-22,18.8761485,379.5205876,19.34091962,0.925075395,0,0,4,2019,2,17,386.7501176,0.045208847,385.5533576
2019-04-23,18.09392632,387.5652839,16.56347699,1.081556864,0,1,4,2019,2,17,386.5317723,-0.041439713,379.5205876
2019-04-24,19.0485829,376.3822637,17.31478194,1.047467053,0,2,4,2019,2,17,385.5644677,0.052761162,387.5652839
2019-04-25,18.8409902,386.3382671,17.35902441,1.129524147,0,3,4,2019,2,17,384.1791591,-0.010898065,376.3822637
2019-04-26,18.0949697,381.1285665,16.28634448,0.929636779,0,4,4,2019,2,17,384.2690504,-0.03959561,386.3382671
2019-04-27,19.52890078,383.7393283,20.29830102,1.176805046,0,5,4,2019,2,17,382.889665,0.079244735,381.1285665
2019-04-28,18.6234908,395.463683,18.85529858,1.248758111,0,6,4,2019,2,17,384.3054257,-0.046362568,383.7393283
2019-04-29,18.6301649,375.8004367,17.54914999,1.146186154,0,0,4,2019,2,18,383.7739756,0.00035837,395.463683
2019-04-30,19.18031833,378.6614802,18.15610832,1.207894989,0,1,4,2019,2,18,382.5020036,0.02953025,375.8004367
2019-05-01,19.69932206,381.7108245,20.92449617,1.106842756,0,2,5,2019,2,18,383.2632266,0.027059182,378.6614802
2019-05-02,18.66227805,377.6504288,18.66907156,1.002753709,0,3,5,2019,2,18,382.0221069,-0.052643639,381.7108245
2019-05-03,19.24641926,383.4587414,20.01061125,1.158484964,0,4,5,2019,2,18,382.354989,0.031300638,377.6504288
2019-05-04,19.47557153,382.9519878,19.29154861,1.226453679,0,5,5,2019,2,18,382.2425118,0.011906229,383.4587414
2019-05-05,19.65348237,387.0702835,18.62253154,1.026077039,0,6,5,2019,2,18,381.0434547,0.009135077,382.9519878
2019-05-06,19.44108766,370.9699662,21.27011608,1.112093134,0,0,5,2019,2,19,380.3533875,-0.010806976,387.0702835
2019-05-07,19.21544999,368.4615474,19.46773948,1.134004231,0,1,5,2019,2,19,378.8962542,-0.011606227,370.9699662
2019-05-08,19.03141415,375.4659779,17.6268269,1.443956646,0,2,5,2019,2,19,378.0041333,-0.009577493,368.4615474
2019-05-09,19.53466346,366.0812931,19.16776358,1.181253011,0,3,5,2019,2,19,376.3513996,0.026443086,375.4659779
2019-05-10,19.00202975,383.8013274,18.35344263,0.968458544,0,4,5,2019,2,19,376.4003405,-0.027266081,366.0812931
2019-05-11,18.12404573,370.6641723,17.08766737,0.943830821,1,5,5,2019,2,19,374.6449383,-0.046204749,383.8013274
2019-05-12,19.84972508,396.7199427,21.57045801,1.232265805,0,6,5,2019,2,19,376.023461,0.095214908,370.6641723
2019-05-13,20.13022776,384.684114,21.66382901,1.407819129,0,0,5,2019,2,20,377.982625,0.014131313,396.7199427
2019-05-14,18.54368868,379.5219496,17.42790424,1.131318493,0,1,5,2019,2,20,379.5626824,-0.078813767,384.684114
2019-05-15,19.26725193,384.1920827,18.69751116,1.125433992,0,2,5,2019,2,20,380.8092688,0.039019381,379.5219496
2019-05-16,20.12871304,354.5836871,21.18472729,1.202693379,1,3,5,2019,2,20,379.1667537,0.044711156,384.1920827
2019-05-17,20.8949469,392.0962648,19.67679677,1.079886331,0,4,5,2019,2,20,380.3517447,0.038066709,354.5836871
2019-05-18,19.9236923,365.5597853,20.28855433,0.90540052,0,5,5,2019,2,20,379.6225466,-0.04648275,392.0962648
2019-05-19,19.59641165,371.6376293,20.37946052,1.263642431,0,6,5,2019,2,20,376.039359,-0.016426707,365.5597853
2019-05-20,19.91609235,352.4302879,20.52939776,1.098697789,0,0,5,2019,2,21,371.4316695,0.016313226,371.6376293
2019-05-21,20.74210436,371.4690167,21.59837427,1.265127798,0,1,5,2019,2,21,370.2812505,0.041474603,352.4302879
