price-elasticity-demand/time-series-analysis/ARIMA/time_series_dataset.csv
date,price,demand,competitor_price,economic_index,promotion,day_of_week,month,year,quarter,week_of_year,demand_moving_avg,price_change,demand_lag_1
2019-05-22,19.77879616,360.1069981,20.59644997,1.084117343,0,2,5,2019,2,21,366.8405242,-0.046442164,371.4690167
2019-05-23,19.74926922,372.083569,21.58518467,1.172493944,0,3,5,2019,2,21,369.3405073,-0.001492858,360.1069981
2019-05-24,19.9545437,364.3480236,19.34193478,1.245899236,0,4,5,2019,2,21,365.3764728,0.010394029,372.083569
2019-05-25,19.76625305,359.7061127,21.26291588,1.267551147,1,5,5,2019,2,21,364.5402339,-0.009435979,364.3480236
2019-05-26,20.35119445,359.2677724,18.40483496,1.183914928,0,6,5,2019,2,21,362.7731115,0.029592933,359.7061127
2019-05-27,21.14906893,365.3336593,20.25320691,1.179039981,0,0,5,2019,2,22,364.6164503,0.03920529,359.2677724
2019-05-28,20.54505665,353.0359256,18.69047815,1.2227867,0,1,5,2019,2,22,361.9831515,-0.028559758,365.3336593
2019-05-29,20.30403293,359.3240731,20.91804296,1.207333045,0,2,5,2019,2,22,361.8713051,-0.01173147,353.0359256
2019-05-30,20.33089054,373.0681218,18.70763308,1.031898048,0,3,5,2019,2,22,362.0119555,0.001322772,359.3240731
2019-05-31,19.7416696,395.1650377,21.10663573,1.033907876,0,4,5,2019,2,22,366.4143861,-0.028981561,373.0681218
2019-06-01,21.01115959,367.328693,21.62717184,0.950310211,0,5,6,2019,2,22,367.5033261,0.064305097,395.1650377
2019-06-02,20.57688523,355.3128549,18.63778294,1.237966932,0,6,6,2019,2,22,366.9383379,-0.020668748,367.328693
2019-06-03,20.57161102,360.6032839,21.45527431,1.121843164,0,0,6,2019,2,23,366.26257,-0.000256317,355.3128549
2019-06-04,22.30428858,355.6908089,23.91927497,1.243535876,0,1,6,2019,2,23,366.641839,0.084226634,360.6032839
2019-06-05,20.90282042,358.6531984,21.57639711,1.201987219,0,2,6,2019,2,23,366.5459998,-0.062834022,355.6908089
2019-06-06,20.42307166,373.3432779,18.50544414,1.061473503,0,3,6,2019,2,23,366.5853078,-0.022951389,358.6531984
2019-06-07,20.63111444,365.2150474,22.10797027,1.149793938,0,4,6,2019,2,23,362.3067378,0.010186655,373.3432779
2019-06-08,21.46363379,367.7254047,22.46153784,1.116433986,0,5,6,2019,2,23,362.3634109,0.040352612,365.2150474
2019-06-09,20.99094434,357.6363992,20.48065999,1.101093854,0,6,6,2019,2,23,362.6953458,-0.022022806,367.7254047
2019-06-10,20.25983777,377.463234,19.56545314,1.253644944,0,0,6,2019,2,24,365.1039101,-0.034829618,357.6363992
2019-06-11,21.48301726,356.2007024,21.39631258,1.413290569,0,1,6,2019,2,24,365.176752,0.060374594,377.463234
2019-06-12,20.73350422,351.6758196,22.25576536,1.273936596,0,2,6,2019,2,24,364.1799836,-0.03488863,356.2007024
2019-06-13,22.04813516,376.363742,20.95480938,1.159720605,0,3,6,2019,2,24,364.6114785,0.063406114,351.6758196
2019-06-14,21.69514602,337.8830698,19.96371634,1.288467028,0,4,6,2019,2,24,360.7069102,-0.016009932,376.363742
2019-06-15,20.97481168,352.1258925,22.50444754,1.333906527,0,5,6,2019,2,24,358.4784085,-0.033202558,337.8830698
2019-06-16,21.8820357,348.4870482,19.80888721,1.023479193,1,6,6,2019,2,24,357.1713583,0.043253023,352.1258925
2019-06-17,21.31820376,382.441131,23.07054742,1.285301758,0,0,6,2019,2,25,357.8824865,-0.025766887,348.4870482
2019-06-18,21.7530944,373.0352093,20.90796577,1.239884494,0,1,6,2019,2,25,360.287416,0.020399966,382.441131
2019-06-19,21.61117811,370.3999209,21.64671857,1.281828207,0,2,6,2019,2,25,362.9622877,-0.006523959,373.0352093
2019-06-20,20.98739972,355.0588229,19.44396756,1.244445057,0,3,6,2019,2,25,359.9187278,-0.028863692,370.3999209
2019-06-21,21.13022136,381.7004084,22.83016867,1.140443421,0,4,6,2019,2,25,366.1783476,0.006805114,355.0588229
2019-06-22,22.00803659,356.5218569,23.10771754,1.366603396,1,5,6,2019,2,25,366.8063425,0.041543116,381.7004084
2019-06-23,21.36635996,365.6096041,23.17889214,1.197376202,0,6,6,2019,2,25,369.2524219,-0.029156469,356.5218569
2019-06-24,21.37223633,357.3962668,22.15543924,1.12008365,0,0,6,2019,2,26,365.6745842,0.000275029,365.6096041
2019-06-25,21.13642375,356.0769169,19.80353456,1.214214163,0,1,6,2019,2,26,363.251971,-0.011033594,357.3962668
2019-06-26,21.86531075,350.2040581,21.02685044,1.260955962,0,2,6,2019,2,26,360.3668477,0.034484878,356.0769169
2019-06-27,22.72389179,346.1287354,22.66412148,1.173292489,0,3,6,2019,2,26,359.0911209,0.039266812,350.2040581
2019-06-28,21.19756327,361.7393968,21.65228579,1.20323003,0,4,6,2019,2,26,356.2395478,-0.067168447,346.1287354
2019-06-29,21.78171259,356.2049486,23.63951597,1.17285311,0,5,6,2019,2,26,356.1942752,0.027557381,361.7393968
2019-06-30,22.51354957,348.3597916,21.99101668,1.098108838,0,6,6,2019,2,26,353.7300163,0.033598688,356.2049486
2019-07-01,21.80500897,367.1147181,22.69060642,1.082033976,0,0,7,2019,3,27,355.1183665,-0.031471741,348.3597916
2019-07-02,22.10795066,320.6410471,24.14634284,1.024034803,0,1,7,2019,3,27,350.0560994,0.013893216,367.1147181
2019-07-03,21.38703871,358.817364,19.90010084,1.316218445,0,2,7,2019,3,27,351.2865716,-0.032608719,320.6410471
2019-07-04,22.16838635,356.7960481,23.77652361,1.142174727,0,3,7,2019,3,27,352.8104735,0.036533699,358.817364
2019-07-05,21.89617571,362.2578118,21.54892895,0.821858951,0,4,7,2019,3,27,352.8845328,-0.012279226,356.7960481
2019-07-06,22.51763685,346.8422008,23.56435468,1.20436978,0,5,7,2019,3,27,351.5469974,0.028382177,362.2578118
2019-07-07,22.6529892,348.7049682,21.71759445,1.202399192,0,6,7,2019,3,27,351.5963083,0.006010948,346.8422008
2019-07-08,23.38809412,352.6229246,22.61153558,0.978259723,0,0,7,2019,3,28,349.5260521,0.032450681,348.7049682
2019-07-09,22.41662842,362.3472223,20.29661266,1.081776881,0,1,7,2019,3,28,355.4840771,-0.041536762,352.6229246
2019-07-10,22.32268465,344.7163047,24.4272859,1.077487608,0,2,7,2019,3,28,353.4696401,-0.004190807,362.3472223
2019-07-11,22.2894203,350.3757373,23.68675554,1.090989753,0,3,7,2019,3,28,352.5524528,-0.001490159,344.7163047
2019-07-12,22.04754566,365.5206983,20.25692319,1.286594118,0,4,7,2019,3,28,353.0185795,-0.010851545,350.3757373
2019-07-13,22.4247225,325.4300298,24.66499173,1.150528787,0,5,7,2019,3,28,349.9596979,0.01710743,365.5206983
2019-07-14,22.13857503,341.023765,22.60359402,1.122793063,0,6,7,2019,3,28,348.8623831,-0.012760357,325.4300298
2019-07-15,22.40073716,361.0959273,23.98549361,1.277855556,0,0,7,2019,3,29,350.0728121,0.01184187,341.023765
2019-07-16,23.0049647,354.1679363,21.01117393,1.215251346,0,1,7,2019,3,29,348.9043427,0.026973556,361.0959273
2019-07-17,21.87197492,353.959735,21.38839071,0.991718756,0,2,7,2019,3,29,350.2248327,-0.049249795,354.1679363
2019-07-18,22.97367957,338.5702216,23.75318167,1.104254228,0,3,7,2019,3,29,348.5383305,0.050370607,353.959735
2019-07-19,23.09019871,333.4865018,21.27269398,1.19821281,0,4,7,2019,3,29,343.9620167,0.005071854,338.5702216
2019-07-20,22.3999077,339.6767457,22.35019263,1.072727598,0,5,7,2019,3,29,345.9972618,-0.029895412,333.4865018
2019-07-21,21.42470848,365.7794151,21.17908652,1.369172101,0,6,7,2019,3,29,349.5337833,-0.043535859,339.6767457
2019-07-22,22.20780549,339.935537,20.9465808,1.177604508,0,0,7,2019,3,30,346.5108704,0.036551116,365.7794151
2019-07-23,23.18567445,342.1826524,22.25949874,1.091079008,0,1,7,2019,3,30,344.798687,0.04403267,339.935537
2019-07-24,22.55057771,336.6463279,24.65733546,1.054222287,0,2,7,2019,3,30,342.3253431,-0.027391774,342.1826524
2019-07-25,22.08656292,354.7724168,21.15295722,1.25936942,1,3,7,2019,3,30,344.6399424,-0.020576625,336.6463279
2019-07-26,22.35739063,339.44618,21.07598186,1.101930478,0,4,7,2019,3,30,345.491325,0.012262103,354.7724168
2019-07-27,23.05300811,340.2240343,23.21995418,1.204809099,0,5,7,2019,3,30,345.5695091,0.031113536,339.44618
2019-07-28,22.92833518,324.8358534,23.7122918,1.051764756,0,6,7,2019,3,30,339.7204288,-0.005408098,340.2240343
2019-07-29,22.55711744,327.240143,23.57260779,1.174036481,0,0,7,2019,3,31,337.9068011,-0.016190349,324.8358534
2019-07-30,22.51412584,343.5153084,23.65895646,1.103528122,0,1,7,2019,3,31,338.0971805,-0.0019059,327.240143
2019-07-31,22.52194781,329.9994251,20.43566092,1.13567728,0,2,7,2019,3,31,337.147623,0.000347425,343.5153084
2019-08-01,22.27623992,365.3836754,21.80291616,1.087688652,0,3,8,2019,3,31,338.6635171,-0.010909709,329.9994251
2019-08-02,23.56407543,317.133422,24.8551892,1.269979369,0,4,8,2019,3,31,335.4759802,0.057812068,365.3836754
2019-08-03,22.61348968,334.3566049,24.44451345,1.118416354,0,5,8,2019,3,31,334.637776,-0.040340464,317.133422
2019-08-04,23.40080677,338.4473173,23.87911984,1.153271042,0,6,8,2019,3,31,336.5822709,0.034816258,334.3566049
2019-08-05,23.56977405,333.6444446,21.45936879,1.158202544,0,0,8,2019,3,32,337.4971711,0.007220575,338.4473173
2019-08-06,23.32446675,327.3429289,22.84233045,1.329043794,0,1,8,2019,3,32,335.1868312,-0.010407707,333.6444446
2019-08-07,22.62499917,332.1662925,20.69837694,1.25694765,0,2,8,2019,3,32,335.4963837,-0.029988577,327.3429289
2019-08-08,23.05747133,329.5423008,24.20360226,1.247084878,0,3,8,2019,3,32,330.3761873,0.019114792,332.1662925
2019-08-09,22.85760072,337.4483965,20.86215718,1.010328149,0,4,8,2019,3,32,333.2783265,-0.008668366,329.5423008
2019-08-10,22.43123164,361.8359611,21.02134379,1.102577583,0,5,8,2019,3,32,337.2039488,-0.018653274,337.4483965
2019-08-11,23.05793475,339.8335367,22.67498131,1.287178703,0,6,8,2019,3,32,337.4019802,0.027938863,361.8359611
2019-08-12,22.31819313,354.4546886,22.15146894,1.05132376,0,0,8,2019,3,33,340.3748722,-0.032081868,339.8335367
2019-08-13,23.51279306,341.5970671,23.07301778,1.176918206,0,1,8,2019,3,33,342.4111776,0.053525835,354.4546886
2019-08-14,22.69716471,351.6205018,22.53100624,1.062090711,0,2,8,2019,3,33,345.1903504,-0.034688706,341.5970671
2019-08-15,23.03985022,310.6470573,24.02244985,1.072226146,0,3,8,2019,3,33,342.4910299,0.015098164,351.6205018
2019-08-16,23.089986,335.2315137,22.48626979,1.336895447,0,4,8,2019,3,33,342.1743323,0.002176046,310.6470573
2019-08-17,22.82723365,352.5431096,23.04523582,1.240843956,0,5,8,2019,3,33,340.8467821,-0.011379494,335.2315137
2019-08-18,23.25764744,331.4860597,22.34301374,1.267330924,0,6,8,2019,3,33,339.6542854,0.018855276,352.5431096
2019-08-19,22.73373157,357.3332969,22.06821292,1.24749106,0,0,8,2019,3,34,340.0655152,-0.022526606,331.4860597
2019-08-20,23.41298166,351.0386253,23.94585625,1.155288085,0,1,8,2019,3,34,341.4143092,0.029878513,357.3332969
2019-08-21,22.30975803,336.913789,22.26734563,1.100157261,0,2,8,2019,3,34,339.3133502,-0.047120168,351.0386253
2019-08-22,23.05061643,332.7602731,24.07884125,1.129207916,0,3,8,2019,3,34,342.4723811,0.033207818,336.913789
2019-08-23,23.96083265,322.997727,24.25094365,1.150334306,0,4,8,2019,3,34,340.7246972,0.039487717,332.7602731
2019-08-24,22.49440578,334.0647939,23.86014951,1.347245569,0,5,8,2019,3,34,338.0849379,-0.061200998,322.997727
2019-08-25,22.65816323,327.1127372,22.40171005,1.036081329,0,6,8,2019,3,34,337.4601775,0.007279919,334.0647939
2019-08-26,23.2557143,340.6375298,23.21401039,1.114450837,0,0,8,2019,3,35,335.0750679,0.026372441,327.1127372
2019-08-27,23.08953587,322.5202612,23.87444779,1.078620655,0,1,8,2019,3,35,331.0010159,-0.007145703,340.6375298
2019-08-28,23.17530435,342.5915044,21.88325307,1.275679321,0,2,8,2019,3,35,331.8121181,0.003714604,322.5202612
2019-08-29,23.24408683,342.3952176,22.71379408,1.355495838,0,3,8,2019,3,35,333.1885387,0.002967921,342.5915044
2019-08-30,23.31561774,319.0507829,23.89776789,1.201095658,0,4,8,2019,3,35,332.6246896,0.003077381,342.3952176
2019-08-31,23.55113075,349.8913848,21.33203143,1.209418615,0,5,8,2019,3,35,334.8856311,0.010101084,319.0507829
2019-09-01,23.19847453,341.2023989,22.90604122,1.179549134,0,6,9,2019,3,35,336.8984399,-0.014974067,349.8913848
2019-09-02,22.86948199,345.1199681,23.32161136,1.214264951,0,0,9,2019,3,36,337.5387883,-0.014181645,341.2023989
2019-09-03,23.32220538,327.6863347,25.502251,1.247932578,0,1,9,2019,3,36,338.2767988,0.019795961,345.1199681
2019-09-04,23.93093032,338.3686688,25.73540173,1.213281123,0,2,9,2019,3,36,337.6735365,0.02610066,327.6863347
2019-09-05,22.90900764,348.4358444,21.90441078,1.220700515,0,3,9,2019,3,36,338.5364832,-0.042703007,338.3686688
2019-09-06,22.48166076,338.2418857,22.51407978,1.248458528,0,4,9,2019,3,36,341.2780694,-0.018654098,348.4358444
2019-09-07,23.51533396,354.0000634,21.42912113,0.993189292,0,5,9,2019,3,36,341.8650234,0.045978507,338.2418857
2019-09-08,22.89374034,337.4526012,21.70672011,1.171318005,0,6,9,2019,3,36,341.3293381,-0.026433544,354.0000634
2019-09-09,21.85900445,353.5185561,23.06061958,1.201738026,0,0,9,2019,3,37,342.5291363,-0.045197328,337.4526012
2019-09-10,23.35973151,337.4641334,21.5998748,1.21293195,0,1,9,2019,3,37,343.9259647,0.068654868,353.5185561
2019-09-11,22.65831345,343.8252552,21.56024865,1.154328516,0,2,9,2019,3,37,344.7054771,-0.030026803,337.4641334
2019-09-12,22.8699457,320.1293847,24.90099128,1.187592302,0,3,9,2019,3,37,340.6616971,0.009340159,343.8252552
2019-09-13,23.06971787,339.4871399,24.56397026,1.099626521,0,4,9,2019,3,37,340.8395906,0.00873514,320.1293847
2019-09-14,22.98677632,328.7762451,24.28243843,0.994232698,0,5,9,2019,3,37,337.2361879,-0.003595257,339.4871399
2019-09-15,23.23333757,326.3658251,24.92731502,1.270130892,0,6,9,2019,3,37,335.6523628,0.010726222,328.7762451
2019-09-16,22.64724327,355.1398648,23.77781941,1.058480031,0,0,9,2019,3,38,335.8839783,-0.025226436,326.3658251
2019-09-17,23.10720711,333.2018019,21.35376853,1.155971815,0,1,9,2019,3,38,335.2750738,0.020309926,355.1398648
2019-09-18,22.70584513,327.2557264,22.78105291,1.097204248,0,2,9,2019,3,38,332.9079983,-0.017369558,333.2018019
2019-09-19,23.18928818,331.2245855,22.93069942,1.33091815,1,3,9,2019,3,38,334.4930269,0.021291568,327.2557264
2019-09-20,23.11113525,322.1484808,22.23823497,1.16435276,1,4,9,2019,3,38,332.0160756,-0.003370217,331.2245855
2019-09-21,22.31860888,353.4027225,23.80967233,1.141371595,0,5,9,2019,3,38,335.5341439,-0.034291971,322.1484808
2019-09-22,23.31150839,327.0927842,23.14431453,1.247303839,1,6,9,2019,3,38,335.6379952,0.044487518,353.4027225
2019-09-23,22.48204148,343.4420872,20.50495997,1.388264678,0,0,9,2019,3,39,333.9668841,-0.035581863,327.0927842
2019-09-24,23.13487931,348.4000797,22.0936505,1.213286224,0,1,9,2019,3,39,336.1380666,0.029038192,343.4420872
2019-09-25,22.89464735,330.9947134,21.65202231,1.135075336,1,2,9,2019,3,39,336.6722076,-0.010383973,348.4000797
2019-09-26,23.60957977,337.6998261,25.4392225,1.24257669,0,3,9,2019,3,39,337.597242,0.031227056,330.9947134
2019-09-27,22.55757522,327.2987451,23.22274443,1.015749395,0,4,9,2019,3,39,338.332994,-0.044558377,337.6998261
2019-09-28,22.47281134,362.4430609,22.74417623,1.177760238,0,5,9,2019,3,39,339.6244709,-0.003757668,327.2987451
2019-09-29,22.61526811,346.6007833,22.64534299,1.372613087,0,6,9,2019,3,39,342.411328,0.006339072,362.4430609
2019-09-30,22.4502484,336.1018787,23.12426335,1.189092071,0,0,9,2019,3,40,341.3627267,-0.007296828,346.6007833
2019-10-01,22.97802752,327.628536,24.14933498,1.184195107,1,1,10,2019,4,40,338.3953634,0.023508832,336.1018787
2019-10-02,21.74548332,340.3494192,21.98200766,1.175581006,1,2,10,2019,4,40,339.7317499,-0.053640122,327.628536
2019-10-03,22.00174927,336.7799739,23.93035844,1.134069734,0,3,10,2019,4,40,339.6003424,0.01178479,340.3494192
2019-10-04,21.96901686,359.8466417,24.06413245,1.205166439,0,4,10,2019,4,40,344.2500419,-0.001487719,336.7799739
2019-10-05,22.95178228,323.1237128,25.22558008,1.251344683,1,5,10,2019,4,40,338.6329922,0.044734156,359.8466417
2019-10-06,23.30503414,334.9384747,24.09456726,1.140735386,0,6,10,2019,4,40,336.9669481,0.015391043,323.1237128
2019-10-07,22.36999725,338.0618938,24.30554098,0.924942228,1,0,10,2019,4,41,337.2469503,-0.04012167,334.9384747
2019-10-08,22.30970765,337.3542195,21.88350163,1.220679162,0,1,10,2019,4,41,338.6363337,-0.00269511,338.0618938
2019-10-09,22.4004504,336.9720136,24.01145671,1.387530029,0,2,10,2019,4,41,338.1538471,0.004067411,337.3542195
2019-10-10,22.91708554,334.2998396,24.79250202,1.136691291,0,3,10,2019,4,41,337.7995422,0.023063605,336.9720136
2019-10-11,21.84261536,349.551075,23.60811234,1.027301103,1,4,10,2019,4,41,336.328747,-0.046885114,334.2998396
2019-10-12,22.3950528,344.1375604,23.8769168,1.24225875,0,5,10,2019,4,41,339.3307252,0.025291726,349.551075
2019-10-13,22.73248186,340.5411489,22.30783529,1.349000688,0,6,10,2019,4,41,340.1311072,0.015067125,344.1375604
2019-10-14,22.46389086,307.34853,20.93143784,1.227654829,0,0,10,2019,4,42,335.7434838,-0.011815296,340.5411489
2019-10-15,22.2760491,341.6209911,21.53628983,1.347287487,0,1,10,2019,4,42,336.3530226,-0.008361942,307.34853
2019-10-16,22.64915755,320.1984905,23.85992973,1.254284346,0,2,10,2019,4,42,333.9568051,0.01674931,341.6209911
2019-10-17,20.76386432,352.6439103,19.65459852,1.2457026,0,3,10,2019,4,42,336.5773866,-0.083239,320.1984905
2019-10-18,22.42074202,352.6426264,22.32331074,1.123317443,0,4,10,2019,4,42,337.0190368,0.079796211,352.6439103
2019-10-19,21.72057666,332.1393954,22.00467971,1.203758211,0,5,10,2019,4,42,335.3050132,-0.031228465,352.6426264
2019-10-20,21.09760287,341.9041292,21.53583622,1.172370436,0,6,10,2019,4,42,335.4997247,-0.028681273,332.1393954
2019-10-21,22.23332869,332.8570053,24.17085455,1.16904397,0,0,10,2019,4,43,339.1437926,0.053831984,341.9041292
2019-10-22,22.62887665,349.2363689,23.35975778,1.150131039,1,1,10,2019,4,43,340.2317037,0.017790767,332.8570053
2019-10-23,21.83716384,341.8020959,23.08755467,1.198178909,0,2,10,2019,4,43,343.3179331,-0.034986836,349.2363689
2019-10-24,22.34569576,355.6056259,22.71162149,1.046083073,0,3,10,2019,4,43,343.7410353,0.023287452,341.8020959
2019-10-25,22.63830669,341.0119665,24.1486454,1.256989422,1,4,10,2019,4,43,342.0795124,0.013094734,355.6056259
2019-10-26,22.45208171,340.2471698,21.39083294,1.088143062,0,5,10,2019,4,43,343.2377659,-0.0082261,341.0119665
2019-10-27,22.57662079,337.9011301,21.26662443,1.150990479,0,6,10,2019,4,43,342.6659089,0.005546883,340.2471698
2019-10-28,22.0892828,347.8567332,23.97270363,1.209173601,0,0,10,2019,4,44,344.8087272,-0.021585958,337.9011301
