price-elasticity-demand/time-series-analysis/ARIMA/time_series_dataset.csv
date,price,demand,competitor_price,economic_index,promotion,day_of_week,month,year,quarter,week_of_year,demand_moving_avg,price_change,demand_lag_1
2019-10-29,21.71709238,324.1839318,22.55746079,1.08349028,0,1,10,2019,4,44,341.2298076,-0.016849367,347.8567332
2019-10-30,20.83913471,346.8290197,21.55402363,0.979671326,0,2,10,2019,4,44,341.9479396,-0.040427036,324.1839318
2019-10-31,21.47742367,342.1106364,21.33694087,1.138112974,0,3,10,2019,4,44,340.0200839,0.030629341,346.8290197
2019-11-01,21.13877395,351.7874696,20.6174802,1.033407903,1,4,11,2019,4,44,341.5594415,-0.015767707,342.1106364
2019-11-02,22.60542586,335.3539031,22.85721049,1.247848755,0,5,11,2019,4,44,340.8604034,0.069382071,351.7874696
2019-11-03,21.39119375,332.9475968,19.767886,1.061367315,0,6,11,2019,4,44,340.1527558,-0.053714189,335.3539031
2019-11-04,21.49955618,342.90146,21.30482421,1.325333238,0,0,11,2019,4,45,339.4448596,0.00506575,332.9475968
2019-11-05,21.67215872,331.173321,21.47870308,1.176338403,0,1,11,2019,4,45,340.4433438,0.008028191,342.90146
2019-11-06,21.3763349,324.266969,21.54023373,1.182935121,0,2,11,2019,4,45,337.2201937,-0.013649947,331.173321
2019-11-07,22.15984257,346.9139818,22.75676497,0.979054579,0,3,11,2019,4,45,337.9063859,0.03665304,324.266969
2019-11-08,20.95845187,351.4829872,22.87538887,1.191703985,0,4,11,2019,4,45,337.8628884,-0.054214767,346.9139818
2019-11-09,21.32422643,348.5790243,21.97320421,1.16929974,0,5,11,2019,4,45,339.7521915,0.017452365,351.4829872
2019-11-10,20.81253077,359.542447,22.40978908,1.047508838,0,6,11,2019,4,45,343.5514558,-0.023995978,348.5790243
2019-11-11,20.48030603,341.5724888,20.7109301,1.186244586,0,0,11,2019,4,46,343.3616027,-0.015962726,359.542447
2019-11-12,20.79070256,332.4101545,21.31848653,1.137825461,0,1,11,2019,4,46,343.5382932,0.015155854,341.5724888
2019-11-13,21.0340679,344.85659,19.22445215,1.15603899,0,2,11,2019,4,46,346.4796677,0.011705489,332.4101545
2019-11-14,20.79367462,343.3382152,19.26851565,1.180405958,0,3,11,2019,4,46,345.9688439,-0.011428758,344.85659
2019-11-15,20.61760583,339.3269126,20.94612856,1.13077237,0,4,11,2019,4,46,344.2322618,-0.00846742,343.3382152
2019-11-16,20.21591033,349.0181045,19.79425847,1.202663464,0,5,11,2019,4,46,344.2949875,-0.01948313,339.3269126
2019-11-17,20.8325422,340.6775729,22.07753875,1.169462264,0,6,11,2019,4,46,341.6000055,0.030502305,349.0181045
2019-11-18,20.07654501,332.2756817,20.24991752,1.225494669,0,0,11,2019,4,47,340.2718902,-0.036289243,340.6775729
2019-11-19,21.16353883,340.8530569,22.78166508,1.125450372,0,1,11,2019,4,47,341.4780191,0.054142474,332.2756817
2019-11-20,20.77914302,335.8890411,22.74207252,1.071925866,1,2,11,2019,4,47,340.1969407,-0.018163116,340.8530569
2019-11-21,19.96337758,353.7160195,18.55649921,1.107630999,0,3,11,2019,4,47,341.6794842,-0.039258859,335.8890411
2019-11-22,20.49160816,342.2678835,20.06057846,1.322883539,0,4,11,2019,4,47,342.0996229,0.026459981,353.7160195
2019-11-23,20.2240344,361.3541833,20.89135078,1.274314524,0,5,11,2019,4,47,343.8619198,-0.013057724,342.2678835
2019-11-24,20.71345166,363.9031323,19.9076518,1.300155795,0,6,11,2019,4,47,347.1798569,0.024199784,361.3541833
2019-11-25,21.17770474,352.4126271,20.19096067,1.307189288,0,0,11,2019,4,48,350.0565634,0.02241312,363.9031323
2019-11-26,19.52338316,338.4576813,20.74843078,1.132386096,0,1,11,2019,4,48,349.7143669,-0.078116189,352.4126271
2019-11-27,20.47185855,364.3569598,22.43870656,1.208699105,0,2,11,2019,4,48,353.7812124,0.048581508,338.4576813
2019-11-28,20.28755297,366.0650744,21.39851289,1.186801822,0,3,11,2019,4,48,355.5453631,-0.009002875,364.3569598
2019-11-29,20.65647255,348.7344248,20.75428765,1.245271784,0,4,11,2019,4,48,356.4691547,0.018184528,366.0650744
2019-11-30,20.3805048,363.2407698,20.14617477,1.150501117,0,5,11,2019,4,48,356.7386671,-0.013359868,348.7344248
2019-12-01,19.85095819,347.2295382,20.00836724,1.188815368,1,6,12,2019,4,48,354.3567251,-0.025982997,363.2407698
2019-12-02,20.02039626,333.3255837,19.87160348,1.18684511,0,0,12,2019,4,49,351.6300046,0.008535511,347.2295382
2019-12-03,19.73484626,345.9037841,19.74624533,1.232944212,0,1,12,2019,4,49,352.6937336,-0.014262954,333.3255837
2019-12-04,20.62376594,366.4477625,19.40058297,1.245389704,0,2,12,2019,4,49,352.9924197,0.045043152,345.9037841
2019-12-05,20.04930021,337.2108915,21.66824892,1.189285095,0,3,12,2019,4,49,348.8703935,-0.027854551,366.4477625
2019-12-06,20.94211221,347.7493326,22.00821232,1.19241708,0,4,12,2019,4,49,348.7296661,0.044530831,337.2108915
2019-12-07,19.91406103,353.3341807,20.63486011,1.202707814,0,5,12,2019,4,49,347.3144391,-0.049090138,347.7493326
2019-12-08,19.54307634,349.8181619,21.30165996,1.344873164,0,6,12,2019,4,49,347.6842424,-0.018629283,353.3341807
2019-12-09,19.09333618,352.8634974,18.27000988,1.007318253,0,0,12,2019,4,50,350.475373,-0.023012762,349.8181619
2019-12-10,18.90157415,359.0839883,17.31822486,1.083450076,0,1,12,2019,4,50,352.3582593,-0.010043401,352.8634974
2019-12-11,18.96407521,352.5332026,20.20105883,1.247886011,0,2,12,2019,4,50,350.370465,0.003306659,359.0839883
2019-12-12,19.84276588,339.648479,21.82076011,1.207596502,0,3,12,2019,4,50,350.7186918,0.046334486,352.5332026
2019-12-13,19.91669621,355.7592756,20.22911922,1.206993027,0,4,12,2019,4,50,351.8629694,0.003725807,339.648479
2019-12-14,18.82495281,369.912731,17.16387432,1.247567632,0,5,12,2019,4,50,354.2313337,-0.054815487,355.7592756
2019-12-15,20.01637667,362.030907,21.13916746,1.202317381,0,6,12,2019,4,50,355.9760116,0.063289606,369.912731
2019-12-16,19.28074273,349.0310721,17.63705575,1.125089854,0,0,12,2019,4,51,355.4285222,-0.036751603,362.030907
2019-12-17,19.54920341,343.3907544,19.70565172,1.243999026,0,1,12,2019,4,51,353.1866317,0.013923772,349.0310721
2019-12-18,20.23558022,349.7480111,19.33522833,1.183306838,0,2,12,2019,4,51,352.7887472,0.035110219,343.3907544
2019-12-19,19.83169336,370.4078052,21.47783013,1.136560414,1,3,12,2019,4,51,357.1829366,-0.019959243,349.7480111
2019-12-20,19.20296438,364.4519024,19.01604739,1.250454204,0,4,12,2019,4,51,358.4247405,-0.031703242,370.4078052
2019-12-21,18.84575316,366.9458271,20.34762154,1.246621538,0,5,12,2019,4,51,358.000897,-0.018601879,364.4519024
2019-12-22,18.16973601,372.3108493,17.43960729,1.203094811,0,6,12,2019,4,51,359.4694602,-0.03587106,366.9458271
2019-12-23,18.84054766,364.3937068,18.41611754,1.353430087,0,0,12,2019,4,52,361.6641223,0.036919174,372.3108493
2019-12-24,19.04923721,360.4782997,20.75269311,1.314500855,0,1,12,2019,4,52,364.1052002,0.011076618,364.3937068
2019-12-25,18.61609915,368.19239,17.50402719,1.282103911,0,2,12,2019,4,52,366.7401115,-0.022737816,360.4782997
2019-12-26,18.99916674,354.3255294,19.29745803,1.438654759,1,3,12,2019,4,52,364.4426435,0.020577221,368.19239
2019-12-27,19.05855826,345.4805955,18.63359178,1.167471872,1,4,12,2019,4,52,361.7324568,0.003126007,354.3255294
2019-12-28,18.86328324,367.968343,19.89762076,1.135738189,0,5,12,2019,4,52,361.8785305,-0.010246054,345.4805955
2019-12-29,18.60654163,374.5380103,17.22703913,1.268354542,0,6,12,2019,4,52,362.1966964,-0.013610653,367.968343
2019-12-30,18.97196562,349.2915067,18.73373453,1.157154812,0,0,12,2019,4,1,360.0392392,0.019639544,374.5380103
2019-12-31,19.0649785,368.3700571,19.82350775,1.183711023,1,1,12,2019,4,1,361.1666332,0.004902648,349.2915067
2020-01-01,18.2554638,381.1499116,17.91597145,1.084026265,0,2,1,2020,1,1,363.0177077,-0.042460824,368.3700571
2020-01-02,19.46308067,358.4272991,17.74461419,1.243384218,0,3,1,2020,1,1,363.6036748,0.066150983,381.1499116
2020-01-03,18.66557815,354.4045896,19.43128594,1.035717557,0,4,1,2020,1,1,364.8785311,-0.040975143,358.4272991
2020-01-04,18.68187192,363.8824079,18.69382207,1.17327447,0,5,1,2020,1,1,364.2948261,0.000872931,354.4045896
2020-01-05,18.98445683,355.7847704,17.12894901,1.181482728,0,6,1,2020,1,1,361.6157918,0.016196713,363.8824079
2020-01-06,18.70519821,356.6716447,19.12664838,1.139514428,0,0,1,2020,1,2,362.6700972,-0.014709856,355.7847704
2020-01-07,19.02374729,365.7323065,20.62128939,1.007496846,0,1,1,2020,1,2,362.2932757,0.017029976,356.6716447
2020-01-08,18.64968843,347.3894479,17.19883945,1.006855222,0,2,1,2020,1,2,357.4703523,-0.019662733,365.7323065
2020-01-09,18.15922369,351.5974702,18.48852754,1.108801101,0,3,1,2020,1,2,356.4946625,-0.026298817,347.3894479
2020-01-10,18.60588888,364.15574,19.45680644,1.237423385,0,4,1,2020,1,2,357.8876839,0.024597152,351.5974702
2020-01-11,17.8133574,367.863499,16.28416499,1.212510848,0,5,1,2020,1,2,358.4564112,-0.042595733,364.15574
2020-01-12,18.39998224,368.7517936,16.64320883,1.182074836,0,6,1,2020,1,2,360.3088431,0.03293174,367.863499
2020-01-13,18.28997754,384.7829984,18.15900618,1.095359533,0,0,1,2020,1,3,364.3247508,-0.005978522,368.7517936
2020-01-14,18.16384216,367.8727138,19.22165597,1.218031614,0,1,1,2020,1,3,364.6305233,-0.006896421,384.7829984
2020-01-15,18.16536734,372.9694935,16.93273603,1.004115474,0,2,1,2020,1,3,368.2848155,8.4e-05,367.8727138
2020-01-16,17.25088398,361.9743496,18.41234208,0.944463464,0,3,1,2020,1,3,369.7672268,-0.050342134,372.9694935
2020-01-17,17.88006469,376.4343012,18.43998698,1.159911267,0,4,1,2020,1,3,371.521307,0.036472375,361.9743496
2020-01-18,18.16392369,362.2445224,17.55424537,1.129713294,0,5,1,2020,1,3,370.7185961,0.015875726,376.4343012
2020-01-19,18.1609681,368.4118643,18.21845047,1.285735572,0,6,1,2020,1,3,370.6700347,-0.000162717,362.2445224
2020-01-20,17.53121457,369.9340229,19.16363355,1.20031683,0,0,1,2020,1,4,368.5487525,-0.034676209,368.4118643
2020-01-21,18.64240075,375.9740378,17.58514163,1.349691993,0,1,1,2020,1,4,369.7060845,0.063383297,369.9340229
2020-01-22,17.54144531,358.2286489,17.53981535,1.129896965,1,2,1,2020,1,4,367.6002496,-0.059056527,375.9740378
2020-01-23,18.42474709,344.2604785,18.88347375,1.233495711,0,3,1,2020,1,4,365.0696966,0.050355131,358.2286489
2020-01-24,18.1196098,366.666794,16.80780298,1.159690779,0,4,1,2020,1,4,363.6743384,-0.016561274,344.2604785
2020-01-25,17.54940985,376.5216061,15.94722626,1.323190474,0,5,1,2020,1,4,365.7139218,-0.031468666,366.666794
2020-01-26,18.72721487,367.6557309,16.90490687,1.164713467,0,6,1,2020,1,4,365.6059027,0.067113654,376.5216061
2020-01-27,17.21031009,386.2269608,16.60689203,1.2706592,0,0,1,2020,1,5,367.9334653,-0.08100002,367.6557309
2020-01-28,18.23481584,373.3450549,16.68101732,1.077556635,0,1,1,2020,1,5,367.5578963,0.059528605,386.2269608
2020-01-29,18.2441892,363.4764902,19.35259649,1.143897278,0,2,1,2020,1,5,368.3075879,0.000514036,373.3450549
2020-01-30,17.37780399,350.3847764,19.10626824,1.177114211,0,3,1,2020,1,5,369.1824876,-0.047488282,363.4764902
2020-01-31,18.37912716,366.4528767,16.76655659,1.311960316,0,4,1,2020,1,5,369.151928,0.057620812,350.3847764
2020-02-01,17.5282235,383.5552953,17.29238573,0.965999878,0,5,2,2020,1,5,370.1567407,-0.046297283,366.4528767
2020-02-02,17.76852497,368.3504513,16.08311684,1.152554137,0,6,2,2020,1,5,370.2559865,0.013709402,383.5552953
2020-02-03,17.72585678,372.9657393,16.42829177,1.149270579,0,0,2,2020,1,6,368.3615263,-0.002401336,368.3504513
2020-02-04,17.50065254,378.2219547,16.88085839,0.97832125,0,1,2,2020,1,6,369.0582263,-0.012704844,372.9657393
2020-02-05,17.94592232,361.8303936,17.5643856,1.139715036,0,2,2,2020,1,6,368.8230696,0.025443039,378.2219547
2020-02-06,17.91058078,378.5952098,19.48593438,1.032151909,0,3,2,2020,1,6,372.8531315,-0.001969335,361.8303936
2020-02-07,16.61350222,395.4237913,16.26739914,0.953252284,0,4,2,2020,1,6,376.9918336,-0.072419682,378.5952098
2020-02-08,18.1144901,370.0253259,18.10100443,1.160187359,0,5,2,2020,1,6,375.0589809,0.090347469,395.4237913
2020-02-09,16.606252,368.2113186,15.76127066,1.15690414,0,6,2,2020,1,6,375.0391048,-0.083261416,370.0253259
2020-02-10,17.92958151,372.4280975,16.1370721,1.162123304,0,0,2,2020,1,7,374.9622988,0.079688632,368.2113186
2020-02-11,17.95310974,350.9428891,19.38696881,1.212004496,0,1,2,2020,1,7,371.0652894,0.001312258,372.4280975
2020-02-12,16.82136689,382.4262035,15.41414099,1.098879,0,2,2,2020,1,7,374.007548,-0.06303882,350.9428891
2020-02-13,17.13918572,382.2040015,18.73055514,1.366004293,0,3,2,2020,1,7,374.5230896,0.018893757,382.4262035
2020-02-14,16.77013859,396.4974834,15.53197949,1.183689301,0,4,2,2020,1,7,374.6764742,-0.02153236,382.2040015
2020-02-15,17.19458912,375.8949846,17.5552576,1.315761758,0,5,2,2020,1,7,375.5149969,0.0253099,396.4974834
2020-02-16,17.12775702,382.4714402,18.83851366,1.019228798,0,6,2,2020,1,7,377.5521571,-0.00388681,375.8949846
2020-02-17,17.65199976,367.3714064,16.37563519,1.103865767,0,0,2,2020,1,8,376.8297727,0.030607787,382.4714402
2020-02-18,17.89839486,371.4083668,17.62613552,1.256050222,0,1,2,2020,1,8,379.7534124,0.013958481,367.3714064
2020-02-19,17.92283371,359.8203187,18.92803107,1.164862324,0,2,2,2020,1,8,376.5240002,0.001365421,371.4083668
2020-02-20,16.92634394,378.3298495,15.34268185,1.080300823,1,3,2,2020,1,8,375.9705499,-0.055598896,359.8203187
2020-02-21,17.08594232,376.6511715,17.73446575,1.003855782,0,4,2,2020,1,8,373.1353625,0.009428993,378.3298495
2020-02-22,16.3326528,386.6885944,14.96192948,1.261139149,0,5,2,2020,1,8,374.6773068,-0.044088263,376.6511715
2020-02-23,16.75595282,375.5713816,15.87298161,1.253079017,0,6,2,2020,1,8,373.6915841,0.025917408,386.6885944
2020-02-24,17.62653077,378.5165268,16.42819517,1.212350871,0,0,2,2020,1,9,375.2837442,0.051956338,375.5713816
2020-02-25,17.93781825,373.0227978,19.39916363,1.138528193,0,1,2,2020,1,9,375.5143772,0.017660167,378.5165268
2020-02-26,16.49948256,380.4645862,15.4450228,1.076909819,0,2,2,2020,1,9,378.4635583,-0.080184539,373.0227978
2020-02-27,16.80776659,383.274418,15.2629113,1.183020678,0,3,2,2020,1,9,379.1699252,0.018684466,380.4645862
2020-02-28,17.07885224,381.754553,17.37816145,1.056886982,0,4,2,2020,1,9,379.8989797,0.016128595,383.274418
2020-02-29,17.22090974,388.4860469,16.69112886,1.113360444,1,5,2,2020,1,9,380.1557586,0.008317743,381.754553
2020-03-01,16.66552185,382.6813899,16.35123084,1.31474392,0,6,3,2020,1,9,381.1714741,-0.032250787,388.4860469
2020-03-02,17.27257158,377.5915868,15.95661838,1.003635296,0,0,3,2020,1,10,381.0393398,0.036425486,382.6813899
2020-03-03,16.81456424,381.8115565,17.6493552,1.256571665,0,1,3,2020,1,10,382.2948768,-0.026516453,377.5915868
2020-03-04,17.03592829,375.6065992,17.38194042,1.338338487,0,2,3,2020,1,10,381.6008786,0.013165018,381.8115565
2020-03-05,17.30869676,378.0319829,16.83865156,1.270644874,0,3,3,2020,1,10,380.8519593,0.016011365,375.6065992
2020-03-06,17.03189755,403.5696295,15.91315717,1.2289402,0,4,3,2020,1,10,383.9683988,-0.015991915,378.0319829
2020-03-07,16.80435854,375.5131494,17.11843784,1.142861637,0,5,3,2020,1,10,382.1151277,-0.013359581,403.5696295
2020-03-08,16.96234643,381.3088712,17.90747914,1.124730126,0,6,3,2020,1,10,381.9190537,0.009401602,375.5131494
2020-03-09,16.96830582,380.4374157,16.33164577,0.964605855,0,0,3,2020,1,11,382.3256006,0.000351331,381.3088712
2020-03-10,16.82355503,382.8122229,15.22821224,1.19321962,0,1,3,2020,1,11,382.468553,-0.008530657,380.4374157
2020-03-11,16.875974,381.9585421,15.9118293,1.149394917,0,2,3,2020,1,11,383.3759734,0.003115808,382.8122229
2020-03-12,17.80224612,383.6822648,18.45166429,1.119915531,1,3,3,2020,1,11,384.1831565,0.054887032,381.9585421
2020-03-13,17.2816724,366.6424592,18.97215308,1.187810879,0,4,3,2020,1,11,378.9078465,-0.029242025,383.6822648
2020-03-14,16.85250272,396.5144298,15.21233707,1.19615594,0,5,3,2020,1,11,381.9080294,-0.024833805,366.6424592
2020-03-15,17.34849057,390.2424288,16.67590195,1.126463272,0,6,3,2020,1,11,383.1842519,0.029431109,396.5144298
2020-03-16,16.83361446,374.317249,15.3590601,1.35142709,0,0,3,2020,1,12,382.3099424,-0.029678438,390.2424288
2020-03-17,17.58833758,360.5377085,16.94231544,1.2632793,0,1,3,2020,1,12,379.1278689,0.044834288,374.317249
2020-03-18,17.18858734,375.7137814,16.86514743,1.279946888,0,2,3,2020,1,12,378.2357602,-0.022728143,360.5377085
2020-03-19,16.95284557,384.4949456,18.37980758,1.180088764,0,3,3,2020,1,12,378.3518575,-0.013715017,375.7137814
2020-03-20,17.23382426,411.5791524,15.78811596,1.241642625,0,4,3,2020,1,12,384.7713851,0.016574131,384.4949456
2020-03-21,16.22873477,396.494875,17.12824177,1.101048602,1,5,3,2020,1,12,384.7685915,-0.058320746,411.5791524
2020-03-22,16.45573301,372.1131395,16.11192139,1.257344926,0,6,3,2020,1,12,382.1786931,0.013987427,396.494875
2020-03-23,16.42783377,383.6947861,17.45050865,1.170378821,0,0,3,2020,1,13,383.5183412,-0.001695411,372.1131395
2020-03-24,17.1026816,386.9488635,17.14852426,1.088720738,0,1,3,2020,1,13,387.2913634,0.041079538,383.6947861
2020-03-25,17.90461397,386.2731137,16.25481852,1.188742435,0,2,3,2020,1,13,388.7998394,0.046889277,386.9488635
2020-03-26,18.16188385,369.5684482,19.78267174,1.161913709,0,3,3,2020,1,13,386.6674826,0.014368915,386.2731137
2020-03-27,17.37386558,385.5731793,15.92396112,1.423526055,1,4,3,2020,1,13,382.9523436,-0.043388576,369.5684482
2020-03-28,17.31459534,380.3111296,17.6528654,1.234858557,0,5,3,2020,1,13,380.64038,-0.00341146,385.5731793
2020-03-29,16.17370182,382.4235155,17.39535898,1.349390889,1,6,3,2020,1,13,382.1132908,-0.065892012,380.3111296
2020-03-30,16.81367341,393.1273258,15.40055073,1.304647863,0,0,3,2020,1,14,383.4607965,0.039568653,382.4235155
2020-03-31,16.70261743,399.09655,16.88264956,1.195397222,0,1,3,2020,1,14,385.1961803,-0.006605099,393.1273258
2020-04-01,16.79830104,399.5618943,17.88780483,1.147347252,0,2,4,2020,2,14,387.0945775,0.00572866,399.09655
2020-04-02,17.03758198,395.9720432,18.6947414,1.017796524,0,3,4,2020,2,14,390.8665197,0.014244354,399.5618943
2020-04-03,16.89924799,386.2202279,17.65744086,1.104824837,0,4,4,2020,2,14,390.9589552,-0.008119344,395.9720432
2020-04-04,16.15998972,402.3107457,15.44356688,1.258294548,0,5,4,2020,2,14,394.1017575,-0.043745039,386.2202279
2020-04-05,17.53864453,391.6385009,18.23868314,1.161906173,0,6,4,2020,2,14,395.418184,0.085312852,402.3107457
