price-elasticity-demand/time-series-analysis/ARIMA/time_series_dataset.csv
date,price,demand,competitor_price,economic_index,promotion,day_of_week,month,year,quarter,week_of_year,demand_moving_avg,price_change,demand_lag_1
2020-04-06,16.64406737,394.6371818,17.32902656,1.229801254,0,0,4,2020,2,15,395.6338777,-0.05100606,391.6385009
2020-04-07,17.31650762,384.0964784,18.00905022,0.989291717,0,1,4,2020,2,15,393.4910103,0.040401197,394.6371818
2020-04-08,18.2510626,380.8506376,19.54418848,1.237770727,0,2,4,2020,2,15,390.8179737,0.053969022,384.0964784
2020-04-09,16.77215358,394.2324827,15.38804858,1.302167408,1,3,4,2020,2,15,390.569465,-0.081031393,380.8506376
2020-04-10,15.98520986,422.1076401,14.73331167,1.015043433,0,4,4,2020,2,15,395.6962382,-0.046919659,394.2324827
2020-04-11,17.12653782,395.2961271,17.60819472,1.229875663,1,5,4,2020,2,15,394.6941498,0.071398998,422.1076401
2020-04-12,17.8398799,382.8874255,19.45931675,1.327172747,0,6,4,2020,2,15,393.4439962,0.041651272,395.2961271
2020-04-13,18.2891029,378.7124806,18.16414677,1.360927957,0,0,4,2020,2,16,391.1690388,0.025180831,382.8874255
2020-04-14,16.71634733,390.2665159,18.25613254,1.142669395,1,1,4,2020,2,16,392.0504728,-0.085994134,378.7124806
2020-04-15,17.60132332,412.8171042,19.14349938,1.271112346,0,2,4,2020,2,16,396.6171109,0.052940752,390.2665159
2020-04-16,17.14282332,389.6297981,18.52422541,1.336198304,0,3,4,2020,2,16,395.9595845,-0.026049178,412.8171042
2020-04-17,17.3456569,401.9634127,18.76748377,1.233457471,0,4,4,2020,2,16,393.0818377,0.011831982,389.6297981
2020-04-18,18.74459725,382.4280385,20.23786232,1.321927101,0,5,4,2020,2,16,391.2435394,0.080650757,401.9634127
2020-04-19,16.69537102,399.3334062,17.76350541,1.189933187,0,6,4,2020,2,16,393.5929652,-0.109323567,382.4280385
2020-04-20,17.5987867,400.4108256,18.28506532,1.233050776,0,0,4,2020,2,17,396.6927287,0.054111746,399.3334062
2020-04-21,17.73144803,386.4006987,16.0448617,1.131558449,0,1,4,2020,2,17,396.1404691,0.007538095,400.4108256
2020-04-22,18.06679673,384.3222872,16.73799681,1.177359366,0,2,4,2020,2,17,392.069781,0.018912652,386.4006987
2020-04-23,17.59980834,409.9482103,16.31231919,1.237291009,1,3,4,2020,2,17,394.9724113,-0.02584788,384.3222872
2020-04-24,17.73235964,402.8345894,16.04260863,1.124357469,0,4,4,2020,2,17,395.0968651,0.007531406,409.9482103
2020-04-25,17.41062533,402.7966835,16.07593295,1.171760775,1,5,4,2020,2,17,398.0066716,-0.018143909,402.8345894
2020-04-26,17.76971901,401.2605961,19.26147425,1.27030679,0,6,4,2020,2,17,398.2819844,0.020624973,402.7966835
2020-04-27,17.49284894,399.661981,18.06592967,1.399575185,0,0,4,2020,2,18,398.1750066,-0.015581004,401.2605961
2020-04-28,18.00509694,412.9774767,17.32836823,0.989475593,0,1,4,2020,2,18,401.9716892,0.02928328,399.661981
2020-04-29,17.53994075,395.8599932,18.5690442,1.392177119,0,2,4,2020,2,18,403.6199329,-0.025834695,412.9774767
2020-04-30,17.94429253,399.4678521,17.90255227,1.168632286,1,3,4,2020,2,18,402.1227389,0.023053201,395.8599932
2020-05-01,17.7726612,380.3409877,16.50059021,1.291209459,0,4,5,2020,2,18,398.9093672,-0.009564675,399.4678521
2020-05-02,18.38241406,383.8491209,19.79602935,1.310928752,0,5,5,2020,2,18,396.2025725,0.034308473,380.3409877
2020-05-03,17.82632655,383.1689817,17.25111358,1.351369169,0,6,5,2020,2,18,393.6180562,-0.03025106,383.8491209
2020-05-04,16.99867173,412.3547076,17.67474029,1.122223315,0,0,5,2020,2,19,395.4313028,-0.046428792,383.1689817
2020-05-05,18.54983518,366.6320868,17.77294642,1.172592381,0,1,5,2020,2,19,388.8105329,0.091252038,412.3547076
2020-05-06,17.50020833,393.6823521,17.50045771,1.189859912,0,2,5,2020,2,19,388.4994413,-0.05658416,366.6320868
2020-05-07,17.66089651,367.2653593,18.77795779,1.159576148,1,3,5,2020,2,19,383.8990852,0.009182072,393.6823521
2020-05-08,17.72515081,388.869261,16.50841615,1.327295639,0,4,5,2020,2,19,385.1174099,0.003638224,367.2653593
2020-05-09,18.74589019,387.4705001,20.53519064,1.187836782,0,5,5,2020,2,19,385.6347498,0.057587063,388.869261
2020-05-10,17.0270028,415.1252325,15.56341587,1.033764795,0,6,5,2020,2,19,390.1999285,-0.091694092,387.4705001
2020-05-11,19.70035311,392.178681,19.83435062,1.13241819,1,0,5,2020,2,20,387.317639,0.157006511,415.1252325
2020-05-12,18.69660731,385.2028716,20.25226046,1.037979579,0,1,5,2020,2,20,389.9706082,-0.05095065,392.178681
2020-05-13,18.31775038,406.3918775,19.95057225,1.173085713,0,2,5,2020,2,20,391.7862547,-0.020263405,385.2028716
2020-05-14,18.21667865,396.7200911,17.24066166,1.263274569,0,3,5,2020,2,20,395.9940736,-0.005517694,406.3918775
2020-05-15,18.42533073,396.1788348,17.11339184,1.130671945,0,4,5,2020,2,20,397.0382984,0.011453904,396.7200911
2020-05-16,18.58196679,383.2984056,19.41593661,1.155916325,0,5,5,2020,2,20,396.4422849,0.008501126,396.1788348
2020-05-17,18.6832795,385.2240192,16.97179233,1.168843103,0,6,5,2020,2,20,392.170683,0.005452206,383.2984056
2020-05-18,18.67814463,387.2049095,18.6230029,1.210493891,0,0,5,2020,2,21,391.4601442,-0.000274837,385.2240192
2020-05-19,18.48519821,397.1917195,19.58083523,1.24812793,0,1,5,2020,2,21,393.1728367,-0.010330064,387.2049095
2020-05-20,18.382189,398.3279306,18.60371175,1.277345205,0,2,5,2020,2,21,392.0208443,-0.005572524,397.1917195
2020-05-21,18.44604682,412.9780475,17.29506244,1.42227137,0,3,5,2020,2,21,394.3434095,0.003473896,398.3279306
2020-05-22,18.4654194,401.5985504,18.41757291,1.209169275,0,4,5,2020,2,21,395.1176546,0.001050229,412.9780475
2020-05-23,19.17130332,367.4510548,20.78658039,1.270498997,0,5,5,2020,2,21,392.8537474,0.038227343,401.5985504
2020-05-24,18.94308577,398.6027317,19.38716087,1.038264027,0,6,5,2020,2,21,394.764992,-0.011904123,367.4510548
2020-05-25,17.21833631,390.4087754,17.98107633,1.159201413,1,0,5,2020,2,22,395.2226871,-0.091049024,398.6027317
2020-05-26,19.05902788,386.3550072,18.43489762,1.170178033,0,1,5,2020,2,22,393.6745854,0.106902986,390.4087754
2020-05-27,18.8713056,389.1412115,17.69556202,1.095588243,0,2,5,2020,2,22,392.3621969,-0.00984952,386.3550072
2020-05-28,18.80774571,391.2572317,17.88858195,1.143820469,0,3,5,2020,2,22,389.2592232,-0.003368071,389.1412115
2020-05-29,18.66629537,385.1566007,18.79015592,1.18677128,0,4,5,2020,2,22,386.9103733,-0.007520856,391.2572317
2020-05-30,19.46634666,397.2531926,18.61068452,1.147153425,0,5,5,2020,2,22,391.1678215,0.042860743,385.1566007
2020-05-31,19.42205964,381.6426134,19.58506816,1.457903191,0,6,5,2020,2,22,388.7449475,-0.002275056,397.2531926
2020-06-01,18.60612322,403.7081049,19.37936366,1.249047316,0,0,6,2020,2,23,390.6448517,-0.042010808,381.6426134
2020-06-02,19.24060247,419.6501234,20.14258605,1.398022066,0,1,6,2020,2,23,395.4012969,0.034100562,403.7081049
2020-06-03,18.59599987,387.5214724,17.34889611,1.34728492,0,2,6,2020,2,23,395.1699056,-0.033502205,419.6501234
2020-06-04,18.43699765,399.0768535,19.36043625,1.134195199,0,3,6,2020,2,23,396.2869944,-0.008550345,387.5214724
2020-06-05,18.85864211,374.8912757,19.50997487,1.201975869,0,4,6,2020,2,23,394.8205194,0.022869475,399.0768535
2020-06-06,19.64859578,393.4790635,17.73091301,1.15483737,0,5,6,2020,2,23,394.2813581,0.041888152,374.8912757
2020-06-07,19.73955303,402.7733452,17.99801981,1.182237566,0,6,6,2020,2,23,397.3000341,0.004629198,393.4790635
2020-06-08,19.56530656,404.7365376,20.13758982,1.100876485,0,0,6,2020,2,24,397.446953,-0.008827275,402.7733452
2020-06-09,19.71725567,397.8569596,19.25864768,1.154466329,0,1,6,2020,2,24,394.3336439,0.007766252,404.7365376
2020-06-10,19.65890009,406.5808279,18.26745887,1.23467176,1,2,6,2020,2,24,397.056409,-0.002959619,397.8569596
2020-06-11,19.1263212,426.1248857,17.38351765,1.232132088,0,3,6,2020,2,24,400.9204136,-0.027090981,406.5808279
2020-06-12,19.70941077,415.1853377,18.36679917,1.224260259,0,4,6,2020,2,24,406.6767082,0.030486238,426.1248857
2020-06-13,19.94016677,391.9968339,21.76474772,1.19305242,0,5,6,2020,2,24,406.4649611,0.01170791,415.1853377
2020-06-14,19.96373372,382.9068224,20.87234569,1.285194155,0,6,6,2020,2,24,403.6268864,0.001181883,391.9968339
2020-06-15,20.2277728,392.3499156,20.33985659,1.173515619,0,0,6,2020,2,25,401.857369,0.013225937,382.9068224
2020-06-16,20.0342866,388.2228928,21.80347638,1.338475166,0,1,6,2020,2,25,400.4810737,-0.009565374,392.3499156
2020-06-17,19.90275627,403.1777916,20.37688147,1.014660186,0,2,6,2020,2,25,399.9949257,-0.006565261,388.2228928
2020-06-18,20.30907215,385.1348173,21.22560103,1.265201054,1,3,6,2020,2,25,394.1392016,0.020415056,403.1777916
2020-06-19,19.80775703,399.0391794,18.94672104,1.248457073,1,4,6,2020,2,25,391.8326076,-0.024684294,385.1348173
2020-06-20,19.42714514,410.3647263,19.77287777,1.132263316,0,5,6,2020,2,25,394.4565922,-0.019215295,399.0391794
2020-06-21,19.83364634,399.2592784,18.41941709,1.164296879,0,6,6,2020,2,25,396.7926573,0.020924392,410.3647263
2020-06-22,19.58984679,392.3362763,19.21561468,1.246399086,0,0,6,2020,2,26,396.7907089,-0.01229222,399.2592784
2020-06-23,19.67183657,413.4517959,17.83543256,1.291613527,0,1,6,2020,2,26,400.3948379,0.00418532,392.3362763
2020-06-24,19.98429164,381.6657576,18.85169425,1.025173695,0,2,6,2020,2,26,397.3216902,0.015883371,413.4517959
2020-06-25,19.70745233,398.8759853,18.03180108,1.263044629,0,3,6,2020,2,26,399.2847142,-0.013852846,381.6657576
2020-06-26,19.99676725,400.6049059,19.54795509,1.154554913,0,4,6,2020,2,26,399.5083894,0.014680483,398.8759853
2020-06-27,19.25098921,405.2235882,20.57174246,1.312949019,0,5,6,2020,2,26,398.7739411,-0.03729493,400.6049059
2020-06-28,20.35144311,401.6812458,19.8545997,1.016592531,0,6,6,2020,2,26,399.1199364,0.057163499,405.2235882
2020-06-29,20.2923383,406.5901962,21.638287,1.445149959,1,0,6,2020,2,27,401.1562107,-0.002904207,401.6812458
2020-06-30,19.93005855,402.2570341,20.55386266,1.112106079,0,1,6,2020,2,27,399.556959,-0.017853031,406.5901962
2020-07-01,20.71500945,395.3195936,20.75448997,1.343816201,0,2,7,2020,3,27,401.507507,0.039385278,402.2570341
2020-07-02,20.90086032,394.3087494,19.80102233,1.19400163,1,3,7,2020,3,27,400.8550448,0.008971798,395.3195936
2020-07-03,19.67487733,398.7130065,21.3360512,1.119153428,0,4,7,2020,3,27,400.5847734,-0.058657059,394.3087494
2020-07-04,20.14375876,410.6726709,18.34774448,1.227631513,0,5,7,2020,3,27,401.3632138,0.023831479,398.7130065
2020-07-05,20.18688426,396.4296667,20.94959731,1.304132667,0,6,7,2020,3,27,400.6129882,0.002140887,410.6726709
2020-07-06,20.14769715,411.8717883,20.63623808,1.046049652,0,0,7,2020,3,28,401.3675014,-0.001941216,396.4296667
2020-07-07,21.07842696,399.2534456,20.82987657,1.271579027,0,1,7,2020,3,28,400.9384173,0.046195345,411.8717883
2020-07-08,20.61265352,396.4926246,19.54211869,1.200302302,0,2,7,2020,3,28,401.1059932,-0.022097163,399.2534456
2020-07-09,20.62301111,408.1501193,20.33715942,1.25932457,0,3,7,2020,3,28,403.0833317,0.000502487,396.4926246
2020-07-10,19.79885291,399.1247607,21.27494738,1.202817708,0,4,7,2020,3,28,403.1421537,-0.03996304,408.1501193
2020-07-11,21.16381104,406.2685985,22.5892619,1.144633298,0,5,7,2020,3,28,402.5130006,0.068941273,399.1247607
2020-07-12,20.27158195,406.7871883,22.06108119,1.090607867,0,6,7,2020,3,28,403.9926465,-0.042158243,406.2685985
2020-07-13,20.96606665,395.5360425,20.16010256,1.269284713,0,0,7,2020,3,29,401.6589685,0.034259028,406.7871883
2020-07-14,21.11944698,406.3302719,20.64258743,1.268847411,0,1,7,2020,3,29,402.6699437,0.007315646,395.5360425
2020-07-15,21.70550395,403.8908098,19.61624567,1.268447447,0,2,7,2020,3,29,403.7268273,0.027749636,406.3302719
2020-07-16,20.41492759,416.7639896,22.22348601,1.245079864,0,3,7,2020,3,29,404.9573802,-0.059458484,403.8908098
2020-07-17,19.60348096,419.2182092,18.93457134,1.296890129,0,4,7,2020,3,29,407.8278728,-0.039747711,416.7639896
2020-07-18,21.24878633,406.5533658,20.84150583,1.34312718,0,5,7,2020,3,29,407.8685539,0.083929246,419.2182092
2020-07-19,22.10045617,386.4164688,23.90298976,1.014978477,0,6,7,2020,3,29,404.9584511,0.04008087,406.5533658
2020-07-20,21.86271658,423.6767245,21.97901937,0.968540528,0,0,7,2020,3,30,408.9785485,-0.010757225,386.4164688
2020-07-21,21.39080913,387.8236724,21.67391453,1.374615018,1,1,7,2020,3,30,406.3347486,-0.021585033,423.6767245
2020-07-22,21.08257999,413.2027065,19.71741057,1.068815641,0,2,7,2020,3,30,407.6650196,-0.01440942,387.8236724
2020-07-23,21.77405021,404.8742962,21.76821486,1.094395973,0,3,7,2020,3,30,405.9664919,0.032798178,413.2027065
2020-07-24,20.92546843,393.3713051,22.6757106,1.174358881,0,4,7,2020,3,30,402.274077,-0.038972161,404.8742962
2020-07-25,21.69182451,400.3459164,21.946565,1.037823164,0,5,7,2020,3,30,401.3872986,0.036623127,393.3713051
2020-07-26,21.74742606,400.8309697,20.68230831,1.165161662,0,6,7,2020,3,30,403.446513,0.002563249,400.3459164
2020-07-27,22.06547243,413.3912655,19.99652928,1.108609808,0,0,7,2020,3,31,401.9771617,0.014624552,400.8309697
2020-07-28,22.95549508,389.0589667,22.20394031,1.180186265,0,1,7,2020,3,31,402.1536323,0.040335536,413.3912655
2020-07-29,21.81178178,399.5975096,22.12844922,1.231604493,0,2,7,2020,3,31,400.2100327,-0.049823073,389.0589667
2020-07-30,21.40060203,381.2180346,19.44293183,1.169366549,0,3,7,2020,3,31,396.8305668,-0.018851269,399.5975096
2020-07-31,21.68139827,420.8277923,22.15748959,1.164415653,0,4,7,2020,3,31,400.7529221,0.013120951,381.2180346
2020-08-01,20.84833097,397.245764,20.94595881,1.229719972,0,5,8,2020,3,31,400.3100432,-0.038423136,420.8277923
2020-08-02,21.4237682,408.646833,22.63821936,1.308449582,0,6,8,2020,3,31,401.4265951,0.027601118,397.245764
2020-08-03,21.60430231,403.7649462,19.56869384,1.364416847,0,0,8,2020,3,32,400.0514066,0.008426814,408.646833
2020-08-04,21.58427167,404.2026332,22.79664875,1.182366597,0,1,8,2020,3,32,402.2147876,-0.00092716,403.7649462
2020-08-05,21.95941001,411.7085189,22.05109953,1.386809347,1,2,8,2020,3,32,403.9449317,0.017380171,404.2026332
2020-08-06,21.50847455,422.8796193,20.95153124,1.292091126,0,3,8,2020,3,32,409.8965867,-0.020534953,411.7085189
2020-08-07,22.51617805,403.945291,24.61190724,1.081319607,0,4,8,2020,3,32,407.4848008,0.046851463,422.8796193
2020-08-08,21.99126182,410.9070394,20.49638182,1.078499636,1,5,8,2020,3,32,409.4364116,-0.023312848,403.945291
2020-08-09,22.02151232,407.7946809,22.20352064,1.146991687,0,6,8,2020,3,32,409.3146756,0.001375569,410.9070394
2020-08-10,21.89671928,415.6052266,21.11273559,1.34928088,0,0,8,2020,3,33,411.0061442,-0.00566687,407.7946809
2020-08-11,22.1722576,399.7226497,22.29414461,1.15478376,0,1,8,2020,3,33,410.3661465,0.012583544,415.6052266
2020-08-12,22.54069008,413.5625487,22.77635503,1.01578482,1,2,8,2020,3,33,410.6310079,0.016616823,399.7226497
2020-08-13,21.72752934,418.2778251,19.94347429,1.182232091,0,3,8,2020,3,33,409.9736088,-0.036075237,413.5625487
2020-08-14,21.86445637,417.6113166,22.56908285,1.007163325,0,4,8,2020,3,33,411.9258981,0.006302007,418.2778251
2020-08-15,22.07353045,399.4362167,22.66722673,1.099821967,0,5,8,2020,3,33,410.2872092,0.009562281,417.6113166
2020-08-16,21.58378766,407.0995044,22.74701255,1.146717701,0,6,8,2020,3,33,410.1878982,-0.022186881,399.4362167
2020-08-17,21.87786693,410.0029662,20.08676313,1.220487443,0,0,8,2020,3,34,409.3875753,0.013625007,407.0995044
2020-08-18,22.07959363,393.1863831,21.18430385,1.308036795,0,1,8,2020,3,34,408.453823,0.009220584,410.0029662
2020-08-19,22.7845349,419.6137572,23.46857494,1.275134166,0,2,8,2020,3,34,409.3182813,0.031927275,393.1863831
2020-08-20,22.50767793,405.2198382,20.87240881,1.087888102,0,3,8,2020,3,34,407.4528546,-0.012151092,419.6137572
2020-08-21,22.50166272,408.5050159,23.30091372,1.168749366,0,4,8,2020,3,34,406.1519545,-0.000267252,405.2198382
2020-08-22,22.85819375,398.4053772,20.84222318,1.213658161,0,5,8,2020,3,34,406.0046917,0.015844653,408.5050159
2020-08-23,22.39133553,393.5325478,21.65211493,1.1798999,0,6,8,2020,3,34,404.0665551,-0.020424108,398.4053772
2020-08-24,22.6819234,399.5989551,24.25473842,1.179291099,0,0,8,2020,3,35,402.5802678,0.012977693,393.5325478
2020-08-25,22.46113598,409.2253508,23.69331477,1.0340463,0,1,8,2020,3,35,404.8715489,-0.00973407,399.5989551
2020-08-26,22.6708638,413.0083121,23.32723389,1.091147227,0,2,8,2020,3,35,403.9279139,0.009337365,409.2253508
2020-08-27,22.27161268,410.1767741,23.92175396,1.166226667,0,3,8,2020,3,35,404.6360476,-0.017610759,413.0083121
2020-08-28,21.36776031,416.8331533,22.2620846,0.897298095,0,4,8,2020,3,35,405.8257815,-0.040583158,410.1767741
2020-08-29,22.54356772,404.4036073,22.63092452,1.270785104,0,5,8,2020,3,35,406.6826715,0.055027171,416.8331533
2020-08-30,23.34497549,409.0155035,25.58477415,1.069552772,0,6,8,2020,3,35,408.8945223,0.035549288,404.4036073
2020-08-31,23.11895332,420.2968227,24.01992704,1.275604505,0,0,8,2020,3,36,411.8513605,-0.009681834,409.0155035
2020-09-01,23.16013313,412.595023,23.6296686,1.266912303,0,1,9,2020,3,36,412.3327423,0.001781214,420.2968227
2020-09-02,23.31642778,413.1447649,22.89146518,1.152751408,0,2,9,2020,3,36,412.3522355,0.006748435,412.595023
2020-09-03,22.76295332,411.0397187,24.5949727,1.307275555,0,3,9,2020,3,36,412.4755133,-0.023737532,413.1447649
2020-09-04,22.83687357,392.980374,21.90380046,1.281640467,0,4,9,2020,3,36,409.0679734,0.003247393,411.0397187
2020-09-05,22.44830522,399.7891959,20.24486755,1.176524595,0,5,9,2020,3,36,408.4087718,-0.017014954,392.980374
2020-09-06,22.61732977,414.2197036,21.24554585,1.165344791,0,6,9,2020,3,36,409.152229,0.007529502,399.7891959
2020-09-07,23.10080189,407.4235031,21.29671007,1.317344041,0,0,9,2020,3,37,407.3131833,0.02137618,414.2197036
2020-09-08,23.41171939,410.6551339,22.564186,1.230922156,0,1,9,2020,3,37,407.0360563,0.013459165,407.4235031
2020-09-09,22.75622149,426.575907,24.23937497,1.312290499,0,2,9,2020,3,37,408.9547909,-0.027998708,410.6551339
2020-09-10,22.61632006,418.0480867,23.30172883,0.969023385,0,3,9,2020,3,37,409.9559863,-0.006147832,426.575907
2020-09-11,22.85644751,422.4515557,21.34326195,1.217869312,0,4,9,2020,3,37,414.1661551,0.010617441,418.0480867
2020-09-12,23.17085088,409.5121415,24.50929989,1.050379903,0,5,9,2020,3,37,415.5551474,0.013755566,422.4515557
