price-elasticity-demand/time-series-analysis/ARIMA/time_series_dataset.csv
date,price,demand,competitor_price,economic_index,promotion,day_of_week,month,year,quarter,week_of_year,demand_moving_avg,price_change,demand_lag_1
2021-02-19,18.48251111,458.5395944,17.42178777,1.307100713,0,4,2,2021,1,7,458.9369829,0.011019565,447.6340354
2021-02-20,19.14116159,460.7254634,17.94412597,1.241188884,0,5,2,2021,1,7,460.4230914,0.035636418,458.5395944
2021-02-21,17.333913,472.4902264,16.84465544,1.226544779,1,6,2,2021,1,7,459.2251653,-0.094416871,460.7254634
2021-02-22,18.88819753,471.1487447,17.13491828,1.17781764,0,0,2,2021,1,8,461.8361122,0.089667263,472.4902264
2021-02-23,18.09580058,488.9509539,17.31041329,1.298987347,0,1,2,2021,1,8,464.6284053,-0.041951962,471.1487447
2021-02-24,17.55874476,464.6973513,18.0933131,1.259472087,0,2,2,2021,1,8,466.3123385,-0.029678478,488.9509539
2021-02-25,17.3079857,456.8215482,17.82002185,1.201039668,0,3,2,2021,1,8,467.6248403,-0.014281149,464.6973513
2021-02-26,17.84408824,465.3051919,16.32217954,1.102277028,0,4,2,2021,1,8,468.5913543,0.030974289,456.8215482
2021-02-27,18.36548813,455.5098369,17.58464494,1.331715402,0,5,2,2021,1,8,467.8462648,0.029219755,465.3051919
2021-02-28,17.80742025,470.2225101,18.05514876,1.285513025,0,6,2,2021,1,8,467.5223053,-0.030386771,455.5098369
2021-03-01,18.59382936,444.0577289,17.91906724,1.250662802,0,0,3,2021,1,9,463.6521602,0.044161878,470.2225101
2021-03-02,17.08025463,488.2771853,16.80009754,0.959545123,0,1,3,2021,1,9,463.5559075,-0.081401991,444.0577289
2021-03-03,17.76793006,469.710564,18.52417139,1.221533107,0,2,3,2021,1,9,464.2720808,0.040261427,488.2771853
2021-03-04,17.11645922,447.5600434,15.43653636,1.201302172,0,3,3,2021,1,9,462.9490086,-0.036665545,469.710564
2021-03-05,17.89371036,453.4142116,17.09348053,1.163672984,1,4,3,2021,1,9,461.2502972,0.045409576,447.5600434
2021-03-06,18.12514127,467.496856,16.82873055,1.30104609,1,5,3,2021,1,9,462.9627285,0.012933646,453.4142116
2021-03-07,17.44169195,474.5034594,16.14266677,1.297208576,0,6,3,2021,1,9,463.5742926,-0.037707255,467.496856
2021-03-08,16.32092063,455.6062536,17.81931241,1.269505054,0,0,3,2021,1,10,465.2240819,-0.064258177,474.5034594
2021-03-09,17.69404293,468.5760596,17.25721357,1.329711684,0,1,3,2021,1,10,462.4096354,0.08413265,455.6062536
2021-03-10,17.78507306,441.4980635,17.88142756,1.123792751,0,2,3,2021,1,10,458.3792781,0.005144677,468.5760596
2021-03-11,17.74158659,460.2743774,18.57126084,1.180757207,0,3,3,2021,1,10,460.1956116,-0.002445111,441.4980635
2021-03-12,18.13067297,470.3196448,16.4896566,1.233701849,0,4,3,2021,1,10,462.6106735,0.021930754,460.2743774
2021-03-13,16.95121149,459.55623,16.07321549,1.16412243,0,5,3,2021,1,10,461.4762983,-0.065053375,470.3196448
2021-03-14,17.80142308,445.7240426,18.98396374,1.299139564,0,6,3,2021,1,10,457.3649531,0.050156391,459.55623
2021-03-15,18.03277199,461.0696387,19.33831083,1.174302567,0,0,3,2021,1,11,458.1454367,0.012996091,445.7240426
2021-03-16,16.52306027,461.0778651,16.10321235,1.356459663,0,1,3,2021,1,11,457.074266,-0.083720446,461.0696387
2021-03-17,17.5486544,468.2597071,17.10945229,1.133606732,0,2,3,2021,1,11,460.897358,0.062070471,461.0778651
2021-03-18,17.11385739,455.2499218,17.99315669,1.440021047,0,3,3,2021,1,11,460.1795786,-0.024776658,468.2597071
2021-03-19,17.30295483,455.3944463,16.59377671,1.429852428,0,4,3,2021,1,11,458.0474074,0.011049376,455.2499218
2021-03-20,17.4959788,441.9068285,16.15611603,1.217547388,0,5,3,2021,1,11,455.5260643,0.011155549,455.3944463
2021-03-21,17.05761152,465.9673331,16.2304383,1.341739757,1,6,3,2021,1,11,458.417963,-0.025055316,441.9068285
2021-03-22,16.94312302,463.1885203,16.56137661,1.187179916,0,0,3,2021,1,12,458.7206603,-0.006711872,465.9673331
2021-03-23,17.27847554,451.1922464,15.73103155,1.328651382,1,1,3,2021,1,12,457.3084291,0.01979284,463.1885203
2021-03-24,16.69887448,467.8654184,16.62767133,1.209824909,0,2,3,2021,1,12,457.2521021,-0.033544687,451.1922464
2021-03-25,16.68136351,476.2370704,17.48209402,1.098978762,0,3,3,2021,1,12,460.2502662,-0.001048632,467.8654184
2021-03-26,17.54642634,459.4348054,17.59466198,0.874340944,1,4,3,2021,1,12,460.8274604,0.051858041,476.2370704
2021-03-27,16.61549565,468.874292,15.19286143,1.200851428,0,5,3,2021,1,12,464.6799551,-0.053055288,459.4348054
2021-03-28,17.50689537,464.4142751,17.29733654,1.255729033,0,6,3,2021,1,12,464.4580897,0.053648699,468.874292
2021-03-29,17.3895787,450.168043,18.11613132,1.360954435,0,0,3,2021,1,13,462.5980215,-0.006701169,464.4142751
2021-03-30,16.28062491,488.2636226,14.84173238,1.231685305,0,1,3,2021,1,13,467.8939324,-0.063771171,450.168043
2021-03-31,16.7906961,460.3786256,15.31260169,1.328413826,0,2,3,2021,1,13,466.8243906,0.031329952,488.2636226
2021-04-01,17.71319168,466.973587,17.25477925,1.182828668,0,3,4,2021,2,13,465.5010358,0.054940878,460.3786256
2021-04-02,16.61292446,473.5417589,15.59941634,1.194594935,0,4,4,2021,2,13,467.5163149,-0.062115695,466.973587
2021-04-03,16.85939015,463.1552399,18.32541795,1.333826411,1,5,4,2021,2,13,466.6993074,0.01483578,473.5417589
2021-04-04,17.31142554,468.2909493,17.59306029,0.982055404,0,6,4,2021,2,13,467.253118,0.026812084,463.1552399
2021-04-05,17.46161367,463.8603092,16.71888532,1.229921245,0,0,4,2021,2,14,469.2091561,0.008675665,468.2909493
2021-04-06,16.93439538,449.7899461,17.6279494,1.188726737,0,1,4,2021,2,14,463.7129166,-0.030192987,463.8603092
2021-04-07,16.75238165,461.4799,16.3333344,1.364884003,0,2,4,2021,2,14,463.8702415,-0.010748168,449.7899461
2021-04-08,17.75402134,453.5932166,16.447736,1.176098263,0,3,4,2021,2,14,461.95876,0.059790883,461.4799
2021-04-09,17.90471568,454.270186,16.96375923,1.280681399,0,4,4,2021,2,14,459.2056782,0.008487899,453.5932166
2021-04-10,17.51785596,447.7023741,18.01798123,1.321274609,0,5,4,2021,2,14,456.9981259,-0.021606583,454.270186
2021-04-11,17.06498043,474.1896831,15.53553533,1.079963323,0,6,4,2021,2,14,457.8408021,-0.025852224,447.7023741
2021-04-12,16.61281777,481.1227429,15.85756266,1.215385901,0,0,4,2021,2,15,460.3068641,-0.026496524,474.1896831
2021-04-13,16.59709387,474.8762209,15.62885751,1.186259299,1,1,4,2021,2,15,463.8906177,-0.000946492,481.1227429
2021-04-14,17.26967588,474.3514301,16.23741592,1.324152277,0,2,4,2021,2,15,465.7294077,0.040524083,474.8762209
2021-04-15,17.21445896,458.3868356,17.84369017,1.297131146,0,3,4,2021,2,15,466.4142104,-0.003197333,474.3514301
2021-04-16,17.70363923,452.9337843,18.85726826,1.206402769,0,4,4,2021,2,15,466.2232958,0.028416825,458.3868356
2021-04-17,17.32638472,453.3039367,18.0744223,1.125082177,0,5,4,2021,2,15,467.0235191,-0.021309433,452.9337843
2021-04-18,16.24867933,472.824281,16.72225624,1.333737662,0,6,4,2021,2,15,466.8284616,-0.062200246,453.3039367
2021-04-19,17.52599339,462.171109,18.98573959,1.223257725,0,0,4,2021,2,16,464.1210854,0.078610331,472.824281
2021-04-20,16.50152972,464.1521199,15.04408947,1.068285356,1,1,4,2021,2,16,462.5890709,-0.058453957,462.171109
2021-04-21,16.80985506,476.233863,15.69194284,1.076984982,0,2,4,2021,2,16,462.8579899,0.018684652,464.1521199
2021-04-22,17.12896137,465.634058,16.83573704,1.274086375,0,3,4,2021,2,16,463.8933074,0.018983287,476.233863
2021-04-23,18.00445498,448.7165335,17.54516725,1.102842423,0,4,4,2021,2,16,463.290843,0.051111891,465.634058
2021-04-24,18.56507919,447.3849731,18.2608035,1.416487802,0,5,4,2021,2,16,462.4452768,0.031138083,448.7165335
2021-04-25,17.31771799,467.1430165,16.30101175,1.136916034,0,6,4,2021,2,16,461.6336676,-0.067188575,447.3849731
2021-04-26,16.9277315,472.5807081,15.74110875,1.230687,0,0,4,2021,2,17,463.1207532,-0.022519508,467.1430165
2021-04-27,17.29229157,465.7458972,17.32408603,1.246734279,0,1,4,2021,2,17,463.3484356,0.021536262,472.5807081
2021-04-28,17.47530956,478.1695644,18.97137964,1.157985318,0,2,4,2021,2,17,463.6249644,0.010583791,465.7458972
2021-04-29,16.87832373,478.4205106,16.51364885,1.007040399,0,3,4,2021,2,17,465.4516005,-0.034161674,478.1695644
2021-04-30,17.94416972,461.0345655,16.30534024,1.250212622,0,4,4,2021,2,17,467.2113193,0.063148806,478.4205106
2021-05-01,17.17023479,451.9892435,17.87822313,1.155899123,0,5,5,2021,2,17,467.8690723,-0.043130161,461.0345655
2021-05-02,17.31343305,446.4385266,16.59009481,1.242976975,0,6,5,2021,2,17,464.911288,0.008339913,451.9892435
2021-05-03,17.40761015,455.0712212,16.52015281,1.219190037,0,0,5,2021,2,18,462.4099327,0.005439539,446.4385266
2021-05-04,17.29624978,466.9096817,16.68831428,1.257852277,0,1,5,2021,2,18,462.5761876,-0.006397223,455.0712212
2021-05-05,17.51645444,476.4168907,18.30054532,1.387810174,0,2,5,2021,2,18,462.3258057,0.012731353,466.9096817
2021-05-06,16.80060173,465.7762439,17.87187324,1.177104871,0,3,5,2021,2,18,460.5194819,-0.040867443,476.4168907
2021-05-07,16.84303497,472.9471246,17.13966126,1.184938717,0,4,5,2021,2,18,462.221276,0.002525698,465.7762439
2021-05-08,16.58577646,459.9616081,15.99691092,1.065343462,0,5,5,2021,2,18,463.3601853,-0.015273881,472.9471246
2021-05-09,17.36997875,464.5880661,16.71158094,1.212504807,0,6,5,2021,2,18,465.9529766,0.047281614,459.9616081
2021-05-10,17.55477422,465.5348838,16.2357378,1.273110211,0,0,5,2021,2,19,467.4477856,0.010638785,464.5880661
2021-05-11,17.40996979,438.0925332,18.91872143,1.183873735,0,1,5,2021,2,19,463.33105,-0.00824872,465.5348838
2021-05-12,18.03480264,450.4912875,18.533066,1.273966282,0,2,5,2021,2,19,459.6273925,0.03588937,438.0925332
2021-05-13,17.21192307,468.0966721,15.58358778,1.21467239,0,3,5,2021,2,19,459.9588822,-0.045627312,450.4912875
2021-05-14,17.56694392,459.4270787,18.13740266,1.102296629,0,4,5,2021,2,19,458.0274471,0.020626449,468.0966721
2021-05-15,16.70525764,448.8817499,16.5286945,1.263821769,0,5,5,2021,2,19,456.4446102,-0.049051576,459.4270787
2021-05-16,17.07677158,434.5424284,18.69072446,1.212140059,0,6,5,2021,2,19,452.1523762,0.022239343,448.8817499
2021-05-17,17.63797732,452.2323911,18.76352306,1.245099064,0,0,5,2021,2,20,450.2520201,0.03286369,434.5424284
2021-05-18,17.73531523,454.5384866,16.56945149,1.176228304,0,1,5,2021,2,20,452.601442,0.005518655,452.2323911
2021-05-19,17.1850001,449.0157896,17.94152202,1.16748305,0,2,5,2021,2,20,452.3906566,-0.03102934,454.5384866
2021-05-20,17.31806177,458.4679313,17.26806801,1.248864393,0,3,5,2021,2,20,451.0151222,0.007742896,449.0157896
2021-05-21,16.61745538,465.4496298,15.57735277,1.210163331,0,4,5,2021,2,20,451.8754867,-0.040455243,458.4679313
2021-05-22,17.22105596,463.9185631,17.90555818,1.405751157,0,5,5,2021,2,20,454.0236028,0.036323286,465.4496298
2021-05-23,17.86858221,430.2570924,18.03793198,1.313296394,0,6,5,2021,2,20,453.411412,0.037600844,463.9185631
2021-05-24,17.73544906,441.1796137,16.06964303,1.288023778,0,0,5,2021,2,21,451.8324438,-0.007450683,430.2570924
2021-05-25,17.72326517,451.175977,18.2428686,1.215875282,0,1,5,2021,2,21,451.3520853,-0.000686979,441.1796137
2021-05-26,17.52352856,460.7797458,17.99661858,1.031121027,0,2,5,2021,2,21,453.0326504,-0.011269741,451.175977
2021-05-27,17.52849999,459.7609402,16.28076934,1.15306389,0,3,5,2021,2,21,453.217366,0.0002837,460.7797458
2021-05-28,17.22174533,460.954837,16.70160635,1.169194047,0,4,5,2021,2,21,452.5752527,-0.017500337,459.7609402
2021-05-29,17.92886176,448.6984681,18.23687592,1.206524964,0,5,5,2021,2,21,450.4009535,0.04105951,460.954837
2021-05-30,17.81807302,449.6406836,16.5308349,1.230787462,1,6,5,2021,2,21,453.1700379,-0.006179351,448.6984681
2021-05-31,17.88232539,445.1412315,19.14382823,1.299830919,1,0,5,2021,2,22,453.7359833,0.003606022,449.6406836
2021-06-01,17.40261128,462.3321521,15.75801594,1.261637988,0,1,6,2021,2,22,455.3297226,-0.02682616,445.1412315
2021-06-02,16.61884605,449.1896199,15.29876928,1.350343761,0,2,6,2021,2,22,453.6739903,-0.045037219,462.3321521
2021-06-03,18.2745514,458.4401778,16.87145663,1.203333255,0,3,6,2021,2,22,453.48531,0.099628177,449.1896199
2021-06-04,17.51757504,455.6254294,17.61604878,1.260339757,0,4,6,2021,2,22,452.723966,-0.041422432,458.4401778
2021-06-05,17.35717815,453.7190139,17.77414621,1.269107895,0,5,6,2021,2,22,453.4411869,-0.009156341,455.6254294
2021-06-06,18.16742349,443.370088,17.81766715,1.259396111,0,6,6,2021,2,22,452.5453875,0.046680707,453.7190139
2021-06-07,17.65733355,438.7495731,16.91101748,1.363112517,0,0,6,2021,2,23,451.6322935,-0.028077176,443.370088
2021-06-08,18.41649365,441.8484108,19.55580195,1.315400935,0,1,6,2021,2,23,448.7060447,0.04299404,438.7495731
2021-06-09,18.2287356,445.7778116,16.65481547,1.10318319,0,2,6,2021,2,23,448.2186435,-0.010195103,441.8484108
2021-06-10,18.2962377,424.8626901,17.49227124,1.223790412,0,3,6,2021,2,23,443.4218596,0.00370306,445.7778116
2021-06-11,17.30620041,451.3405507,15.71096878,1.233926164,0,4,6,2021,2,23,442.809734,-0.054111523,424.8626901
2021-06-12,18.63037173,455.7462287,16.81909023,1.450577649,0,5,6,2021,2,23,443.0993361,0.076514271,451.3405507
2021-06-13,18.19073402,454.1808662,17.65730852,1.202544434,0,6,6,2021,2,23,444.643733,-0.023597903,455.7462287
2021-06-14,17.91165793,444.7482941,16.8184151,1.137375172,0,0,6,2021,2,24,445.5006932,-0.015341662,454.1808662
2021-06-15,18.20464829,448.5194988,17.36128466,1.279556115,0,1,6,2021,2,24,446.4537057,0.016357523,444.7482941
2021-06-16,17.28195475,446.9051497,18.3912736,1.285522154,0,2,6,2021,2,24,446.614754,-0.050684502,448.5194988
2021-06-17,18.41196868,448.1059898,17.1709287,1.228546306,0,3,6,2021,2,24,449.9352254,0.065386928,446.9051497
2021-06-18,17.73096876,465.2245899,18.72473057,1.213997502,1,4,6,2021,2,24,451.9186596,-0.036986807,448.1059898
2021-06-19,17.60776455,459.9231309,18.22421458,1.331014008,0,5,6,2021,2,24,452.5153599,-0.006948532,465.2245899
2021-06-20,17.56178874,455.4730637,16.95220333,1.150863807,0,6,6,2021,2,24,452.6999596,-0.00261111,459.9231309
2021-06-21,18.91859502,438.3478355,19.09475039,1.202228298,0,0,6,2021,2,25,451.7856083,0.077259003,455.4730637
2021-06-22,18.08730581,454.7266146,17.88630379,1.184208656,0,1,6,2021,2,25,452.6723392,-0.043940325,438.3478355
2021-06-23,19.20888241,424.543191,17.78126027,1.345913112,0,2,6,2021,2,25,449.4777736,0.062009047,454.7266146
2021-06-24,18.21458336,443.6510548,19.69792556,1.265173083,0,3,6,2021,2,25,448.8413543,-0.051762462,424.543191
2021-06-25,17.66964515,454.5260579,17.91567011,1.130224263,0,4,6,2021,2,25,447.3129926,-0.029917687,443.6510548
2021-06-26,18.00626636,454.1982504,19.37560707,1.140373043,0,5,6,2021,2,25,446.4951526,0.019050819,454.5260579
2021-06-27,19.2239931,447.190996,20.46904083,1.424265205,0,6,6,2021,2,25,445.312,0.067627942,454.1982504
2021-06-28,18.57004091,446.4955198,17.00932526,1.345345477,0,0,6,2021,2,26,446.4759549,-0.034017501,447.190996
2021-06-29,18.41608271,442.1436177,17.33789718,1.321278741,0,1,6,2021,2,26,444.6783839,-0.008290676,446.4955198
2021-06-30,18.81279506,447.2795004,17.47806907,1.238448416,0,2,6,2021,2,26,447.9264281,0.021541625,442.1436177
2021-07-01,19.02654963,431.0833724,20.28526827,1.388171056,0,3,7,2021,3,26,446.1310449,0.011362191,447.2795004
2021-07-02,19.37753214,430.1899011,20.78219637,1.127083264,0,4,7,2021,3,26,442.6544511,0.018446987,431.0833724
2021-07-03,19.58654831,437.9871404,19.69612137,1.312820504,0,5,7,2021,3,26,440.3385783,0.010786522,430.1899011
2021-07-04,18.7261611,443.1805129,17.24371606,1.193296412,0,6,7,2021,3,26,439.7656521,-0.043927455,437.9871404
2021-07-05,18.28703828,425.1634205,16.95433971,1.21283444,0,0,7,2021,3,27,436.7182094,-0.023449698,443.1805129
2021-07-06,18.78760535,445.2422461,19.96577162,1.310402709,1,1,7,2021,3,27,437.1608705,0.02737278,425.1634205
2021-07-07,19.16900217,446.28376,20.8144315,1.223568042,0,2,7,2021,3,27,437.0186219,0.020300449,445.2422461
2021-07-08,18.60174364,440.3912361,17.48368838,1.194553816,0,3,7,2021,3,27,438.3483167,-0.029592491,446.28376
2021-07-09,18.65003497,464.4372649,16.82657471,1.188608048,0,4,7,2021,3,27,443.2407973,0.002596065,440.3912361
2021-07-10,19.34570675,430.1535222,18.69163964,1.039589248,0,5,7,2021,3,27,442.121709,0.037301366,464.4372649
2021-07-11,19.1948929,433.8933697,17.39249011,1.314644194,0,6,7,2021,3,27,440.7949742,-0.007795727,430.1535222
2021-07-12,19.28121652,432.8879311,20.54596759,1.137760835,0,0,7,2021,3,28,441.8984757,0.004497218,433.8933697
2021-07-13,18.93135074,437.5907172,18.89921385,1.424364793,0,1,7,2021,3,28,440.8054002,-0.018145421,432.8879311
2021-07-14,19.24134856,433.2787168,19.7872671,1.209862607,0,2,7,2021,3,28,438.9475369,0.016374839,437.5907172
2021-07-15,18.94054166,423.7639608,18.60523678,1.369667852,0,3,7,2021,3,28,436.5722118,-0.015633359,433.2787168
2021-07-16,19.89401416,427.3600028,19.27931915,1.057920779,0,4,7,2021,3,28,431.2754601,0.050340297,423.7639608
2021-07-17,20.01293234,431.0141947,18.90101547,1.312072195,0,5,7,2021,3,28,431.3984133,0.005977586,427.3600028
2021-07-18,18.61873102,451.0053703,19.62612556,1.337879476,1,6,7,2021,3,28,433.8429848,-0.06966502,431.0141947
2021-07-19,19.12369986,457.9742229,19.87161852,1.369480276,1,0,7,2021,3,29,437.4267408,0.02712155,451.0053703
2021-07-20,18.88692257,450.2461539,18.36084239,1.086420045,1,1,7,2021,3,29,439.2346603,-0.012381354,457.9742229
2021-07-21,19.35699717,426.541753,18.66446627,1.169052069,0,2,7,2021,3,29,438.2722369,0.024888893,450.2461539
2021-07-22,19.68719056,425.4397544,17.72336526,1.297074938,0,3,7,2021,3,29,438.511636,0.01705809,426.541753
2021-07-23,19.05105425,433.7373029,17.38809584,1.25436815,0,4,7,2021,3,29,439.4226789,-0.032312194,425.4397544
2021-07-24,19.36196957,451.3724498,19.83926352,1.268959927,0,5,7,2021,3,29,442.331001,0.016320111,433.7373029
2021-07-25,19.36798712,431.5921837,19.42456996,1.203695312,0,6,7,2021,3,29,439.5576886,0.000310792,451.3724498
2021-07-26,20.02069789,416.4562585,19.75964082,1.394903844,1,0,7,2021,3,30,433.6265509,0.033700496,431.5921837
2021-07-27,19.99885528,424.57606,21.30878927,1.500770537,0,1,7,2021,3,30,429.9593946,-0.001091001,416.4562585
2021-07-28,19.65044206,438.6465744,19.66576235,1.250421995,0,2,7,2021,3,30,431.6886548,-0.017421658,424.57606
