price-elasticity-demand/time-series-analysis/ARIMA/time_series_dataset.csv
date,price,demand,competitor_price,economic_index,promotion,day_of_week,month,year,quarter,week_of_year,demand_moving_avg,price_change,demand_lag_1
2021-07-29,20.14684621,435.2383552,19.6814282,1.285466137,1,3,7,2021,3,30,433.0884549,0.025261729,438.6465744
2021-07-30,19.83220624,427.6537964,18.48859945,1.245848397,1,4,7,2021,3,30,432.2193826,-0.015617331,435.2383552
2021-07-31,20.01680319,435.309798,21.30063294,1.368729372,0,5,7,2021,3,30,429.924718,0.009307938,427.6537964
2021-08-01,21.03640359,400.3874725,21.35720139,1.323335671,0,6,8,2021,3,30,425.4669022,0.050937225,435.309798
2021-08-02,20.91690559,424.4954046,19.21201031,1.133885995,0,0,8,2021,3,31,426.6153516,-0.005680534,400.3874725
2021-08-03,19.6438211,438.1687095,20.22880779,1.179353861,0,1,8,2021,3,31,428.5571587,-0.060863902,424.4954046
2021-08-04,20.75534211,415.4138409,20.44430565,1.139794393,0,2,8,2021,3,31,425.2381967,0.056583748,438.1687095
2021-08-05,20.79295434,414.9281641,22.08788225,1.510306316,0,3,8,2021,3,31,422.3367409,0.001812171,415.4138409
2021-08-06,19.85980901,409.0288552,21.52372179,1.304455271,0,4,8,2021,3,31,419.676035,-0.044877958,414.9281641
2021-08-07,20.88990698,438.1767976,21.30965128,1.18145548,0,5,8,2021,3,31,420.0856063,0.051868473,409.0288552
2021-08-08,21.29594304,412.7800611,22.28242572,1.173568908,0,6,8,2021,3,31,421.8559761,0.019436949,438.1767976
2021-08-09,20.01203355,428.5444757,18.23732978,1.32174725,0,0,8,2021,3,32,422.4344148,-0.060288924,412.7800611
2021-08-10,20.16074193,431.1615317,20.40370086,1.331816147,0,1,8,2021,3,32,421.4333895,0.007430948,428.5444757
2021-08-11,21.17435858,434.9057941,22.25569063,1.321234914,1,2,8,2021,3,32,424.2179542,0.050276753,431.1615317
2021-08-12,20.84714576,419.6120244,20.83364578,1.198968417,0,3,8,2021,3,32,424.8870771,-0.015453257,434.9057941
2021-08-13,21.03283095,414.5570993,21.42635559,1.272208527,0,4,8,2021,3,32,425.6768262,0.008906984,419.6120244
2021-08-14,20.97289528,421.7095814,22.64631499,1.252815682,0,5,8,2021,3,32,423.3243668,-0.002849624,414.5570993
2021-08-15,21.04325843,432.1947403,19.77266468,1.148198145,0,6,8,2021,3,32,426.0978924,0.003354956,421.7095814
2021-08-16,20.22977495,421.4455078,18.6042984,1.149274808,0,0,8,2021,3,33,425.0837541,-0.038657677,432.1947403
2021-08-17,21.46155003,407.1645857,22.27985151,1.283220707,0,1,8,2021,3,33,421.655619,0.060889213,421.4455078
2021-08-18,21.56733487,400.5007445,22.95993297,1.261769321,0,2,8,2021,3,33,416.7406119,0.00492904,407.1645857
2021-08-19,20.91225074,406.6938022,22.37815848,1.297559394,0,3,8,2021,3,33,414.8951516,-0.030373903,400.5007445
2021-08-20,21.04936043,426.5872486,21.64566564,1.321426536,1,4,8,2021,3,33,416.6137443,0.006556429,406.6938022
2021-08-21,20.34943362,417.9579132,21.70557448,1.392362505,0,5,8,2021,3,33,416.0777917,-0.03325169,426.5872486
2021-08-22,21.41572805,409.4777624,22.27520206,1.164933814,0,6,8,2021,3,33,412.8325092,0.052399219,417.9579132
2021-08-23,21.48795677,407.7515477,19.71467137,1.305647882,1,0,8,2021,3,34,410.8762292,0.003372695,409.4777624
2021-08-24,21.2138633,416.8506554,22.32565433,1.317644154,0,1,8,2021,3,34,412.2599534,-0.012755678,407.7515477
2021-08-25,21.84985902,410.1433053,20.4486699,1.211611241,0,2,8,2021,3,34,413.6374621,0.029980193,416.8506554
2021-08-26,21.16304946,412.9573603,20.04821956,1.255110611,0,3,8,2021,3,34,414.5322561,-0.031433134,410.1433053
2021-08-27,21.65446854,426.4407543,21.19821161,1.214368447,0,4,8,2021,3,34,414.5113284,0.023220618,412.9573603
2021-08-28,20.90407228,431.7947499,20.12881159,1.453983351,0,5,8,2021,3,34,416.4880193,-0.034653183,426.4407543
2021-08-29,21.44351832,397.3314043,20.67863547,1.253709591,0,6,8,2021,3,34,414.7528253,0.025805787,431.7947499
2021-08-30,21.40914806,416.5928484,19.9929737,1.288474843,0,0,8,2021,3,35,416.0158683,-0.001602827,397.3314043
2021-08-31,21.64964068,404.0584817,20.75711713,1.217025913,1,1,8,2021,3,35,414.1884149,0.011233171,416.5928484
2021-09-01,21.39250548,410.3421196,19.33738134,1.195560896,0,2,9,2021,3,35,414.2168169,-0.011877112,404.0584817
2021-09-02,21.55142562,414.8338845,21.43466408,1.113424096,0,3,9,2021,3,35,414.4848918,0.007428777,410.3421196
2021-09-03,22.06967939,406.7329334,23.25522266,1.353711235,0,4,9,2021,3,35,411.6694888,0.024047308,414.8338845
2021-09-04,21.47735874,413.835877,23.03338208,1.320668132,0,5,9,2021,3,35,409.1039356,-0.026838661,406.7329334
2021-09-05,20.93111888,420.7009749,22.27250453,1.213814748,0,6,9,2021,3,35,412.4424456,-0.025433289,413.835877
2021-09-06,22.64743792,408.0435054,22.2690342,1.153987412,0,0,9,2021,3,36,411.2211109,0.081998438,420.7009749
2021-09-07,22.50117409,399.0680293,23.53814737,1.262115265,0,1,9,2021,3,36,410.5081892,-0.006458295,408.0435054
2021-09-08,21.20167,405.4485402,20.30225604,1.194454742,0,2,9,2021,3,36,409.8091064,-0.057752724,399.0680293
2021-09-09,22.22955354,391.9099882,20.25362397,1.222120176,0,3,9,2021,3,36,406.5342641,0.048481253,405.4485402
2021-09-10,21.66964542,400.2726121,22.43229353,1.118068448,0,4,9,2021,3,36,405.611361,-0.025187556,391.9099882
2021-09-11,22.08883547,426.0411042,22.74618227,1.266231411,0,5,9,2021,3,36,407.3549649,0.019344574,400.2726121
2021-09-12,22.13968002,397.950052,23.47527567,1.268324783,0,6,9,2021,3,36,404.1048331,0.002301821,426.0411042
2021-09-13,21.9103484,394.7861933,22.41913389,1.354196761,0,0,9,2021,3,37,402.2109313,-0.010358398,397.950052
2021-09-14,21.67015345,410.8228279,20.18311122,1.229750326,0,1,9,2021,3,37,403.8901883,-0.010962626,394.7861933
2021-09-15,21.75074086,405.818927,23.28704959,1.211568245,0,2,9,2021,3,37,403.9431007,0.00371882,410.8228279
2021-09-16,21.67137327,405.0648235,22.2229218,1.089348416,0,3,9,2021,3,37,405.8223629,-0.00364896,405.818927
2021-09-17,21.74649044,420.4363658,23.08437672,1.355220607,0,4,9,2021,3,37,408.7028991,0.003466194,405.0648235
2021-09-18,22.16121107,409.4637105,23.37612022,1.334506834,0,5,9,2021,3,37,406.3347,0.019070693,420.4363658
2021-09-19,21.86877726,399.8342408,20.98468595,1.248198377,0,6,9,2021,3,37,406.6038698,-0.013195751,409.4637105
2021-09-20,22.59899081,396.9373287,20.67605613,1.112501437,0,0,9,2021,3,38,406.9111749,0.03339069,399.8342408
2021-09-21,23.03233815,393.6879117,21.54216618,1.124071849,1,1,9,2021,3,38,404.4633297,0.019175517,396.9373287
2021-09-22,22.02887393,412.176372,20.23511707,1.19091397,0,2,9,2021,3,38,405.3715362,-0.043567623,393.6879117
2021-09-23,22.46821601,397.848131,21.31520303,1.342247143,0,3,9,2021,3,38,404.3405801,0.019943919,412.176372
2021-09-24,22.62738995,381.8990205,22.44425414,1.274858346,0,4,9,2021,3,38,398.835245,0.007084405,397.848131
2021-09-25,22.64199542,398.9706372,24.48419619,1.096588874,0,5,9,2021,3,38,397.3362345,0.000645477,381.8990205
2021-09-26,22.47182504,384.6302316,24.14381312,1.286445794,0,6,9,2021,3,38,395.1642332,-0.007515697,398.9706372
2021-09-27,22.83244111,419.7350351,23.83067459,1.162209955,0,0,9,2021,3,39,398.4210484,0.016047476,384.6302316
2021-09-28,22.72886951,388.4487497,20.5655919,1.1940034,0,1,9,2021,3,39,397.6725967,-0.00453616,419.7350351
2021-09-29,21.89494502,400.3507814,21.20039008,1.343498434,1,2,9,2021,3,39,395.9832266,-0.0366901,388.4487497
2021-09-30,22.9737651,398.8512819,23.81161108,1.322975051,0,3,9,2021,3,39,396.1265339,0.049272564,400.3507814
2021-10-01,23.00761669,392.9069012,21.3005845,1.355834641,0,4,10,2021,4,39,397.6990883,0.001473489,398.8512819
2021-10-02,22.20647967,396.5919223,23.54369992,1.244311311,0,5,10,2021,4,39,397.3592719,-0.034820513,392.9069012
2021-10-03,22.63060439,401.2825184,24.50701498,1.335027128,0,6,10,2021,4,39,399.73817,0.019099142,396.5919223
2021-10-04,22.9761682,410.2908254,22.30574405,1.188211056,0,0,10,2021,4,40,398.3889972,0.015269756,401.2825184
2021-10-05,22.55206488,404.5161214,23.4805021,1.221168099,1,1,10,2021,4,40,400.684336,-0.018458401,410.2908254
2021-10-06,23.21477326,408.0040965,21.581401,1.21439538,0,2,10,2021,4,40,401.7776667,0.029385707,404.5161214
2021-10-07,23.88112197,379.1121251,24.79250414,1.249511214,0,3,10,2021,4,40,398.9577872,0.028703649,408.0040965
2021-10-08,22.32642807,400.2161593,20.18958981,1.118575614,0,4,10,2021,4,40,400.0019669,-0.065101376,379.1121251
2021-10-09,22.04846304,399.6752234,20.50847274,1.224824242,0,5,10,2021,4,40,400.4424385,-0.012450045,400.2161593
2021-10-10,22.90978296,397.0171507,23.87145064,1.392590473,0,6,10,2021,4,40,399.8331003,0.039064851,399.6752234
2021-10-11,23.13686263,405.8229155,24.11717254,1.138271936,0,0,10,2021,4,41,399.1948274,0.009911909,397.0171507
2021-10-12,22.67817082,391.835614,23.31843321,1.114692634,0,1,10,2021,4,41,397.3833264,-0.019825152,405.8229155
2021-10-13,23.53706755,385.3831452,23.43051065,1.12285594,0,2,10,2021,4,41,394.1517619,0.037873281,391.835614
2021-10-14,22.15727395,401.3658306,22.93237125,1.514010727,0,3,10,2021,4,41,397.3308627,-0.058622154,385.3831452
2021-10-15,23.18847824,372.7765807,24.45828301,1.294409991,0,4,10,2021,4,41,393.4109229,0.046540215,401.3658306
2021-10-16,22.55382923,391.0516826,24.65801877,1.220998264,0,5,10,2021,4,41,392.1789885,-0.027369153,372.7765807
2021-10-17,23.73048431,385.8830565,25.57501229,1.254956854,0,6,10,2021,4,41,390.5884036,0.052170967,391.0516826
2021-10-18,23.88038027,376.959841,25.28709803,1.270988762,0,0,10,2021,4,42,386.4651072,0.0063166,385.8830565
2021-10-19,22.51340979,403.2565235,23.39034095,1.184279835,0,1,10,2021,4,42,388.0966657,-0.057242409,376.959841
2021-10-20,22.63386013,381.1487249,22.96954538,1.196703168,0,2,10,2021,4,42,387.4917485,0.00535016,403.2565235
2021-10-21,23.34961546,386.5208723,21.57788784,1.232756539,0,3,10,2021,4,42,385.3710402,0.03162321,381.1487249
2021-10-22,22.73671843,393.5627288,21.21589045,1.176149354,0,4,10,2021,4,42,388.3404899,-0.026248699,386.5208723
2021-10-23,22.91731724,402.9495763,24.3853069,1.209031412,0,5,10,2021,4,42,390.040189,0.007943046,393.5627288
2021-10-24,22.96173061,388.7741698,24.35464848,1.28413404,0,6,10,2021,4,42,390.4532052,0.001937983,402.9495763
2021-10-25,21.99748558,402.7490898,22.5010473,1.149209575,0,0,10,2021,4,43,394.1373836,-0.041993569,388.7741698
2021-10-26,22.95795924,395.2776008,22.67713809,1.510019845,0,1,10,2021,4,43,392.9975375,0.043662884,402.7490898
2021-10-27,22.62683848,390.8481666,20.48196195,1.324440574,1,2,10,2021,4,43,394.3831721,-0.014422918,395.2776008
2021-10-28,22.73123185,377.8827221,21.94553565,1.122216449,0,3,10,2021,4,43,393.1491506,0.004613697,390.8481666
2021-10-29,23.70496528,369.2495162,23.32871845,1.001534582,0,4,10,2021,4,43,389.6758345,0.042836809,377.8827221
2021-10-30,22.35951566,391.0736791,22.29608746,1.180674614,0,5,10,2021,4,43,387.9792778,-0.056758135,369.2495162
2021-10-31,23.39825419,379.0739445,25.4073434,1.317961017,0,6,10,2021,4,43,386.5935313,0.046456218,391.0736791
2021-11-01,22.85531432,396.0941453,21.06670039,1.298671952,0,0,11,2021,4,44,385.642825,-0.023204289,379.0739445
2021-11-02,22.85732083,394.0359424,22.94357028,1.238640121,0,1,11,2021,4,44,385.4654452,8.78e-05,396.0941453
2021-11-03,23.39405233,381.733451,22.77608579,1.189680736,0,2,11,2021,4,44,384.163343,0.02348182,394.0359424
2021-11-04,23.16981742,372.8094258,25.44091421,1.159511855,0,3,11,2021,4,44,383.4385863,-0.009585125,381.733451
2021-11-05,23.28528336,388.602391,24.97050459,1.209766695,0,4,11,2021,4,44,386.2032827,0.004983464,372.8094258
2021-11-06,23.48351394,372.0102015,23.19600929,1.148887015,0,5,11,2021,4,44,383.4799288,0.008513127,388.602391
2021-11-07,22.83247195,377.5460956,25.11432914,1.210337247,0,6,11,2021,4,44,383.2616647,-0.027723363,372.0102015
2021-11-08,22.68997241,375.7349318,22.75379135,1.383420126,0,0,11,2021,4,45,380.3532056,-0.006241091,377.5460956
2021-11-09,22.45074077,385.0261343,20.95605036,1.173301063,1,1,11,2021,4,45,379.0660901,-0.010543496,375.7349318
2021-11-10,22.57709732,397.1672349,22.82939499,1.311613181,0,2,11,2021,4,45,381.2709164,0.005628168,385.0261343
2021-11-11,24.46009851,375.6859118,23.12069172,1.326967444,0,3,11,2021,4,45,381.681843,0.083403157,397.1672349
2021-11-12,23.60290301,375.2762034,24.24637876,1.142764941,0,4,11,2021,4,45,379.7781019,-0.035044646,375.6859118
2021-11-13,22.2993024,370.6564264,24.25022455,1.166487895,0,5,11,2021,4,45,379.5847054,-0.05523052,375.2762034
2021-11-14,22.30715283,391.0808541,23.58400791,1.357819436,0,6,11,2021,4,45,381.5182424,0.000352048,370.6564264
2021-11-15,23.20212452,372.9671031,22.14950766,1.158448699,0,0,11,2021,4,46,381.1228383,0.040120391,391.0808541
2021-11-16,23.22690278,381.5089604,22.28323379,1.245376538,0,1,11,2021,4,46,380.6203849,0.001067931,372.9671031
2021-11-17,23.21906238,376.5174659,21.21891756,1.455223505,0,2,11,2021,4,46,377.6704179,-0.000337557,381.5089604
2021-11-18,22.80776595,390.1847241,21.8309907,1.349308358,0,3,11,2021,4,46,379.7416768,-0.01771374,376.5174659
2021-11-19,22.86241574,379.6443209,20.9996995,1.259948188,0,4,11,2021,4,46,380.3656936,0.002396104,390.1847241
2021-11-20,23.07825977,379.2353596,23.07571525,1.33559821,0,5,11,2021,4,46,381.5912554,0.009440998,379.6443209
2021-11-21,22.94572444,385.0321186,23.90185938,1.246032954,0,6,11,2021,4,46,380.7271504,-0.005742865,379.2353596
2021-11-22,21.78086932,406.7558731,22.87505813,1.353548356,0,0,11,2021,4,47,385.5541175,-0.050765672,385.0321186
2021-11-23,22.76264793,389.3498097,20.75739173,1.047198639,0,1,11,2021,4,47,386.6742388,0.045075272,406.7558731
2021-11-24,22.43816263,380.889694,21.71994351,1.237998593,0,2,11,2021,4,47,387.2988428,-0.014255165,389.3498097
2021-11-25,22.9370829,379.0013599,21.96533855,1.043391212,0,3,11,2021,4,47,385.7012194,0.022235344,380.889694
2021-11-26,24.32701483,366.4596026,22.40177645,1.268260731,0,4,11,2021,4,47,383.8176882,0.060597589,379.0013599
2021-11-27,23.00233481,368.52038,22.36963862,1.228607433,0,5,11,2021,4,47,382.2869768,-0.054453044,366.4596026
2021-11-28,22.64534221,373.966807,21.73644925,1.388398217,0,6,11,2021,4,47,380.706218,-0.015519842,368.52038
2021-11-29,23.24582936,368.4596918,23.87113858,1.323607979,0,0,11,2021,4,48,375.235335,0.026517027,373.966807
2021-11-30,23.00840683,383.5915799,24.77224355,1.199916484,0,1,11,2021,4,48,374.4127307,-0.010213554,368.4596918
2021-12-01,22.95856154,366.2850879,22.75120771,1.212003637,0,2,12,2021,4,48,372.3263584,-0.002166395,383.5915799
2021-12-02,23.03271271,389.6486243,24.16898632,1.290794926,0,3,12,2021,4,48,373.8473962,0.003229783,366.2850879
2021-12-03,23.73765877,380.0028267,22.05708174,1.195569223,0,4,12,2021,4,48,375.7821425,0.030606298,389.6486243
2021-12-04,22.1233737,380.4497287,23.87097146,1.249688014,0,5,12,2021,4,48,377.4863352,-0.068005235,380.0028267
2021-12-05,22.90440134,376.0340433,21.31297943,1.384695109,0,6,12,2021,4,48,377.7816547,0.035303279,380.4497287
2021-12-06,22.1825038,373.7591888,20.81651045,1.170212294,0,0,12,2021,4,49,378.5387257,-0.031517852,376.0340433
2021-12-07,22.90090683,378.1328731,21.09843968,1.208457886,0,1,12,2021,4,49,377.7589104,0.032386021,373.7591888
2021-12-08,22.14061605,389.8068472,21.29785343,1.222582098,0,2,12,2021,4,49,381.1191617,-0.033199156,378.1328731
2021-12-09,22.36744306,370.453072,22.6019006,1.569232685,0,3,12,2021,4,49,378.37694,0.010244837,389.8068472
2021-12-10,22.40411293,361.6606371,24.59072796,1.314349619,0,4,12,2021,4,49,375.7566272,0.00163943,370.453072
2021-12-11,23.01446795,380.6686699,24.3648098,1.366832196,0,5,12,2021,4,49,375.7879045,0.02724299,361.6606371
2021-12-12,22.960065,376.8463122,22.41102466,1.330537944,0,6,12,2021,4,49,375.9039429,-0.002363859,380.6686699
2021-12-13,21.85164012,367.6373972,22.18311227,1.337364769,1,0,12,2021,4,50,375.0294012,-0.048276209,376.8463122
2021-12-14,22.47501622,368.0836692,23.02928622,1.301282746,0,1,12,2021,4,50,373.5938007,0.028527657,367.6373972
2021-12-15,22.06520557,368.5711537,23.48941407,1.290552323,0,2,12,2021,4,50,370.5601302,-0.018234053,368.0836692
2021-12-16,21.76259217,371.1259951,22.79175292,1.109050947,0,3,12,2021,4,50,370.6562621,-0.013714507,368.5711537
2021-12-17,22.25459495,372.3710367,22.56300414,1.290011878,0,4,12,2021,4,50,372.1863191,0.022607729,371.1259951
2021-12-18,22.17953775,373.0147555,22.93001802,1.243491073,0,5,12,2021,4,50,371.0929028,-0.003372661,372.3710367
2021-12-19,23.51723713,362.1814035,24.67389768,1.308971133,0,6,12,2021,4,50,368.9979158,0.06031232,373.0147555
2021-12-20,22.48988997,365.942588,20.83978002,1.247439536,0,0,12,2021,4,51,368.7558002,-0.043684858,362.1814035
2021-12-21,21.55357144,375.6166795,20.26232051,1.330941892,0,1,12,2021,4,51,369.8319446,-0.041632864,365.942588
2021-12-22,21.92840993,377.4065157,22.75548065,1.34871873,0,2,12,2021,4,51,371.0941392,0.017391016,375.6166795
2021-12-23,22.68935974,368.4617335,24.27954607,0.96360948,0,3,12,2021,4,51,370.7135304,0.03470155,377.4065157
2021-12-24,23.19022297,380.4074899,22.76937739,1.211536211,0,4,12,2021,4,51,371.8615951,0.022074807,368.4617335
2021-12-25,21.31981383,382.9547808,23.36604829,1.069286812,1,5,12,2021,4,51,373.2815987,-0.080655074,380.4074899
2021-12-26,21.13912578,362.5705367,19.93872671,1.279019968,0,6,12,2021,4,51,373.3371892,-0.008475123,382.9547808
2021-12-27,22.98033996,374.2124783,22.5974842,1.225154685,1,0,12,2021,4,52,374.5186021,0.087099826,362.5705367
2021-12-28,22.20492922,378.6106071,21.66545178,1.39090838,0,1,12,2021,4,52,374.946306,-0.033742353,374.2124783
2021-12-29,21.54074446,371.2323026,23.39452345,1.276150009,0,2,12,2021,4,52,374.0642756,-0.029911591,378.6106071
2021-12-30,22.2064867,357.0031866,21.25328888,1.206972555,0,3,12,2021,4,52,372.4273403,0.030906185,371.2323026
2021-12-31,20.58510105,379.8476514,20.46484609,1.349482717,0,4,12,2021,4,52,372.3473634,-0.073014055,357.0031866
2022-01-01,21.86799582,372.981,20.500082,1.223905327,0,5,1,2022,1,52,370.9225375,0.062321519,379.8476514
2022-01-02,21.99309122,360.9224187,22.08663328,1.206025827,0,6,1,2022,1,52,370.6870921,0.005720478,372.981
2022-01-03,22.25373685,356.0304389,23.84445252,1.295288134,0,0,1,2022,1,1,368.0896579,0.011851251,360.9224187
