price-elasticity-demand/time-series-analysis/ARIMA/time_series_dataset.csv
date,price,demand,competitor_price,economic_index,promotion,day_of_week,month,year,quarter,week_of_year,demand_moving_avg,price_change,demand_lag_1
2022-01-04,21.24663282,374.4103121,20.4139325,1.417322742,0,1,1,2022,1,1,367.4896158,-0.045255502,356.0304389
2022-01-05,21.75797063,370.1068127,23.11041159,1.341480803,1,2,1,2022,1,1,367.3288315,0.024066769,374.4103121
2022-01-06,21.21353773,370.6962629,22.95861248,1.312918719,0,3,1,2022,1,1,369.2849852,-0.025022228,370.1068127
2022-01-07,21.76465124,370.9891617,19.90576672,1.531420486,0,4,1,2022,1,1,368.0194867,0.025979331,370.6962629
2022-01-08,21.14959154,363.5814881,22.23424638,1.183184639,0,5,1,2022,1,1,366.6766993,-0.028259571,370.9891617
2022-01-09,21.35312545,368.9548362,20.30828899,1.181053869,0,6,1,2022,1,1,367.8241875,0.009623538,363.5814881
2022-01-10,21.01879505,380.0201916,19.65395078,1.271182611,0,0,1,2022,1,2,371.251295,-0.015657212,368.9548362
2022-01-11,21.80142344,366.9871438,22.24234586,1.408228311,0,1,1,2022,1,2,370.1908424,0.037234694,380.0201916
2022-01-12,21.86386924,353.1687459,22.76292298,1.162657085,0,2,1,2022,1,2,367.7711186,0.002864299,366.9871438
2022-01-13,21.27576771,367.8167315,20.82795954,1.432382952,0,3,1,2022,1,2,367.359757,-0.026898328,353.1687459
2022-01-14,21.37028751,361.084979,19.40068944,1.113113454,0,4,1,2022,1,2,365.9448737,0.004442604,367.8167315
2022-01-15,20.58462988,378.1025665,22.26723615,1.245003907,1,5,1,2022,1,2,368.0193135,-0.036764018,361.084979
2022-01-16,21.11652131,375.6773269,22.09103575,1.274572289,1,6,1,2022,1,2,368.9796693,0.025839252,378.1025665
2022-01-17,21.19837886,355.2099913,20.23032016,1.169062541,0,0,1,2022,1,3,365.435355,0.003876469,375.6773269
2022-01-18,22.49069732,372.6452243,22.4765905,1.195302306,0,1,1,2022,1,3,366.2436522,0.060963079,355.2099913
2022-01-19,20.58084558,363.2023278,18.63716084,1.337188801,0,2,1,2022,1,3,367.677021,-0.084917409,372.6452243
2022-01-20,21.82516547,383.4151509,21.1236295,1.401781337,0,3,1,2022,1,3,369.9053667,0.060460096,363.2023278
2022-01-21,21.54748425,368.4456182,21.64459978,1.046264736,0,4,1,2022,1,3,370.9568866,-0.012722984,383.4151509
2022-01-22,21.14509219,358.2039742,21.21793118,1.275849421,1,5,1,2022,1,3,368.1142305,-0.018674666,368.4456182
2022-01-23,21.83955539,355.4992327,20.56493289,1.246594902,0,6,1,2022,1,3,365.2316456,0.032842761,358.2039742
2022-01-24,21.10153207,373.8146061,22.26949075,1.268765438,0,0,1,2022,1,4,367.8894477,-0.033792965,355.4992327
2022-01-25,21.06506719,366.3283758,20.21767076,1.226449165,0,1,1,2022,1,4,366.9870408,-0.001728068,373.8146061
2022-01-26,20.7987207,370.3329299,21.13320583,1.129177126,0,2,1,2022,1,4,368.0056983,-0.012643989,366.3283758
2022-01-27,21.39165524,384.1899362,20.41415169,1.41255553,0,3,1,2022,1,4,368.1163819,0.028508222,370.3329299
2022-01-28,21.28250273,361.3437796,20.96397974,1.374358802,0,4,1,2022,1,4,367.1018335,-0.005102574,384.1899362
2022-01-29,20.37564557,373.1994555,19.18372991,1.248126934,0,5,1,2022,1,4,369.2440451,-0.042610456,361.3437796
2022-01-30,19.98290682,388.4922943,20.51448328,1.209794541,0,6,1,2022,1,4,373.9573396,-0.019274911,373.1994555
2022-01-31,20.49492773,374.1702267,20.18989909,1.19778181,0,0,1,2022,1,5,374.0081426,0.025622944,388.4922943
2022-02-01,20.15013921,356.8553833,18.20007847,1.00026056,0,1,2,2022,1,5,372.654858,-0.016823115,374.1702267
2022-02-02,20.47200088,376.0994082,18.54011954,1.2943079,0,2,2,2022,1,5,373.4786406,0.015973173,356.8553833
2022-02-03,21.07596258,356.1301468,20.95428818,1.337058262,0,3,2,2022,1,5,369.4700992,0.029501841,376.0994082
2022-02-04,20.1819602,386.033789,18.90333561,1.272916124,0,4,2,2022,1,5,372.9972434,-0.042418104,356.1301468
2022-02-05,20.34246552,362.6711085,20.6884585,1.250592279,0,5,2,2022,1,5,371.4931938,0.00795291,386.033789
2022-02-06,20.34606496,400.3145613,19.97247776,1.272664283,0,6,2,2022,1,5,373.1820891,0.000176942,362.6711085
2022-02-07,20.69436717,383.2904858,21.33349132,1.174103345,0,0,2,2022,1,6,374.4849833,0.017118898,400.3145613
2022-02-08,19.09973853,368.3636162,20.82786443,1.20957043,0,1,2,2022,1,6,376.1290165,-0.077056168,383.2904858
2022-02-09,19.87280944,372.4055107,19.98702298,1.24299266,0,2,2,2022,1,6,375.6013169,0.040475471,368.3636162
2022-02-10,20.23473435,377.6742987,21.39774029,1.32939363,0,3,2,2022,1,6,378.6790529,0.018212066,372.4055107
2022-02-11,20.68203304,375.4812078,21.72871348,1.39771182,0,4,2,2022,1,6,377.1715413,0.022105489,377.6742987
2022-02-12,19.78892316,376.2778986,21.45828151,1.237011208,0,5,2,2022,1,6,379.1153684,-0.043182886,375.4812078
2022-02-13,19.04947024,387.8189275,17.95990862,1.155547449,0,6,2,2022,1,6,377.3302779,-0.037367011,376.2778986
2022-02-14,20.25047756,367.8093108,21.57618306,1.263690692,0,0,2,2022,1,7,375.1186815,0.063046757,387.8189275
2022-02-15,19.57583054,368.4929314,21.16351018,1.461375134,0,1,2,2022,1,7,375.1371551,-0.033315117,367.8093108
2022-02-16,19.25159458,370.0617038,18.83869785,1.164545389,0,2,2,2022,1,7,374.8023255,-0.016563076,368.4929314
2022-02-17,19.48720929,380.6862512,18.76156873,1.349010117,0,3,2,2022,1,7,375.2326045,0.012238711,370.0617038
2022-02-18,19.66012288,374.6412128,21.43753919,1.394122108,0,4,2,2022,1,7,375.1126052,0.008873184,380.6862512
2022-02-19,19.40307792,374.9401281,19.89837184,1.224624577,1,5,2,2022,1,7,374.9214951,-0.013074433,374.6412128
2022-02-20,18.5558046,383.969887,18.11297584,1.190653615,0,6,2,2022,1,7,374.3716322,-0.043666954,374.9401281
2022-02-21,20.06034237,347.7394503,21.23117517,1.318321751,0,0,2,2022,1,8,371.5045092,0.081081785,383.969887
2022-02-22,20.20256422,370.3959137,19.41253851,1.29624777,0,1,2,2022,1,8,371.7763638,0.007089702,347.7394503
2022-02-23,19.84431245,371.029785,18.56001866,1.33050352,0,2,2,2022,1,8,371.9146612,-0.017732985,370.3959137
2022-02-24,18.90325219,389.996351,19.06948602,1.468497056,0,3,2,2022,1,8,373.2446754,-0.047422165,371.029785
2022-02-25,19.32502311,355.6736791,19.58093297,1.277930778,0,4,2,2022,1,8,370.5350277,0.022312082,389.996351
2022-02-26,19.37632378,386.0363451,20.63867764,1.142103648,0,5,2,2022,1,8,372.1202016,0.002654624,355.6736791
2022-02-27,19.6329503,369.6981501,19.46421434,1.268090143,0,6,2,2022,1,8,370.0813821,0.013244335,386.0363451
2022-02-28,19.62185648,373.6534345,20.85641087,1.285681832,1,0,2,2022,1,9,373.7833798,-0.000565061,369.6981501
2022-03-01,18.87490826,389.0227876,18.16265484,1.388343026,0,1,3,2022,1,9,376.4443618,-0.038067153,373.6534345
2022-03-02,19.23748893,375.8249458,19.52746792,1.242049733,0,2,3,2022,1,9,377.1293848,0.019209665,389.0227876
2022-03-03,19.37982564,373.2772958,18.24987629,1.220919399,0,3,3,2022,1,9,374.7409483,0.007398923,375.8249458
2022-03-04,19.83400035,369.1949502,19.37958734,1.124806793,0,4,3,2022,1,9,376.6725584,0.023435439,373.2772958
2022-03-05,19.41346682,363.8105685,20.80168383,1.316767482,0,5,3,2022,1,9,373.4974475,-0.021202658,369.1949502
2022-03-06,19.41109793,368.1443007,18.30850173,1.596946931,0,6,3,2022,1,9,373.275469,-0.000122023,363.8105685
2022-03-07,19.01408163,363.0325064,20.19386533,1.239967124,0,0,3,2022,1,10,371.7581936,-0.020453057,368.1443007
2022-03-08,19.63325027,366.4208542,18.78066326,1.307521728,0,1,3,2022,1,10,368.5293459,0.032563689,363.0325064
2022-03-09,19.08901903,346.0044856,17.31179211,1.207642957,0,2,3,2022,1,10,364.2692802,-0.027719875,366.4208542
2022-03-10,18.40998599,376.8268561,16.97376617,1.134397761,0,3,3,2022,1,10,364.7763602,-0.035571919,346.0044856
2022-03-11,19.49889338,365.653452,20.45776919,1.306049857,0,4,3,2022,1,10,364.2704319,0.059147649,376.8268561
2022-03-12,19.10313531,365.2678856,18.19409705,1.265545101,0,5,3,2022,1,10,364.4786201,-0.020296437,365.653452
2022-03-13,18.48994439,373.6751823,19.05997308,1.024270868,0,6,3,2022,1,10,365.268746,-0.032098967,365.2678856
2022-03-14,18.42932063,357.2282293,19.16354072,1.423929164,0,0,3,2022,1,11,364.4395636,-0.003278742,373.6751823
2022-03-15,18.77528406,388.9113325,18.1936951,1.30462274,0,1,3,2022,1,11,367.6524891,0.018772446,357.2282293
2022-03-16,18.81685669,368.1691174,18.72246753,1.270515868,0,2,3,2022,1,11,370.818865,0.002214221,388.9113325
2022-03-17,18.64252757,368.3974658,18.28372264,1.221028636,0,3,3,2022,1,11,369.6146664,-0.009264519,368.1691174
2022-03-18,18.65851226,359.9109553,20.32788561,1.303855744,0,4,3,2022,1,11,368.7943097,0.000857432,368.3974658
2022-03-19,19.31218257,366.3264271,18.61674648,1.308565938,0,5,3,2022,1,11,368.9455299,0.035033356,359.9109553
2022-03-20,18.95770093,381.5208427,17.75700752,1.30365849,1,6,3,2022,1,11,370.0663386,-0.018355338,366.3264271
2022-03-21,18.47736205,380.2054557,17.98066411,1.370425667,1,0,3,2022,1,12,373.3487995,-0.025337401,381.5208427
2022-03-22,18.81321374,376.5062593,19.45104079,1.393253496,0,1,3,2022,1,12,371.5766462,0.018176387,380.2054557
2022-03-23,17.78721972,378.3521875,18.48932643,1.464385689,0,2,3,2022,1,12,373.0313705,-0.054535819,376.5062593
2022-03-24,18.4637871,365.7177893,20.0297279,1.180242174,0,3,3,2022,1,12,372.6485596,0.038036713,378.3521875
2022-03-25,19.13124686,351.2636529,20.59193472,1.206684251,0,4,3,2022,1,12,371.4132306,0.036149667,365.7177893
2022-03-26,18.0797785,368.8131309,17.31435488,1.300244629,0,5,3,2022,1,12,371.768474,-0.054960786,351.2636529
2022-03-27,17.72763922,370.0279237,17.56866927,1.186317337,0,6,3,2022,1,12,370.1266285,-0.019476969,368.8131309
2022-03-28,17.78852267,382.3741278,18.66823267,1.202524925,0,0,3,2022,1,13,370.4364388,0.00343438,370.0279237
2022-03-29,17.53332682,376.0615761,18.99398368,1.311949401,0,1,3,2022,1,13,370.3729126,-0.014346096,382.3741278
2022-03-30,17.6498129,388.3154201,17.07501148,1.354610688,0,2,3,2022,1,13,371.7962315,0.006643695,376.0615761
2022-03-31,17.82147347,383.1175128,17.62344636,1.392219258,0,3,3,2022,1,13,374.2819063,0.009725914,388.3154201
2022-04-01,17.26896958,369.1503858,18.6486852,1.245465031,0,4,4,2022,2,13,376.8371539,-0.031002144,383.1175128
2022-04-02,17.94508837,352.1952281,17.43718449,1.311141779,0,5,4,2022,2,13,374.4631678,0.039152237,369.1503858
2022-04-03,18.35445295,381.7688062,18.28291825,1.289202266,0,6,4,2022,2,13,376.1404367,0.022812068,352.1952281
2022-04-04,17.41598886,386.014175,18.82495678,1.266792247,0,0,4,2022,2,14,376.6604435,-0.051130049,381.7688062
2022-04-05,18.59658719,352.6717629,19.72072566,1.183525596,0,1,4,2022,2,14,373.3190416,0.067788188,386.014175
2022-04-06,18.05995335,383.9276023,17.13322824,1.170905414,1,2,4,2022,2,14,372.6922105,-0.028856576,352.6717629
2022-04-07,18.28800148,371.3359009,17.64717186,1.331994011,0,3,4,2022,2,14,371.009123,0.012627282,383.9276023
2022-04-08,17.41249745,373.3204927,16.9004263,1.182144605,0,4,4,2022,2,14,371.6048526,-0.047873138,371.3359009
2022-04-09,18.13793827,384.0572824,19.63518326,1.08783467,0,5,4,2022,2,14,376.1565746,0.041662077,373.3204927
2022-04-10,17.1345346,386.1979709,18.84433408,1.26245043,0,6,4,2022,2,14,376.7893124,-0.055320712,384.0572824
2022-04-11,18.09602361,374.2832763,19.08770128,1.411250603,0,0,4,2022,2,15,375.1134698,0.056114101,386.1979709
2022-04-12,17.70779757,374.2712088,17.65228823,0.986341539,0,1,4,2022,2,15,378.1991049,-0.021453666,374.2832763
2022-04-13,17.87006842,374.7212233,16.11942295,1.237093565,0,2,4,2022,2,15,376.8839079,0.009163808,374.2712088
2022-04-14,16.97780433,368.8492852,17.64838704,1.333548089,0,3,4,2022,2,15,376.5286771,-0.049930648,374.7212233
2022-04-15,17.0908263,371.5666625,16.71264447,1.083776969,0,4,4,2022,2,15,376.2781299,0.006657043,368.8492852
2022-04-16,17.81034241,359.3315275,18.28404932,1.244893331,0,5,4,2022,2,15,372.7458792,0.042099551,371.5666625
2022-04-17,17.01153545,368.8546207,17.37454108,1.152380908,0,6,4,2022,2,15,370.2682578,-0.044850736,359.3315275
2022-04-18,17.69191423,364.9547585,17.62409071,1.165708831,0,0,4,2022,2,16,368.9356124,0.039995143,368.8546207
2022-04-19,16.75197058,366.8074295,18.2408435,1.226284832,0,1,4,2022,2,16,367.8693582,-0.053128432,364.9547585
2022-04-20,17.83548785,368.9517305,16.13450434,1.154311874,1,2,4,2022,2,16,367.0451449,0.064679989,366.8074295
2022-04-21,16.77163917,369.5067762,17.48320107,1.146096602,0,3,4,2022,2,16,367.1390722,-0.05964786,368.9517305
2022-04-22,17.64119551,373.2659397,17.32308901,1.260903508,0,4,4,2022,2,16,367.3818261,0.051846831,369.5067762
2022-04-23,17.65565599,351.7945931,18.41057812,1.489640599,0,5,4,2022,2,16,366.3051212,0.000819699,373.2659397
2022-04-24,16.97290533,370.1462393,17.56770263,1.342801034,1,6,4,2022,2,16,366.4896381,-0.038670365,351.7945931
2022-04-25,17.59141631,369.3527152,15.86829487,1.368179989,0,0,4,2022,2,17,367.1179176,0.036441079,370.1462393
2022-04-26,17.41040217,365.6876812,16.66293354,1.346952967,0,1,4,2022,2,17,366.9579536,-0.010289913,369.3527152
2022-04-27,16.99120932,369.0194584,15.93466711,1.197575371,1,2,4,2022,2,17,366.967629,-0.024077149,365.6876812
2022-04-28,16.73747816,356.014778,15.62271643,1.298509966,0,3,4,2022,2,17,365.0402007,-0.014933085,369.0194584
2022-04-29,16.24224859,377.7651087,16.98444361,1.377296179,0,4,4,2022,2,17,365.6829391,-0.029588063,356.014778
2022-04-30,17.38087758,374.841965,16.47551236,1.350460509,0,5,4,2022,2,17,368.9754208,0.070102916,377.7651087
2022-05-01,16.4068318,378.0319857,16.32393666,1.287181873,0,6,5,2022,2,17,370.101956,-0.056041232,374.841965
2022-05-02,17.22077956,379.2763949,16.34937021,1.319831432,1,0,5,2022,2,18,371.5196246,0.049610295,378.0319857
2022-05-03,17.02595526,371.7425693,17.29916676,1.514214189,0,1,5,2022,2,18,372.3846086,-0.011313326,379.2763949
2022-05-04,17.48252411,372.0970509,18.25376135,1.351971124,0,2,5,2022,2,18,372.8242646,0.026816049,371.7425693
2022-05-05,16.9779084,371.2618229,16.40430887,1.236610877,0,3,5,2022,2,18,375.0024139,-0.028864008,372.0970509
2022-05-06,16.95089421,376.5808845,17.30015331,1.260823122,1,4,5,2022,2,18,374.833239,-0.001591137,371.2618229
2022-05-07,17.46895224,351.2139799,18.60392675,1.162911693,0,5,5,2022,2,18,371.4578126,0.030562283,376.5808845
2022-05-08,17.25865961,358.9749221,15.85803062,1.503130437,0,6,5,2022,2,18,368.7353749,-0.012038079,351.2139799
2022-05-09,17.23804015,383.7576264,17.9643498,1.428913825,0,0,5,2022,2,19,369.3755509,-0.001194731,358.9749221
2022-05-10,17.30414816,342.8303455,16.69208295,1.276948166,0,1,5,2022,2,19,365.2452332,0.003835007,383.7576264
2022-05-11,16.2920037,370.9720788,15.06244604,1.486808885,0,2,5,2022,2,19,365.0845229,-0.058491435,342.8303455
2022-05-12,17.42918509,378.2909558,17.58832822,1.332066887,1,3,5,2022,2,19,366.0886847,0.069799971,370.9720788
2022-05-13,17.34875396,365.9198378,16.39895242,1.225842251,0,4,5,2022,2,19,364.565678,-0.004614739,378.2909558
2022-05-14,16.52663666,366.7968352,17.58884258,1.359672157,1,5,5,2022,2,19,366.7918002,-0.047387685,365.9198378
2022-05-15,16.90612838,370.129456,15.36055629,1.30899126,0,6,5,2022,2,19,368.3853051,0.022962429,366.7968352
2022-05-16,17.00243877,364.7100787,15.63766286,1.353012601,0,0,5,2022,2,20,365.6642268,0.005696774,370.129456
2022-05-17,16.94950271,368.7038948,17.02067749,1.132417747,0,1,5,2022,2,20,369.3604482,-0.003113439,364.7100787
2022-05-18,17.179076,360.3050124,17.48466353,1.188395527,1,2,5,2022,2,20,367.8365815,0.013544544,368.7038948
2022-05-19,17.72396167,375.3942824,18.53886216,1.418374036,0,3,5,2022,2,20,367.4227711,0.031717985,360.3050124
2022-05-20,17.54603223,379.3248372,16.70122842,1.438940712,0,4,5,2022,2,20,369.337771,-0.010038921,375.3942824
2022-05-21,16.34664893,369.6520667,17.46397641,1.411238245,0,5,5,2022,2,20,369.7456612,-0.068356383,379.3248372
2022-05-22,17.31214285,352.1923384,18.88111583,1.491691673,0,6,5,2022,2,20,367.1832158,0.059063722,369.6520667
2022-05-23,17.66466393,358.9567988,17.66126985,1.327663823,0,0,5,2022,2,21,366.3613187,0.020362648,352.1923384
2022-05-24,17.19343125,364.6139854,18.08931687,1.320735339,0,1,5,2022,2,21,365.7770459,-0.026676572,358.9567988
2022-05-25,17.54608726,369.6503376,17.63328554,1.178806323,0,2,5,2022,2,21,367.1120924,0.02051109,364.6139854
2022-05-26,18.00804254,352.1112795,16.45743133,1.212173879,0,3,5,2022,2,21,363.7859491,0.026328108,369.6503376
2022-05-27,17.51581225,356.8690656,16.90665263,1.07150094,0,4,5,2022,2,21,360.5779817,-0.027333915,352.1112795
2022-05-28,17.1314013,371.4995202,15.71801509,1.238278441,0,5,5,2022,2,21,360.8419036,-0.02194651,356.8690656
2022-05-29,17.53281945,373.6866651,19.24710532,1.064674444,0,6,5,2022,2,21,363.9125217,0.023431718,371.4995202
2022-05-30,17.08698517,360.2246133,16.16095912,1.37872368,0,0,5,2022,2,22,364.0936381,-0.025428556,373.6866651
2022-05-31,17.03149557,353.301537,17.49441305,1.30956696,0,1,5,2022,2,22,362.477574,-0.003247477,360.2246133
2022-06-01,16.84957526,400.3021005,16.12283657,1.068210158,1,2,6,2022,2,22,366.8563973,-0.010681406,353.301537
2022-06-02,17.8134615,370.3940459,18.35943061,1.251940723,0,3,6,2022,2,22,369.4682211,0.057205373,400.3021005
2022-06-03,16.62974545,365.7309724,15.66655622,1.467792665,0,4,6,2022,2,22,370.7342078,-0.066450648,370.3940459
2022-06-04,17.81307934,371.0979927,18.82938701,1.258560498,0,5,6,2022,2,22,370.6768467,0.071157667,365.7309724
2022-06-05,17.30549202,363.6263058,15.95847268,1.171390028,0,6,6,2022,2,22,369.2396525,-0.028495204,371.0979927
2022-06-06,16.36529799,378.1705857,17.6586488,1.092776906,0,0,6,2022,2,23,371.8033629,-0.054329228,363.6263058
2022-06-07,17.25889117,366.5540795,18.43395136,1.095862481,1,1,6,2022,2,23,373.6965832,0.054602927,378.1705857
2022-06-08,16.03589054,371.918891,16.60935754,1.32508515,0,2,6,2022,2,23,369.641839,-0.070862063,366.5540795
2022-06-09,17.41021423,362.9316837,15.90393342,1.2282399,1,3,6,2022,2,23,368.5757873,0.085702985,371.918891
2022-06-10,17.55234869,348.8178957,16.52928908,1.236627759,0,4,6,2022,2,23,366.1596335,0.008163855,362.9316837
2022-06-11,16.82654097,386.2385084,18.03590349,1.228852516,0,5,6,2022,2,23,368.3225643,-0.041351031,348.8178957
2022-06-12,17.19818886,355.5227276,15.89791785,1.257903198,0,6,6,2022,2,23,367.1649102,0.022087005,386.2385084
