price-elasticity-demand/time-series-analysis/ARIMA/time_series_dataset.csv
date,price,demand,competitor_price,economic_index,promotion,day_of_week,month,year,quarter,week_of_year,demand_moving_avg,price_change,demand_lag_1
2022-06-13,18.12789649,346.6299774,16.88045102,1.149310903,0,0,6,2022,2,24,362.6591091,0.054058461,355.5227276
2022-06-14,16.91305031,364.1184698,17.06189639,1.303737712,0,1,6,2022,2,24,362.3111648,-0.067015287,346.6299774
2022-06-15,16.65227516,357.8807929,15.90018328,1.129956598,0,2,6,2022,2,24,360.3057222,-0.015418576,364.1184698
2022-06-16,17.93906146,360.4909628,16.94192124,1.196742987,0,3,6,2022,2,24,359.9570478,0.077273903,357.8807929
2022-06-17,18.19671558,366.5459162,18.47262667,1.373510012,0,4,6,2022,2,24,362.4896222,0.014362743,360.4909628
2022-06-18,17.23514925,374.3795447,16.79591725,1.310147753,0,5,6,2022,2,24,360.7954845,-0.052842851,366.5459162
2022-06-19,17.75759513,369.9139503,16.48103677,1.341195447,0,6,6,2022,2,24,362.8513734,0.030312815,374.3795447
2022-06-20,17.94184197,357.7433975,18.06691013,1.487766112,0,0,6,2022,2,25,364.4390049,0.010375664,369.9139503
2022-06-21,16.91977575,366.3622309,16.53743079,1.266861882,0,1,6,2022,2,25,364.7595422,-0.056965513,357.7433975
2022-06-22,17.06894733,369.1574645,17.86953822,1.275073319,0,2,6,2022,2,25,366.3704953,0.008816404,366.3622309
2022-06-23,17.94828334,343.0642967,16.52231176,1.246595207,0,3,6,2022,2,25,363.8809715,0.05151671,369.1574645
2022-06-24,18.19725727,365.0652843,18.63622332,1.228785898,0,4,6,2022,2,25,363.6694527,0.013871741,343.0642967
2022-06-25,17.65874742,347.4430905,17.43445776,1.17216824,0,5,6,2022,2,25,359.8213878,-0.029592913,365.0652843
2022-06-26,16.96060391,385.8763257,16.64195444,1.281733814,0,6,6,2022,2,25,362.1017272,-0.039535279,347.4430905
2022-06-27,18.41788725,354.1093144,17.43174821,1.308932203,0,0,6,2022,2,26,361.5825724,0.085921666,385.8763257
2022-06-28,17.18335248,362.4483743,15.56958147,1.314604387,0,1,6,2022,2,26,361.0234501,-0.06702912,354.1093144
2022-06-29,17.30637987,355.9568709,18.50982812,1.280063745,0,2,6,2022,2,26,359.137651,0.007159685,362.4483743
2022-06-30,17.67085189,355.5058012,17.05735556,1.366344453,0,3,6,2022,2,26,360.9150088,0.021059981,355.9568709
2022-07-01,18.30311444,381.3610123,18.96602044,1.276771052,0,4,7,2022,3,26,363.2429699,0.03577997,355.5058012
2022-07-02,17.979984,369.6172823,19.58950686,1.232997204,1,5,7,2022,3,26,366.4107116,-0.017654396,381.3610123
2022-07-03,17.78799444,345.6613354,18.01920385,1.181328585,0,6,7,2022,3,26,360.665713,-0.010677961,369.6172823
2022-07-04,17.84036871,375.9154147,17.47338127,1.119229892,0,0,7,2022,3,27,363.7808702,0.00294436,345.6613354
2022-07-05,17.65923466,373.6951472,16.84081236,1.420268941,0,1,7,2022,3,27,365.387552,-0.010153044,375.9154147
2022-07-06,17.94588299,357.5030986,19.50374282,1.20442197,0,2,7,2022,3,27,365.6084417,0.016232206,373.6951472
2022-07-07,16.43194491,370.9395961,17.03032016,1.181860728,0,3,7,2022,3,27,367.8132695,-0.084361304,357.5030986
2022-07-08,17.57890134,361.9780898,18.1599944,1.23277363,0,4,7,2022,3,27,365.0442806,0.069800406,370.9395961
2022-07-09,17.87890705,380.3449606,17.61486536,1.246788584,0,5,7,2022,3,27,366.576806,0.017066238,361.9780898
2022-07-10,17.21433328,355.9727618,18.40228999,1.438578716,0,6,7,2022,3,27,368.049867,-0.037170827,380.3449606
2022-07-11,18.01514166,361.3873352,18.7850086,1.242012772,0,0,7,2022,3,28,365.974427,0.04651986,355.9727618
2022-07-12,17.75242156,356.9569578,16.98261717,1.538265849,0,1,7,2022,3,28,363.5832571,-0.014583293,361.3873352
2022-07-13,18.76560164,341.8416624,19.13933233,1.281397223,0,2,7,2022,3,28,361.3459091,0.057072781,356.9569578
2022-07-14,18.7081015,378.3774798,18.44691379,1.480830338,0,3,7,2022,3,28,362.4084639,-0.003064124,341.8416624
2022-07-15,17.72292963,349.5747951,15.97399607,1.364620451,0,4,7,2022,3,28,360.6365647,-0.052660174,378.3774798
2022-07-16,17.9151588,362.6360854,19.01738333,1.311431275,0,5,7,2022,3,28,358.1067254,0.010846354,349.5747951
2022-07-17,17.98884501,342.6668087,16.63187573,1.433212356,0,6,7,2022,3,28,356.2058749,0.004113065,362.6360854
2022-07-18,17.83571739,356.8581734,17.87122654,1.387750532,0,0,7,2022,3,29,355.5588518,-0.008512365,342.6668087
2022-07-19,18.19526634,363.2822215,17.59928473,1.339095471,0,1,7,2022,3,29,356.4624609,0.020158928,356.8581734
2022-07-20,17.75528897,353.0284522,17.19453803,1.507486974,0,2,7,2022,3,29,358.0605737,-0.02418087,363.2822215
2022-07-21,17.60625889,367.9043051,17.52655494,1.225988312,0,3,7,2022,3,29,356.5644059,-0.00839356,353.0284522
2022-07-22,18.52050995,354.7919362,20.36153422,1.176436225,0,4,7,2022,3,29,357.3097118,0.051927617,367.9043051
2022-07-23,18.56194886,368.8952644,18.22181852,1.208404529,0,5,7,2022,3,29,358.2038802,0.002237461,354.7919362
2022-07-24,17.88348849,374.3256073,16.74727618,1.451354932,1,6,7,2022,3,29,362.7265657,-0.036551139,368.8952644
2022-07-25,18.77220946,350.420172,19.19873786,1.421303625,0,0,7,2022,3,30,361.8068512,0.049695057,374.3256073
2022-07-26,18.04804174,360.7009816,17.09614365,1.223801443,0,1,7,2022,3,30,361.4381027,-0.038576584,350.420172
2022-07-27,18.53011586,359.3849868,17.06827182,1.040962514,0,2,7,2022,3,30,362.346179,0.026710605,360.7009816
2022-07-28,18.85380187,362.1546361,17.15761646,1.255943149,0,3,7,2022,3,30,361.5247978,0.017468105,359.3849868
2022-07-29,18.46730429,358.0685448,16.70508495,1.175301232,0,4,7,2022,3,30,361.9928847,-0.020499716,362.1546361
2022-07-30,18.75233583,358.4347345,18.49417111,1.227334076,0,5,7,2022,3,30,360.4985233,0.015434388,358.0685448
2022-07-31,18.30796938,356.3554129,18.03966894,1.171386778,0,6,7,2022,3,30,357.9313526,-0.023696592,358.4347345
2022-08-01,18.50952357,358.9710871,17.34544261,1.115973885,0,0,8,2022,3,31,359.1529119,0.011009096,356.3554129
2022-08-02,18.5467434,370.6509329,19.6002691,1.46534814,0,1,8,2022,3,31,360.5743336,0.002010847,358.9710871
2022-08-03,18.31863343,365.3138131,16.96038234,1.208760892,0,2,8,2022,3,31,361.4213088,-0.012299193,370.6509329
2022-08-04,18.64610782,364.2710218,20.19491765,1.418494503,0,3,8,2022,3,31,361.7236496,0.017876573,365.3138131
2022-08-05,18.00307036,367.7491676,18.31839766,1.255190642,0,4,8,2022,3,31,363.1065957,-0.034486418,364.2710218
2022-08-06,18.57498897,356.1675484,16.82008485,1.164347322,0,5,8,2022,3,31,362.782712,0.031767837,367.7491676
2022-08-07,18.7216055,360.2095402,20.45512367,1.328434592,0,6,8,2022,3,31,363.3333016,0.007893223,356.1675484
2022-08-08,18.7797111,345.9296707,18.05834957,1.238522077,0,0,8,2022,3,32,361.4702421,0.003103666,360.2095402
2022-08-09,18.83107953,369.265255,18.64267442,1.257017662,0,1,8,2022,3,32,361.2722881,0.002735315,345.9296707
2022-08-10,18.96523209,328.1313699,18.14695323,1.292318376,0,2,8,2022,3,32,355.9605105,0.007123998,369.265255
2022-08-11,19.28036864,353.5703093,20.16117801,1.196706509,0,3,8,2022,3,32,354.4318373,0.01661654,328.1313699
2022-08-12,19.52267686,364.6976547,19.46676478,1.115914167,0,4,8,2022,3,32,353.9959069,0.012567613,353.5703093
2022-08-13,18.80553186,343.2961221,17.42284745,1.273000851,0,5,8,2022,3,32,352.1571317,-0.036733948,364.6976547
2022-08-14,18.57402479,362.1524537,17.10371967,1.374619593,0,6,8,2022,3,32,352.4346908,-0.012310583,343.2961221
2022-08-15,18.7000172,350.7812796,19.54292202,1.188168707,0,0,8,2022,3,33,353.1277778,0.006783258,362.1524537
2022-08-16,19.02304437,352.3519585,18.02274195,1.293824069,0,1,8,2022,3,33,350.7115925,0.017274164,350.7812796
2022-08-17,19.13647257,365.0003713,17.75020114,1.429078568,0,2,8,2022,3,33,355.9785927,0.005962674,352.3519585
2022-08-18,18.97339228,358.4069701,18.9712202,1.269651374,0,3,8,2022,3,33,356.6695443,-0.008521962,365.0003713
2022-08-19,18.75644741,337.2395274,19.89220765,1.28733731,0,4,8,2022,3,33,352.7469547,-0.011434164,358.4069701
2022-08-20,19.22270771,345.5614104,18.37222879,1.284349118,0,5,8,2022,3,33,353.0705673,0.024858668,337.2395274
2022-08-21,19.58787936,363.3289636,18.71203324,1.21069345,0,6,8,2022,3,33,353.2386401,0.018996889,345.5614104
2022-08-22,19.8412028,356.8761295,21.16612396,1.179692451,0,0,8,2022,3,34,354.109333,0.012932663,363.3289636
2022-08-23,19.31161117,372.5956409,17.9514318,1.180201676,0,1,8,2022,3,34,357.0012876,-0.026691508,356.8761295
2022-08-24,19.43055951,371.4275523,19.884176,1.316046242,0,2,8,2022,3,34,357.9194563,0.006159421,372.5956409
2022-08-25,19.22053457,352.3121877,20.96965504,1.355115169,1,3,8,2022,3,34,357.0487731,-0.010809001,371.4275523
2022-08-26,19.71506745,378.3796924,21.06083037,1.359936167,0,4,8,2022,3,34,362.9259395,0.025729403,352.3121877
2022-08-27,19.35354246,355.4869741,17.65745696,1.241673667,0,5,8,2022,3,34,364.3438772,-0.018337497,378.3796924
2022-08-28,20.11134528,341.9156111,19.38697837,1.388958817,0,6,8,2022,3,34,361.2848268,0.039155768,355.4869741
2022-08-29,18.97891596,350.9590688,17.62144697,1.310464355,0,0,8,2022,3,35,360.4395325,-0.056307984,341.9156111
2022-08-30,19.73913383,331.0200394,21.51265804,1.286902205,1,1,8,2022,3,35,354.5001608,0.040055916,350.9590688
2022-08-31,20.1166218,367.8648372,22.07172234,0.945992327,0,2,8,2022,3,35,353.9912015,0.019123837,331.0200394
2022-09-01,20.10511322,367.8964868,19.03951416,1.198287042,0,3,9,2022,3,35,356.21753,-0.000572093,367.8648372
2022-09-02,21.40683738,335.3837253,22.13338135,1.128018223,0,4,9,2022,3,35,350.075249,0.064745925,367.8964868
2022-09-03,20.28233025,348.9829187,21.66814778,1.342935374,0,5,9,2022,3,35,349.1460982,-0.052530278,335.3837253
2022-09-04,19.65248612,355.4693526,18.60571722,1.289831366,0,6,9,2022,3,35,351.082347,-0.031053835,348.9829187
2022-09-05,20.15382635,342.5072052,18.8949403,1.173229404,0,0,9,2022,3,36,349.8749379,0.02551027,355.4693526
2022-09-06,19.36043061,338.6327144,17.4677976,1.310964309,0,1,9,2022,3,36,350.9624629,-0.039367003,342.5072052
2022-09-07,20.25518788,349.714249,19.89854448,1.138278826,0,2,9,2022,3,36,348.3695217,0.046215773,338.6327144
2022-09-08,19.92582077,350.3635951,21.51764463,1.176351763,0,3,9,2022,3,36,345.8648229,-0.016260876,349.714249
2022-09-09,20.8468205,345.196855,22.52698938,1.20980595,0,4,9,2022,3,36,347.2666986,0.04622142,350.3635951
2022-09-10,20.16103575,354.8504719,18.66001893,1.334941725,0,5,9,2022,3,36,348.1049205,-0.032896371,345.196855
2022-09-11,20.42399591,365.718966,19.21633517,1.420972271,0,6,9,2022,3,36,349.5691509,0.013042989,354.8504719
2022-09-12,20.21105389,349.5746457,19.83936182,1.222527268,0,0,9,2022,3,37,350.5787853,-0.010426071,365.718966
2022-09-13,21.44458192,348.2612859,22.64815713,1.413473987,0,1,9,2022,3,37,351.9542955,0.061032346,349.5746457
2022-09-14,20.46071635,358.8656372,20.91842864,1.286068488,0,2,9,2022,3,37,353.2616367,-0.045879447,348.2612859
2022-09-15,21.58364441,351.6462894,21.64342999,1.305041959,1,3,9,2022,3,37,353.4448787,0.054882148,358.8656372
2022-09-16,21.12030522,342.4017047,21.50863112,1.275147697,0,4,9,2022,3,37,353.0455715,-0.021467143,351.6462894
2022-09-17,20.99995015,350.2376811,19.30399289,1.261896787,0,5,9,2022,3,37,352.3866014,-0.005698548,342.4017047
2022-09-18,20.98878352,354.9331412,20.89502092,1.325658176,1,6,9,2022,3,37,350.8457693,-0.000531746,350.2376811
2022-09-19,21.04661723,338.0148616,23.11787077,1.355860301,1,0,9,2022,3,38,349.1943716,0.002755458,354.9331412
2022-09-20,19.93097423,367.643576,18.29044039,1.193467062,0,1,9,2022,3,38,351.9632702,-0.053008186,338.0148616
2022-09-21,20.80023994,365.1111325,20.88030704,1.263098156,0,2,9,2022,3,38,352.8554838,0.043613809,367.643576
2022-09-22,21.40689984,340.6693124,20.53199668,1.449055723,1,3,9,2022,3,38,351.2873442,0.029166005,365.1111325
2022-09-23,21.00426857,351.9839222,21.17193849,1.299947088,1,4,9,2022,3,38,352.6562324,-0.018808481,340.6693124
2022-09-24,20.37026467,359.7787488,20.6710062,1.310997618,0,5,9,2022,3,38,354.0192421,-0.030184526,351.9839222
2022-09-25,21.09053503,344.4389663,21.417324,1.399155097,0,6,9,2022,3,38,352.5200743,0.03535891,359.7787488
2022-09-26,22.01239208,350.2442177,23.56298366,1.232403803,0,0,9,2022,3,39,354.2671251,0.043709515,344.4389663
2022-09-27,21.8271009,348.1311055,21.34580204,1.279232201,0,1,9,2022,3,39,351.4796294,-0.008417585,350.2442177
2022-09-28,21.21567172,335.0222794,21.28506463,1.364412762,0,2,9,2022,3,39,347.1812218,-0.028012387,348.1311055
2022-09-29,21.76510937,351.6933981,19.63617,1.406718506,0,3,9,2022,3,39,348.7560911,0.025897726,335.0222794
2022-09-30,21.14852404,339.3325398,22.37323761,1.046413963,1,4,9,2022,3,39,346.9487508,-0.028329071,351.6933981
2022-10-01,20.52190591,363.0100698,19.53475178,1.209361424,0,5,10,2022,4,39,347.4103681,-0.029629402,339.3325398
2022-10-02,20.95333382,344.9015061,22.27991044,1.183291782,1,6,10,2022,4,39,347.4764452,0.021022799,363.0100698
2022-10-03,22.23838697,343.7299342,21.19602337,1.270845812,0,0,10,2022,4,40,346.5458333,0.061329293,344.9015061
2022-10-04,21.36096227,363.608855,19.27095657,1.191061055,0,1,10,2022,4,40,348.7569403,-0.039455411,343.7299342
2022-10-05,21.41691337,354.7279907,19.93842382,1.349838893,0,2,10,2022,4,40,351.572042,0.002619315,363.608855
2022-10-06,21.4289531,339.0688041,23.51048833,1.300769387,0,3,10,2022,4,40,349.7685285,0.00056216,354.7279907
2022-10-07,22.5708177,334.1663199,21.75737105,1.37254738,0,4,10,2022,4,40,349.0304971,0.053286065,339.0688041
2022-10-08,22.47120658,338.9834699,20.7131668,1.379029169,1,5,10,2022,4,40,345.5981257,-0.00441327,334.1663199
2022-10-09,22.80668574,347.4101841,21.06771611,1.351736985,0,6,10,2022,4,40,345.9565083,0.01492929,338.9834699
2022-10-10,21.65642265,352.9643765,20.83496298,1.250349338,0,0,10,2022,4,41,347.2757143,-0.050435346,347.4101841
2022-10-11,21.92197872,339.7905662,19.89483161,1.294456157,0,1,10,2022,4,41,343.8731016,0.012262232,352.9643765
2022-10-12,21.05362859,341.0609014,21.10200389,1.238041022,0,2,10,2022,4,41,341.9206603,-0.039610938,339.7905662
2022-10-13,22.58775331,348.0495214,21.29456339,1.147754891,1,3,10,2022,4,41,343.2036199,0.072867473,341.0609014
2022-10-14,21.30227617,350.0154388,21.3845483,1.379707218,0,4,10,2022,4,41,345.4677797,-0.056910358,348.0495214
2022-10-15,22.03096811,369.9373497,20.4481057,1.27602198,0,5,10,2022,4,41,349.8897626,0.034207233,350.0154388
2022-10-16,21.40986898,352.0129721,21.10951947,1.134267256,0,6,10,2022,4,41,350.5473037,-0.028192094,369.9373497
2022-10-17,21.69954341,368.5189716,22.12449363,1.33832342,0,0,10,2022,4,42,352.7693887,0.013529949,352.0129721
2022-10-18,21.61031011,339.2982777,19.71724668,1.262333581,0,1,10,2022,4,42,352.6990618,-0.00411222,368.5189716
2022-10-19,21.75946748,334.7053181,21.31883526,1.078848086,1,2,10,2022,4,42,351.7911213,0.006902139,339.2982777
2022-10-20,21.82779833,339.0776722,20.96570429,1.147555566,0,3,10,2022,4,42,350.5094286,0.003140281,334.7053181
2022-10-21,21.85666227,362.2098345,20.7216887,1.214967387,0,4,10,2022,4,42,352.2514851,0.001322347,339.0776722
2022-10-22,22.58037475,364.4469181,23.05246095,1.306179719,0,5,10,2022,4,42,351.4671377,0.033111757,362.2098345
2022-10-23,21.64365356,343.9352294,22.02692797,1.364030521,0,6,10,2022,4,42,350.3131745,-0.041483864,364.4469181
2022-10-24,22.33819087,343.8677732,22.92211031,1.360705426,0,0,10,2022,4,43,346.7915747,0.032089652,343.9352294
2022-10-25,22.86818511,334.3243223,21.30803827,1.345714838,0,1,10,2022,4,43,346.0810097,0.023725925,343.8677732
2022-10-26,22.0333352,332.2642171,21.0890272,1.282092316,0,2,10,2022,4,43,345.732281,-0.036507047,334.3243223
2022-10-27,21.96113667,358.1195176,20.68597986,1.457851794,0,3,10,2022,4,43,348.4525446,-0.003276786,332.2642171
2022-10-28,22.23442397,351.9945098,22.41453883,1.355715697,0,4,10,2022,4,43,346.9932125,0.012444133,358.1195176
2022-10-29,22.96855918,346.3953956,22.78970618,1.30803912,0,5,10,2022,4,43,344.4144236,0.033017955,351.9945098
2022-10-30,22.50417367,334.8102977,21.74035383,1.342587403,0,6,10,2022,4,43,343.1108619,-0.020218313,346.3953956
2022-10-31,22.16934194,367.0845351,23.43749396,1.246125103,0,0,10,2022,4,44,346.4275422,-0.01487865,334.8102977
2022-11-01,22.70411574,343.1789975,20.86042232,1.280404253,0,1,11,2022,4,44,347.6924958,0.024122223,367.0845351
2022-11-02,21.93765204,357.5841243,24.0212757,1.078033219,0,2,11,2022,4,44,351.3096254,-0.0337588,343.1789975
2022-11-03,22.85548437,333.3175639,21.10267021,1.247653867,0,3,11,2022,4,44,347.7664891,0.041838221,357.5841243
2022-11-04,22.74449416,346.7188517,23.98666566,1.462417444,0,4,11,2022,4,44,347.0128237,-0.004856174,333.3175639
2022-11-05,22.41104528,353.4125538,21.82042544,1.301366181,0,5,11,2022,4,44,348.0152749,-0.014660642,346.7188517
2022-11-06,22.16978264,355.1848146,23.78933948,1.297302641,0,6,11,2022,4,44,350.9259201,-0.010765345,353.4125538
2022-11-07,22.16922215,353.6737605,20.28115795,1.386589082,1,0,11,2022,4,45,349.0100952,-2.53e-05,355.1848146
2022-11-08,22.90281362,353.616415,22.32896855,1.322611224,1,1,11,2022,4,45,350.5011548,0.033090537,353.6737605
2022-11-09,23.27208716,335.7329438,22.50617208,1.208280312,0,2,11,2022,4,45,347.3795576,0.016123501,353.616415
2022-11-10,22.36047914,353.7846857,24.56592468,1.289394454,0,3,11,2022,4,45,350.3034321,-0.039171734,335.7329438
2022-11-11,22.92920131,350.3211336,25.15585144,1.1736068,0,4,11,2022,4,45,350.8180439,0.025434257,353.7846857
2022-11-12,21.67670307,357.9804111,20.33189757,1.30558994,0,5,11,2022,4,45,351.4705949,-0.054624591,350.3211336
2022-11-13,22.44744502,352.7524825,23.03084047,1.203553738,0,6,11,2022,4,45,351.1231189,0.035556235,357.9804111
2022-11-14,22.7430856,338.0391665,22.90464984,1.380258204,0,0,11,2022,4,46,348.8896055,0.013170344,352.7524825
2022-11-15,22.32195376,339.9208251,20.77894197,1.236504691,0,1,11,2022,4,46,346.9330926,-0.018516918,338.0391665
2022-11-16,22.32603741,331.1589852,20.84260487,1.205158372,0,2,11,2022,4,46,346.27967,0.000182943,339.9208251
2022-11-17,22.47720637,360.9458147,24.67660878,1.276445574,0,3,11,2022,4,46,347.3026884,0.006770971,331.1589852
2022-11-18,22.97330432,358.7925782,22.75611467,1.324367965,0,4,11,2022,4,46,348.5128948,0.022071157,360.9458147
2022-11-19,22.74895754,360.30063,21.04643144,1.167195593,0,5,11,2022,4,46,348.8443546,-0.009765542,358.7925782
