price-elasticity-demand/time-series-analysis/ARIMA/time_series_dataset.csv
date,price,demand,competitor_price,economic_index,promotion,day_of_week,month,year,quarter,week_of_year,demand_moving_avg,price_change,demand_lag_1
2022-11-20,21.73821902,360.2154674,20.49822769,1.235902143,0,6,11,2022,4,46,349.9104953,-0.044430103,360.30063
2022-11-21,21.81099199,335.6826077,20.8004803,1.298645043,0,0,11,2022,4,47,349.573844,0.003347697,360.2154674
2022-11-22,22.58120832,343.1270501,22.63051331,1.422065678,0,1,11,2022,4,47,350.0318762,0.035313218,335.6826077
2022-11-23,23.12607115,352.6067624,22.36544602,1.035457256,0,2,11,2022,4,47,353.0958444,0.024129038,343.1270501
2022-11-24,21.53534739,360.445496,21.34158003,1.349945163,0,3,11,2022,4,47,353.0243702,-0.068784868,352.6067624
2022-11-25,22.67038877,351.4230281,21.1582718,1.250172296,0,4,11,2022,4,47,351.9715774,0.05270597,360.445496
2022-11-26,22.66756329,357.5905138,21.88203562,1.239167828,0,5,11,2022,4,47,351.5844179,-0.000124633,351.4230281
2022-11-27,23.63456623,349.4208419,21.60349004,1.220616177,0,6,11,2022,4,47,350.0423286,0.042660207,357.5905138
2022-11-28,22.75687091,355.139788,24.53058818,1.252439325,1,0,11,2022,4,48,352.8219258,-0.037136088,349.4208419
2022-11-29,23.14913292,345.8206766,21.75440913,1.351010613,0,1,11,2022,4,48,353.2067296,0.01723708,355.139788
2022-11-30,23.03579371,362.8399578,24.21937342,1.235350256,0,2,11,2022,4,48,354.6686146,-0.004896046,345.8206766
2022-12-01,21.90667686,354.6007937,21.24751279,1.454988114,0,3,12,2022,4,48,353.8336571,-0.049015756,362.8399578
2022-12-02,23.36212523,338.5691009,23.24249862,1.351615601,0,4,12,2022,4,48,351.9973818,0.066438574,354.6007937
2022-12-03,23.09104647,345.7665556,22.12704626,1.309126145,0,5,12,2022,4,48,350.3082449,-0.011603343,338.5691009
2022-12-04,23.24207289,349.4835387,24.15521336,1.272823331,0,6,12,2022,4,48,350.3172016,0.006540475,345.7665556
2022-12-05,24.9549104,354.592045,26.6745354,1.408514373,0,0,12,2022,4,49,350.2389526,0.073695557,349.4835387
2022-12-06,21.95284972,359.4888517,21.01445402,1.423230932,0,1,12,2022,4,49,352.1915491,-0.120299397,354.592045
2022-12-07,23.85963007,348.7665564,22.62951173,1.173590758,0,2,12,2022,4,49,350.1810631,0.086857987,359.4888517
2022-12-08,22.85519385,343.4151815,23.68456434,1.219639172,0,3,12,2022,4,49,348.5831185,-0.042097728,348.7665564
2022-12-09,23.14347784,362.5679954,21.73243417,1.353392014,0,4,12,2022,4,49,352.011532,0.0126135,343.4151815
2022-12-10,22.97721274,349.2789147,23.61983835,1.383697097,0,5,12,2022,4,49,352.5132976,-0.007184102,362.5679954
2022-12-11,22.78726583,356.002991,20.9388908,1.260094958,0,6,12,2022,4,49,353.444648,-0.008266752,349.2789147
2022-12-12,22.71314246,372.4319636,23.25888095,1.215984537,0,0,12,2022,4,50,355.9932078,-0.003252842,356.002991
2022-12-13,23.16074835,360.7371203,23.22285035,1.298190295,0,1,12,2022,4,50,356.1715318,0.019706911,372.4319636
2022-12-14,22.23460282,344.2561851,20.51767221,1.438098386,0,2,12,2022,4,50,355.5271931,-0.03998772,360.7371203
2022-12-15,23.36493627,337.4515838,24.06169566,1.294632479,0,3,12,2022,4,50,354.6752506,0.050836683,344.2561851
2022-12-16,22.77726871,357.7026541,22.53381231,1.164234986,0,4,12,2022,4,50,353.9802018,-0.025151687,337.4515838
2022-12-17,22.41531372,348.2899585,21.14712274,1.301687396,1,5,12,2022,4,50,353.8389223,-0.015891062,357.7026541
2022-12-18,22.74958893,365.4943732,22.08249889,1.36910389,0,6,12,2022,4,50,355.1948341,0.014912806,348.2899585
2022-12-19,23.59668286,355.4600596,23.55941004,1.280791362,0,0,12,2022,4,51,352.7702764,0.037235571,365.4943732
2022-12-20,22.69322112,361.4736436,20.83943107,1.416845784,0,1,12,2022,4,51,352.875494,-0.038287659,355.4600596
2022-12-21,23.13216518,350.8237568,25.2492648,1.377714016,0,2,12,2022,4,51,353.8137185,0.019342519,361.4736436
2022-12-22,22.5787812,378.3391025,23.32641954,1.285053231,0,3,12,2022,4,51,359.6547926,-0.023922706,350.8237568
2022-12-23,23.31381463,385.9442272,21.46052948,1.295643535,0,4,12,2022,4,51,363.689303,0.032554168,378.3391025
2022-12-24,23.26747767,355.2333418,24.7699154,1.107253172,0,5,12,2022,4,51,364.6812149,-0.001987532,385.9442272
2022-12-25,23.83817653,358.9663141,22.99218316,1.412551825,0,6,12,2022,4,51,363.7486351,0.02452775,355.2333418
2022-12-26,22.81451936,361.7996097,23.25620634,1.258677428,0,0,12,2022,4,52,364.6542851,-0.042941924,358.9663141
2022-12-27,23.22434172,356.4516758,22.18919956,1.251733499,0,1,12,2022,4,52,363.9368611,0.017963225,361.7996097
2022-12-28,22.92604785,352.4925095,23.99626302,1.236843822,0,2,12,2022,4,52,364.1752544,-0.012844018,356.4516758
2022-12-29,23.51123974,347.311745,24.55988323,1.337598949,0,3,12,2022,4,52,359.7427747,0.025525197,352.4925095
2022-12-30,22.4894708,352.1894258,22.72355676,1.179159903,0,4,12,2022,4,52,354.9206602,-0.043458744,347.311745
2022-12-31,23.20626973,364.2898808,22.00383962,1.193711935,0,5,12,2022,4,52,356.2144515,0.031872646,352.1894258
2023-01-01,22.72059918,357.7461024,21.60139977,1.286976713,0,6,1,2023,1,52,356.0401356,-0.02092842,364.2898808
2023-01-02,22.76933907,337.1941592,22.23591173,1.2296779,0,0,1,2023,1,1,352.5250712,0.002145185,357.7461024
2023-01-03,22.83010339,367.4007035,21.2092216,1.3259526,0,1,1,2023,1,1,354.089218,0.00266869,337.1941592
2023-01-04,22.89245422,362.5375136,22.14916239,1.233540325,1,2,1,2023,1,1,355.5242186,0.00273108,367.4007035
2023-01-05,22.68964369,377.6815614,23.52623173,1.452132889,0,3,1,2023,1,1,359.8627638,-0.008859274,362.5375136
2023-01-06,22.83586088,367.4965037,24.34688824,1.362075024,0,4,1,2023,1,1,362.0494892,0.006444226,377.6815614
2023-01-07,23.49763605,345.9520732,22.71085197,1.360917904,1,5,1,2023,1,1,359.4298024,0.028979646,367.4965037
2023-01-08,23.18070617,340.3099572,21.94559298,1.232433118,0,6,1,2023,1,1,356.9389246,-0.013487735,345.9520732
2023-01-09,23.10129957,356.0931462,24.63819474,1.53359727,0,0,1,2023,1,2,359.6387798,-0.003425547,340.3099572
2023-01-10,22.41703535,360.7430678,24.16872054,1.249228212,1,1,1,2023,1,2,358.687689,-0.029620161,356.0931462
2023-01-11,22.17761484,377.9086135,21.77851324,1.221848295,0,2,1,2023,1,2,360.8835604,-0.010680293,360.7430678
2023-01-12,23.07666855,364.1796353,20.89317334,1.364003593,1,3,1,2023,1,2,358.9547139,0.040538792,377.9086135
2023-01-13,23.01318329,376.2100511,23.91052079,1.312952156,0,4,1,2023,1,2,360.1995063,-0.002751058,364.1796353
2023-01-14,23.28700134,350.5439327,24.60985781,1.211690922,0,5,1,2023,1,2,360.8554863,0.011898313,376.2100511
2023-01-15,22.22355233,379.0511201,20.08130969,1.513214079,0,6,1,2023,1,2,366.3899381,-0.045667065,350.5439327
2023-01-16,22.3850217,376.0907584,22.81047524,1.391289323,0,0,1,2023,1,3,369.2467399,0.007265687,379.0511201
2023-01-17,21.65369042,352.6456775,22.03639237,1.294229913,0,1,1,2023,1,3,368.0899698,-0.032670564,376.0907584
2023-01-18,22.25022301,383.3627758,21.7104678,1.534040406,0,2,1,2023,1,3,368.8691358,0.027548773,352.6456775
2023-01-19,22.91716614,368.0284433,24.061958,1.375107417,0,3,1,2023,1,3,369.4189656,0.029974672,383.3627758
2023-01-20,22.15745857,375.1055413,21.83918458,1.292939316,0,4,1,2023,1,3,369.2611784,-0.033150153,368.0284433
2023-01-21,22.68218155,360.2059322,23.48411439,1.522373187,0,5,1,2023,1,3,370.6414641,0.023681551,375.1055413
2023-01-22,22.23734259,384.1256704,22.31347127,1.360227906,0,6,1,2023,1,3,371.3663998,-0.019611824,360.2059322
2023-01-23,22.46469951,358.6726932,21.3345661,1.355953969,0,0,1,2023,1,4,368.8781048,0.010224105,384.1256704
2023-01-24,21.69833389,382.9794426,22.16051215,1.25589469,0,1,1,2023,1,4,373.2114998,-0.034114216,358.6726932
2023-01-25,22.28373216,380.233749,23.33957324,1.299570812,0,2,1,2023,1,4,372.764496,0.02697895,382.9794426
2023-01-26,20.71395422,370.4316864,22.6772463,1.253660173,0,3,1,2023,1,4,373.1078164,-0.070445019,380.233749
2023-01-27,22.08392362,393.4546884,21.55439065,1.438803058,0,4,1,2023,1,4,375.7291232,0.066137512,370.4316864
2023-01-28,21.32944723,380.006688,19.47153526,1.133988079,0,5,1,2023,1,4,378.5578026,-0.034164055,393.4546884
2023-01-29,22.714464,377.6039328,24.93126494,1.431616546,0,6,1,2023,1,4,377.6261257,0.064934489,380.006688
2023-01-30,22.46643222,357.3332515,23.022731,1.20739526,0,0,1,2023,1,5,377.4347769,-0.010919552,377.6039328
2023-01-31,22.27681309,395.0297438,24.26591177,1.289437403,0,1,1,2023,1,5,379.1562485,-0.008440109,357.3332515
2023-02-01,22.76922546,359.4452842,20.96511538,1.265807894,0,2,2,2023,1,5,376.1864679,0.022104256,395.0297438
2023-02-02,21.49901312,388.5918223,20.81978981,1.243414294,1,3,2,2023,1,5,378.780773,-0.055786366,359.4452842
2023-02-03,22.81141499,362.1348334,21.14133062,1.364507968,0,4,2,2023,1,5,374.306508,0.06104475,388.5918223
2023-02-04,22.36761299,368.4138219,23.86852524,1.295110642,0,5,2,2023,1,5,372.6503843,-0.01945526,362.1348334
2023-02-05,21.7465541,385.8992293,23.40078291,1.228959697,0,6,2,2023,1,5,373.8354266,-0.027765988,368.4138219
2023-02-06,22.39549615,385.3457138,22.40137139,1.311229136,0,0,2,2023,1,6,377.837207,0.029841144,385.8992293
2023-02-07,21.23694261,368.4538313,19.90583746,1.22632092,0,1,2,2023,1,6,374.040648,-0.051731542,385.3457138
2023-02-08,21.33979381,391.8613584,19.74835295,1.242252053,0,2,2,2023,1,6,378.6715158,0.004843032,368.4538313
2023-02-09,21.40928517,391.3636912,21.78679129,1.146403304,0,3,2,2023,1,6,379.067497,0.003256421,391.8613584
2023-02-10,21.41019744,371.8349725,21.43750111,1.251198724,0,4,2,2023,1,6,380.4532312,4.26e-05,391.3636912
2023-02-11,21.10710045,399.0221126,21.92938708,1.345750086,0,5,2,2023,1,6,384.8258442,-0.014156665,371.8349725
2023-02-12,22.20721019,363.272608,21.34204954,1.300142135,0,6,2,2023,1,6,381.5934697,0.052120363,399.0221126
2023-02-13,21.42613705,375.8053597,21.00776171,1.47803602,0,0,2,2023,1,7,380.230562,-0.035172051,363.272608
2023-02-14,21.69132845,385.8241175,19.61486562,1.55791141,0,1,2,2023,1,7,382.7120314,0.012377005,375.8053597
2023-02-15,21.1890381,375.3172577,21.65580313,1.250307833,0,2,2,2023,1,7,380.3485885,-0.023156274,385.8241175
2023-02-16,20.52268613,390.1306517,20.20722585,1.213497907,0,3,2,2023,1,7,380.17244,-0.031447957,375.3172577
2023-02-17,21.52643682,385.1926393,23.3336442,1.409911348,0,4,2,2023,1,7,382.0806781,0.048909323,390.1306517
2023-02-18,20.39335764,386.8850814,20.97165738,1.330550527,0,5,2,2023,1,7,380.3468165,-0.052636634,385.1926393
2023-02-19,21.27291206,392.9909734,20.84189942,1.410717141,0,6,2,2023,1,7,384.5922973,0.043129456,386.8850814
2023-02-20,20.58049291,386.1547259,19.60740267,1.337112796,0,0,2,2023,1,8,386.0707781,-0.032549335,392.9909734
2023-02-21,22.21539768,382.8888327,24.01611092,1.277893948,0,1,2,2023,1,8,385.6514517,0.079439534,386.1547259
2023-02-22,21.63424879,395.253827,19.54120044,1.278561238,0,2,2,2023,1,8,388.4995331,-0.026159734,382.8888327
2023-02-23,21.18796121,394.2376674,20.45448682,1.340807431,0,3,2,2023,1,8,389.0862496,-0.020628753,395.253827
2023-02-24,21.72317442,391.8254765,23.65004425,1.276518373,0,4,2,2023,1,8,390.0337977,0.025260251,394.2376674
2023-02-25,20.62413054,378.2795843,21.25948991,1.419679897,0,5,2,2023,1,8,388.804441,-0.050593153,391.8254765
2023-02-26,21.27473721,392.0774107,21.41395514,1.167596059,1,6,2,2023,1,8,388.673932,0.031545896,378.2795843
2023-02-27,21.05836421,379.4377684,19.80974943,1.419344157,0,0,2,2023,1,9,387.7143667,-0.01017042,392.0774107
2023-02-28,21.04569397,375.7836201,22.44891466,1.110689728,0,1,2,2023,1,9,386.6993363,-0.000601673,379.4377684
2023-03-01,21.50486013,385.8967819,20.23262857,1.312640042,0,2,3,2023,1,9,385.3626156,0.021817582,375.7836201
2023-03-02,21.18971451,379.4587593,20.12282735,1.26512555,0,3,3,2023,1,9,383.251343,-0.014654623,385.8967819
2023-03-03,20.92241214,398.056757,19.63296867,1.146694263,0,4,3,2023,1,9,384.141526,-0.012614722,379.4587593
2023-03-04,19.90499644,403.6955765,18.54408969,1.092427901,0,5,3,2023,1,9,387.772382,-0.048628031,398.056757
2023-03-05,20.2066261,375.3285694,22.03860933,1.188778386,0,6,3,2023,1,9,385.3796904,0.015153465,403.6955765
2023-03-06,20.57933442,384.521205,20.99928289,1.303198296,0,0,3,2023,1,10,386.1058956,0.018444856,375.3285694
2023-03-07,20.6412566,378.2098627,21.21028292,1.23851146,0,1,3,2023,1,10,386.4525017,0.00300895,384.521205
2023-03-08,19.98320334,391.7849703,21.79897898,1.194734993,0,2,3,2023,1,10,387.2936714,-0.031880484,378.2098627
2023-03-09,21.70774303,392.6537337,20.53802153,1.434158001,0,3,3,2023,1,10,389.1786678,0.086299461,391.7849703
2023-03-10,21.21357733,388.4634695,19.11732603,1.175811435,0,4,3,2023,1,10,387.8081981,-0.02276449,392.6537337
2023-03-11,20.7098027,387.8212965,21.11937488,1.367041646,1,5,3,2023,1,10,385.5404439,-0.023747745,388.4634695
2023-03-12,20.39802434,408.5933192,20.43002824,1.210330222,0,6,3,2023,1,10,390.292551,-0.015054627,387.8212965
2023-03-13,20.20907445,373.8016002,20.11874142,1.18704934,1,0,3,2023,1,11,388.7611789,-0.009263146,408.5933192
2023-03-14,19.79231496,411.6166401,18.05803399,1.23904608,0,1,3,2023,1,11,393.5335756,-0.020622394,373.8016002
2023-03-15,20.26004349,391.7804181,20.07541317,1.361521558,0,2,3,2023,1,11,393.5329253,0.023631825,411.6166401
2023-03-16,20.30315393,396.5407395,19.44051176,1.162483387,0,3,3,2023,1,11,394.0882119,0.002127855,391.7804181
2023-03-17,19.50632879,396.3464485,18.62684568,1.328475499,0,4,3,2023,1,11,395.2143517,-0.039246372,396.5407395
2023-03-18,20.24719731,413.6587805,19.12299833,1.203753983,0,5,3,2023,1,11,398.9054209,0.037980931,396.3464485
2023-03-19,19.95535983,387.6934831,19.28696846,1.221853306,0,6,3,2023,1,11,395.91973,-0.014413722,413.6587805
2023-03-20,19.03195769,405.0518324,18.47292467,1.340094162,0,0,3,2023,1,12,400.3840489,-0.04627339,387.6934831
2023-03-21,19.50854457,408.140107,18.76244331,1.517478296,0,1,3,2023,1,12,399.8874013,0.025041401,405.0518324
2023-03-22,19.68482503,386.1884606,21.56965772,1.209128324,0,2,3,2023,1,12,399.0885502,0.009036064,408.140107
2023-03-23,20.78838909,387.8958278,22.58754553,1.372318091,0,3,3,2023,1,12,397.8535628,0.056061665,386.1884606
2023-03-24,20.07577766,399.4901819,20.3749473,1.269158805,1,4,3,2023,1,12,398.3026676,-0.0342793,387.8958278
2023-03-25,19.08276612,397.3844219,20.91873751,1.253055708,0,5,3,2023,1,12,395.9777592,-0.049463167,399.4901819
2023-03-26,19.94659242,394.0900045,21.90613772,1.407767664,0,6,3,2023,1,12,396.891548,0.045267353,397.3844219
2023-03-27,18.88306281,404.378847,18.33900291,1.216377792,0,0,3,2023,1,13,396.7954072,-0.053318862,394.0900045
2023-03-28,20.15128558,408.345986,19.93037729,1.18541876,0,1,3,2023,1,13,396.8248185,0.067161921,404.378847
2023-03-29,19.32769923,402.8546366,21.10222082,1.346947673,0,2,3,2023,1,13,399.2057008,-0.040870164,408.345986
2023-03-30,19.46987275,416.6688033,19.89286041,1.460508483,0,3,3,2023,1,13,403.3161259,0.007355946,402.8546366
2023-03-31,20.13313773,392.9041055,18.97721007,1.376129584,1,4,3,2023,1,13,402.3752578,0.034066221,416.6688033
2023-04-01,18.78033692,397.4397917,19.49166347,1.160528385,0,5,4,2023,2,13,402.3831678,-0.067192746,392.9041055
2023-04-02,18.67918107,430.0414219,17.579897,1.239796829,0,6,4,2023,2,13,407.5190846,-0.005386264,397.4397917
2023-04-03,19.03991553,402.7077239,18.42819253,1.399389967,0,0,4,2023,2,14,407.2803527,0.019312113,430.0414219
2023-04-04,19.80504457,392.6653723,18.72590795,1.459641175,0,1,4,2023,2,14,405.040265,0.040185527,402.7077239
2023-04-05,18.4804983,395.2893272,17.53791976,1.324501296,0,2,4,2023,2,14,403.9595066,-0.066879237,392.6653723
2023-04-06,17.77859724,427.2828475,16.01729146,1.24381292,1,3,4,2023,2,14,405.4757986,-0.037980635,395.2893272
2023-04-07,18.92379806,407.7049906,20.36468947,1.466432067,0,4,4,2023,2,14,407.5902107,0.064414577,427.2828475
2023-04-08,19.38016025,406.6111277,18.58941287,1.294470835,0,5,4,2023,2,14,408.9004016,0.024115782,407.7049906
2023-04-09,19.65955414,406.4709999,18.03321509,1.241449346,0,6,4,2023,2,14,405.5331984,0.01441649,406.6111277
2023-04-10,18.78320812,422.8856862,17.23166782,1.224636959,0,0,4,2023,2,15,408.4157645,-0.044576088,406.4709999
2023-04-11,18.76468417,411.3648256,18.97491722,1.182728388,0,1,4,2023,2,15,411.087115,-0.000986198,422.8856862
2023-04-12,19.50321059,433.2190007,21.42591726,1.585688276,0,2,4,2023,2,15,416.5056397,0.039357253,411.3648256
2023-04-13,17.94751712,419.205219,16.67332405,1.44452603,1,3,4,2023,2,15,415.3516928,-0.07976602,433.2190007
2023-04-14,18.64453113,425.3107736,17.1515583,1.236900921,0,4,4,2023,2,15,417.8668047,0.038836236,419.205219
2023-04-15,18.89069358,421.8245825,18.65759708,1.475812856,0,5,4,2023,2,15,420.0401554,0.013202931,425.3107736
2023-04-16,18.97707837,413.2855321,19.2174468,1.35606049,0,6,4,2023,2,15,421.01366,0.004572875,421.8245825
2023-04-17,18.45486091,410.7007911,17.69592453,1.350241083,1,0,4,2023,2,16,419.2729607,-0.027518328,413.2855321
2023-04-18,18.68459842,419.0505118,17.94663934,1.23113859,0,1,4,2023,2,16,420.3709158,0.012448618,410.7007911
2023-04-19,17.38115676,427.6577657,17.11861961,1.251617585,0,2,4,2023,2,16,419.5764537,-0.069760218,419.0505118
2023-04-20,18.254478,412.7726357,17.57594305,1.29888791,0,3,4,2023,2,16,418.6575132,0.050245289,427.6577657
2023-04-21,18.76898789,417.8972736,20.32805858,1.106675424,1,4,4,2023,2,16,417.5984418,0.028185406,412.7726357
2023-04-22,18.01007759,432.6980265,16.36019084,1.254648319,0,5,4,2023,2,16,419.1517909,-0.040434269,417.8972736
2023-04-23,18.49007766,438.9425838,17.50851399,1.303879306,0,6,4,2023,2,16,422.817084,0.026651749,432.6980265
2023-04-24,18.64376265,426.3250825,19.79427967,1.434482244,0,0,4,2023,2,17,425.0491257,0.008311755,438.9425838
2023-04-25,18.20918249,438.8881604,19.42540338,1.241975608,0,1,4,2023,2,17,427.8830755,-0.023309681,426.3250825
2023-04-26,18.42621935,413.1874642,16.99470508,1.384944184,0,2,4,2023,2,17,425.8158895,0.011919088,438.8881604
2023-04-27,17.82056097,429.8336893,19.50910706,1.097781001,0,3,4,2023,2,17,428.2531829,-0.032869379,413.1874642
2023-04-28,18.15998045,434.8078623,18.86224451,1.420633411,0,4,4,2023,2,17,430.6689813,0.01904651,429.8336893
