price-elasticity-demand/time-series-analysis/ARIMA/time_series_dataset.csv
date,price,demand,competitor_price,economic_index,promotion,day_of_week,month,year,quarter,week_of_year,demand_moving_avg,price_change,demand_lag_1
2023-04-29,18.53018162,410.9127434,17.68740322,1.213995706,0,5,4,2023,2,17,427.556798,0.020385549,434.8078623
2023-04-30,18.26578548,416.646077,18.10518489,1.31715771,0,6,4,2023,2,17,424.3715827,-0.014268405,410.9127434
2023-05-01,17.85670617,441.2298363,17.13221896,1.344864735,0,0,5,2023,2,18,426.5008333,-0.022395933,416.646077
2023-05-02,18.22520937,412.5601795,16.94952582,1.325348389,1,1,5,2023,2,18,422.7396932,0.020636684,441.2298363
2023-05-03,18.43400109,408.158274,17.66411633,1.293752467,0,2,5,2023,2,18,422.0212374,0.011456204,412.5601795
2023-05-04,17.01579522,444.2422417,17.28836082,1.180378825,0,3,5,2023,2,18,424.079602,-0.07693424,408.158274
2023-05-05,18.58485607,433.3860218,19.79647604,1.215676371,0,4,5,2023,2,18,423.8764819,0.09221202,444.2422417
2023-05-06,17.8022371,429.9533884,17.31633954,1.404373667,0,5,5,2023,2,18,426.5965741,-0.042110575,433.3860218
2023-05-07,18.14865574,423.7431084,17.59657923,1.245092737,0,6,5,2023,2,18,427.6104357,0.019459276,429.9533884
2023-05-08,18.50058994,418.3548332,18.38218876,1.294600934,0,0,5,2023,2,19,424.3425781,0.01939175,423.7431084
2023-05-09,17.18270309,432.4479326,17.67947428,1.155821877,0,1,5,2023,2,19,427.1836857,-0.071234856,418.3548332
2023-05-10,17.4809189,444.233752,18.3606156,1.390987849,0,2,5,2023,2,19,432.3373254,0.017355582,432.4479326
2023-05-11,17.65899866,430.2286371,17.0472892,1.173282219,0,3,5,2023,2,19,430.3353819,0.010187093,444.233752
2023-05-12,17.37957196,451.2067569,17.67972575,1.396926814,0,4,5,2023,2,19,432.8812012,-0.015823473,430.2286371
2023-05-13,18.6076427,414.7137967,18.19589592,1.199159367,0,5,5,2023,2,19,430.7041167,0.070661737,451.2067569
2023-05-14,17.28107175,430.4250091,18.02899602,1.406981356,1,6,5,2023,2,19,431.658674,-0.071291725,414.7137967
2023-05-15,17.40153306,426.5839965,16.23449896,1.306649855,0,0,5,2023,2,20,432.8342687,0.006970708,430.4250091
2023-05-16,17.75192232,418.0056104,16.88891214,1.249854833,0,1,5,2023,2,20,430.7710798,0.02013554,426.5839965
2023-05-17,17.01965442,431.2812214,16.76796919,1.465870759,0,2,5,2023,2,20,428.9207183,-0.041250063,418.0056104
2023-05-18,17.39447736,435.4042232,18.74921071,1.299045094,1,3,5,2023,2,20,429.6600878,0.022022947,431.2812214
2023-05-19,17.72322706,435.1217509,17.98314099,1.269849374,0,4,5,2023,2,20,427.3622298,0.01889966,435.4042232
2023-05-20,17.37085399,453.6373734,18.9877196,1.397042406,0,5,5,2023,2,20,432.9227407,-0.019881993,435.1217509
2023-05-21,17.46398228,436.4026801,16.07831199,1.158184912,1,6,5,2023,2,20,433.7766937,0.005361181,453.6373734
2023-05-22,17.2200155,444.7692493,17.08285951,1.053614073,0,0,5,2023,2,21,436.374587,-0.013969711,436.4026801
2023-05-23,16.70207299,436.8078134,16.43176173,1.42222864,0,1,5,2023,2,21,439.060616,-0.030077935,444.7692493
2023-05-24,17.59535834,448.7495012,17.94799106,1.222900445,0,2,5,2023,2,21,441.5560845,0.053483502,436.8078134
2023-05-25,18.28791498,452.7783683,19.42895142,1.393092906,1,3,5,2023,2,21,444.0381052,0.039360189,448.7495012
2023-05-26,17.39617502,438.850341,18.58415294,1.31134691,0,4,5,2023,2,21,444.5707609,-0.048761161,452.7783683
2023-05-27,17.47677688,423.4959944,18.07166752,1.190431737,0,5,5,2023,2,21,440.2648497,0.004633309,438.850341
2023-05-28,17.6883273,427.1620649,18.18903561,1.367658935,0,6,5,2023,2,21,438.9447618,0.012104659,423.4959944
2023-05-29,16.68577774,440.7666557,18.18425917,1.266013684,0,0,5,2023,2,22,438.3729627,-0.056678596,427.1620649
2023-05-30,18.15083865,435.4705942,17.72860441,1.199396679,0,1,5,2023,2,22,438.1819314,0.087802974,440.7666557
2023-05-31,17.38055048,442.0240565,18.53734192,1.202101086,0,2,5,2023,2,22,437.2211536,-0.042438159,435.4705942
2023-06-01,18.0757907,436.447465,19.59959333,1.134046858,0,3,6,2023,2,22,434.8881674,0.040001047,442.0240565
2023-06-02,16.87449814,438.2028066,16.84594394,1.347733231,0,4,6,2023,2,22,434.7956625,-0.066458645,436.447465
2023-06-03,18.13187886,425.7641872,18.9626909,1.213990679,0,5,6,2023,2,22,435.11969,0.074513666,438.2028066
2023-06-04,17.59294426,439.1114453,17.1602277,1.30415855,0,6,6,2023,2,22,436.8267444,-0.029723042,425.7641872
2023-06-05,17.46509485,454.5674907,16.27355278,1.289558524,0,0,6,2023,2,23,438.7982922,-0.007267084,439.1114453
2023-06-06,17.28948914,447.3723174,17.58861073,1.213675115,0,1,6,2023,2,23,440.4985384,-0.010054667,454.5674907
2023-06-07,17.0328125,444.079907,15.99882421,1.155640822,0,2,6,2023,2,23,440.7922313,-0.01484582,447.3723174
2023-06-08,17.74264413,445.754888,17.59218342,1.561401886,0,3,6,2023,2,23,442.1218632,0.041674364,444.079907
2023-06-09,17.19856493,434.7435293,18.48116275,1.30327756,0,4,6,2023,2,23,441.6276807,-0.030665057,445.754888
2023-06-10,16.13156552,438.9801048,14.79593057,1.490569118,0,5,6,2023,2,23,443.5156689,-0.062040026,434.7435293
2023-06-11,16.54393446,434.7956739,14.99022255,1.424824511,0,6,6,2023,2,23,442.8991302,0.025562859,438.9801048
2023-06-12,16.99774718,439.0232217,17.35972389,1.276314313,0,0,6,2023,2,24,440.6785203,0.027430762,434.7956739
2023-06-13,17.2345299,435.1427443,16.65221418,1.326627317,0,1,6,2023,2,24,438.9314384,0.013930241,439.0232217
2023-06-14,17.04081724,452.6837346,16.76113553,1.323822441,0,2,6,2023,2,24,440.1605567,-0.0112398,435.1427443
2023-06-15,17.66890125,432.9759347,17.33570319,1.493150942,0,3,6,2023,2,24,438.3349919,0.036857623,452.6837346
2023-06-16,16.07489498,437.9395552,14.7458877,1.391814252,0,4,6,2023,2,24,438.791567,-0.090215359,432.9759347
2023-06-17,17.11399785,460.4635619,15.41480525,1.228203618,0,5,6,2023,2,24,441.8606323,0.064641347,437.9395552
2023-06-18,16.12570217,441.7309975,17.41067308,1.344192787,0,6,6,2023,2,24,442.8513928,-0.057747797,460.4635619
2023-06-19,17.40776763,441.6341274,16.42526821,1.389562347,0,0,6,2023,2,25,443.2243794,0.079504473,441.7309975
2023-06-20,16.97463528,447.0410815,16.72367885,1.191699018,1,1,6,2023,2,25,444.9241418,-0.024881556,441.6341274
2023-06-21,17.22635774,430.1645765,18.85227026,1.358745868,0,2,6,2023,2,25,441.7071193,0.01482933,447.0410815
2023-06-22,16.58003566,457.3791303,17.66358271,1.443979839,0,3,6,2023,2,25,445.19329,-0.037519369,430.1645765
2023-06-23,17.64787139,446.3163761,16.26403422,1.223783688,0,4,6,2023,2,25,446.3899788,0.064404911,457.3791303
2023-06-24,17.52590139,456.3978348,17.55576213,1.237699106,0,5,6,2023,2,25,445.8091606,-0.006911315,446.3163761
2023-06-25,17.29445044,435.4368658,18.09026851,1.425778224,0,6,6,2023,2,25,444.9099989,-0.013206222,456.3978348
2023-06-26,16.9362986,445.2678048,17.60830649,1.274407352,1,0,6,2023,2,26,445.4290957,-0.020709062,435.4368658
2023-06-27,17.29010489,443.156632,18.19210148,1.211730152,0,1,6,2023,2,26,444.8741743,0.020890414,445.2678048
2023-06-28,16.64658929,448.8739428,16.50494231,1.398258307,0,2,6,2023,2,26,447.5469409,-0.037218721,443.156632
2023-06-29,17.42841308,428.0330334,16.29878327,1.367816437,0,3,6,2023,2,26,443.3546414,0.046966005,448.8739428
2023-06-30,17.82671557,441.9481005,17.70147378,1.319670414,0,4,6,2023,2,26,442.730602,0.022853629,428.0330334
2023-07-01,17.53936014,428.2627596,18.05812969,1.422789296,0,5,7,2023,3,26,438.7113055,-0.01611937,441.9481005
2023-07-02,16.64207272,450.8468679,17.0035122,1.429994567,0,6,7,2023,3,26,440.9127344,-0.051158504,428.2627596
2023-07-03,17.19114036,423.4801858,15.71449723,1.302248762,0,0,7,2023,3,27,437.8002174,0.032992744,450.8468679
2023-07-04,16.36815645,430.6130032,14.94397113,1.508063702,0,1,7,2023,3,27,436.0082705,-0.04787256,423.4801858
2023-07-05,17.30595463,452.8714199,18.91630081,1.469070068,0,2,7,2023,3,27,436.5793386,0.057294062,430.6130032
2023-07-06,17.2508289,439.7379963,16.0495,1.112401238,0,3,7,2023,3,27,438.2514762,-0.003185362,452.8714199
2023-07-07,16.0971208,441.3399179,15.43540829,1.207919351,0,4,7,2023,3,27,438.1645929,-0.066878415,439.7379963
2023-07-08,16.45837127,462.3630278,17.3393368,1.085501921,0,5,7,2023,3,27,443.0360598,0.022441931,441.3399179
2023-07-09,16.90565863,450.9354609,16.60026493,1.278659614,0,6,7,2023,3,27,443.048716,0.027176891,462.3630278
2023-07-10,16.90549179,456.6207279,15.82849313,1.190109303,0,0,7,2023,3,28,447.7830791,-9.87e-06,450.9354609
2023-07-11,16.46060334,448.70036,16.35272839,1.229899293,1,1,7,2023,3,28,450.3669872,-0.026316209,456.6207279
2023-07-12,17.26997554,473.3494293,17.5081284,1.420487958,0,2,7,2023,3,28,453.2924172,0.049170263,448.70036
2023-07-13,17.21208907,441.0333596,17.049492,1.136048247,0,3,7,2023,3,28,453.4774691,-0.003351856,473.3494293
2023-07-14,17.00080283,465.8144998,18.42528675,1.324604737,0,4,7,2023,3,28,456.9738379,-0.012275456,441.0333596
2023-07-15,16.73234296,449.3314804,16.01184591,1.324098817,0,5,7,2023,3,28,455.1121883,-0.015791011,465.8144998
2023-07-16,17.64760674,429.0556881,18.21703205,1.303592254,0,6,7,2023,3,28,451.9865065,0.054700276,449.3314804
2023-07-17,17.96468113,449.0745415,16.57168079,1.325009061,0,0,7,2023,3,29,450.9084798,0.017966991,429.0556881
2023-07-18,16.90962779,452.8982351,16.54534522,1.088803032,0,1,7,2023,3,29,451.5081763,-0.058729311,449.0745415
2023-07-19,16.86045901,439.7111696,17.67311038,1.231175762,0,2,7,2023,3,29,446.7027106,-0.002907739,452.8982351
2023-07-20,17.42797949,438.3911636,16.46880255,1.46653131,0,3,7,2023,3,29,446.325254,0.033659848,439.7111696
2023-07-21,17.01988951,449.6320287,17.32546816,1.192644125,0,4,7,2023,3,29,444.0134724,-0.023415794,438.3911636
2023-07-22,17.1464254,452.9676214,15.95796217,1.479092324,0,5,7,2023,3,29,444.5329212,0.00743459,449.6320287
2023-07-23,17.6038574,422.698778,16.20506084,1.171849012,0,6,7,2023,3,29,443.6247911,0.02667798,452.9676214
2023-07-24,16.2979422,464.6872302,16.3736714,1.1599272,0,0,7,2023,3,30,445.8551752,-0.074183468,422.698778
2023-07-25,17.93103883,441.2651741,18.55866463,1.217553391,1,1,7,2023,3,30,444.1933094,0.100202628,464.6872302
2023-07-26,17.32816862,436.1252351,15.98824048,1.42573958,0,2,7,2023,3,30,443.681033,-0.0336216,441.2651741
2023-07-27,17.1066908,460.1775449,18.53604464,1.25831921,0,3,7,2023,3,30,446.7933732,-0.012781375,436.1252351
2023-07-28,17.28909257,449.8340377,16.34086282,1.347572002,0,4,7,2023,3,30,446.8222316,0.010662598,460.1775449
2023-07-29,17.33685459,462.2069703,16.01916802,1.320495005,0,5,7,2023,3,30,448.1421386,0.002762552,449.8340377
2023-07-30,16.51262211,458.7584523,15.530778,1.307785105,0,6,7,2023,3,30,453.2935207,-0.047542215,462.2069703
2023-07-31,18.14892174,446.3932825,16.94954102,1.440743142,0,0,7,2023,3,31,450.6800996,0.09909387,458.7584523
2023-08-01,17.4459866,448.6053329,16.01776968,1.390583137,0,1,8,2023,3,31,451.7286937,-0.03873151,446.3932825
2023-08-02,17.67133138,454.0410898,18.72397455,1.199241033,0,2,8,2023,3,31,454.2881015,0.012916712,448.6053329
2023-08-03,17.95074108,443.8881713,17.93472103,1.286074285,0,3,8,2023,3,31,451.9610481,0.015811469,454.0410898
2023-08-04,16.99014399,444.505822,16.61132984,1.488075355,0,4,8,2023,3,31,451.1998744,-0.053512949,443.8881713
2023-08-05,17.76383697,455.465753,19.36481317,1.345787562,0,5,8,2023,3,31,450.2368434,0.045537753,444.505822
2023-08-06,17.42026655,449.8417064,16.97085289,1.163146797,0,6,8,2023,3,31,448.9630226,-0.019341003,455.465753
2023-08-07,18.00506217,448.8988384,16.80582681,1.170327513,1,0,8,2023,3,32,449.3209591,0.033569843,449.8417064
2023-08-08,16.54624956,466.9500547,15.79850102,1.403145944,0,1,8,2023,3,32,451.9416337,-0.081022359,448.8988384
2023-08-09,17.58909246,449.9007757,16.67082411,1.384475155,0,2,8,2023,3,32,451.3501602,0.063025938,466.9500547
2023-08-10,17.36658837,452.498362,17.36221643,1.222194876,1,3,8,2023,3,32,452.5801875,-0.012650118,449.9007757
2023-08-11,17.91406476,443.808559,17.16706662,1.389194461,0,4,8,2023,3,32,452.4805785,0.031524694,452.498362
2023-08-12,17.96345808,454.0583455,18.02116092,1.474470667,1,5,8,2023,3,32,452.2795202,0.002757237,443.808559
2023-08-13,17.40568633,456.2293803,17.99501998,1.460417347,0,6,8,2023,3,32,453.1920451,-0.031050355,454.0583455
2023-08-14,17.43502856,461.7818676,18.40197101,1.475159277,0,0,8,2023,3,33,455.0324778,0.001685784,456.2293803
2023-08-15,17.76794413,445.5063989,18.51475848,1.370380361,0,1,8,2023,3,33,451.9690984,0.019094639,461.7818676
2023-08-16,17.40765421,448.7075311,16.38265921,1.297165511,0,2,8,2023,3,33,451.7986349,-0.020277524,445.5063989
2023-08-17,18.3101948,456.8793436,16.9036046,1.274783495,0,3,8,2023,3,33,452.4244894,0.051847341,448.7075311
2023-08-18,17.73834788,454.5227064,17.88894702,1.313392824,0,4,8,2023,3,33,453.9550819,-0.031231067,456.8793436
2023-08-19,16.50371849,449.2933074,15.50990348,1.227629193,0,5,8,2023,3,33,453.2743622,-0.069602276,454.5227064
2023-08-20,17.80456681,465.0969392,16.32655176,1.279401661,0,6,8,2023,3,33,454.5411563,0.078821529,449.2933074
2023-08-21,17.50796672,436.7084236,17.60284009,1.442943518,1,0,8,2023,3,34,450.9592357,-0.016658652,465.0969392
2023-08-22,17.24734836,463.0157708,16.64988016,1.154624452,0,1,8,2023,3,34,453.4605746,-0.014885701,436.7084236
2023-08-23,17.48049862,441.5303188,18.37602111,1.161564591,0,2,8,2023,3,34,452.4352586,0.013518035,463.0157708
2023-08-24,18.19061092,469.6633879,17.51461737,1.398784634,0,3,8,2023,3,34,454.2615506,0.040623115,441.5303188
2023-08-25,18.83738188,432.2976269,20.64093738,1.280814291,0,4,8,2023,3,34,451.0865392,0.035555208,469.6633879
2023-08-26,18.36725934,461.7870639,19.31693184,1.123367291,0,5,8,2023,3,34,452.8713616,-0.024956894,432.2976269
2023-08-27,17.94546262,451.7258555,16.35798267,1.309898188,0,6,8,2023,3,34,450.9612068,-0.022964597,461.7870639
2023-08-28,18.51514582,446.1947464,18.54800184,1.295719455,0,0,8,2023,3,35,452.3163957,0.03174525,451.7258555
2023-08-29,18.09655067,453.9730278,18.32319369,1.273123176,0,1,8,2023,3,35,451.0245753,-0.022608256,446.1947464
2023-08-30,18.01811084,458.9938951,18.72190801,1.384902236,0,2,8,2023,3,35,453.5193719,-0.004334519,453.9730278
2023-08-31,17.82794827,444.743642,17.82009256,1.183112086,0,3,8,2023,3,35,449.9594082,-0.010553968,458.9938951
2023-09-01,17.56932738,447.0831218,17.51115041,1.317830195,0,4,9,2023,3,35,452.0716218,-0.014506487,444.743642
2023-09-02,18.29077579,458.2883518,17.80767474,1.295534414,0,5,9,2023,3,35,451.5718058,0.04106295,447.0831218
2023-09-03,18.60563395,433.3014214,17.75521279,1.320514196,0,6,9,2023,3,35,448.9397438,0.017214041,458.2883518
2023-09-04,18.51952854,445.1182117,20.17221206,1.143613067,0,0,9,2023,3,36,448.7859531,-0.004627921,433.3014214
2023-09-05,18.40144352,482.1112021,17.73014661,1.264666804,0,1,9,2023,3,36,452.8056923,-0.006376243,445.1182117
2023-09-06,18.17848373,443.2906806,16.59121606,1.319008622,0,2,9,2023,3,36,450.5623759,-0.012116429,482.1112021
2023-09-07,18.99774246,460.5024914,17.73357469,1.371247677,0,3,9,2023,3,36,452.8136401,0.045067495,443.2906806
2023-09-08,18.0776384,447.9136849,19.36938197,1.501871374,0,4,9,2023,3,36,452.932292,-0.048432284,460.5024914
2023-09-09,19.1671152,453.5627252,19.4992179,1.397926572,0,5,9,2023,3,36,452.2572025,0.060266544,447.9136849
2023-09-10,18.32119091,459.3901676,19.34270925,1.363547263,0,6,9,2023,3,36,455.9841662,-0.044134147,453.5627252
2023-09-11,18.48957062,463.4372398,19.63141826,1.444679232,0,0,9,2023,3,37,458.6011702,0.009190435,459.3901676
2023-09-12,18.17616437,451.8533649,19.3512041,1.287249519,0,1,9,2023,3,37,454.2786221,-0.016950434,463.4372398
2023-09-13,18.70289372,471.2505357,18.89221828,1.47312459,0,2,9,2023,3,37,458.2728871,0.028979126,451.8533649
2023-09-14,19.48554709,441.6927177,18.22725072,1.429759062,0,3,9,2023,3,37,455.5857765,0.041846646,471.2505357
2023-09-15,19.30024827,450.9906651,17.94240923,1.273344014,0,4,9,2023,3,37,456.0253451,-0.009509552,441.6927177
2023-09-16,19.57642497,449.8544475,19.86609506,1.510427321,0,5,9,2023,3,37,455.4955912,0.014309489,450.9906651
2023-09-17,19.39329013,437.2299838,18.87554495,1.362825345,0,6,9,2023,3,37,452.3298506,-0.009354866,449.8544475
2023-09-18,18.62560304,449.5598972,18.84183974,1.537528721,0,0,9,2023,3,38,450.3473731,-0.039585191,437.2299838
2023-09-19,19.05746543,452.0031636,19.05166375,1.348650059,0,1,9,2023,3,38,450.3687729,0.023186492,449.5598972
2023-09-20,18.87837436,447.0891909,19.26424108,1.262238857,1,2,9,2023,3,38,446.9171522,-0.009397423,452.0031636
2023-09-21,19.97955579,470.4388426,18.10991607,1.241778189,0,3,9,2023,3,38,451.0237415,0.05833031,447.0891909
2023-09-22,18.76183765,443.8552521,17.00886918,1.283057518,0,4,9,2023,3,38,450.0043968,-0.060948209,470.4388426
2023-09-23,19.85320234,458.700387,20.73307709,1.261602379,1,5,9,2023,3,38,451.2681024,0.058169392,443.8552521
2023-09-24,19.89909845,455.3609136,18.67780021,1.445970739,0,6,9,2023,3,38,453.8582353,0.002311774,458.700387
2023-09-25,20.41383473,444.2018386,21.03522558,1.316034469,0,0,9,2023,3,39,453.0927983,0.025867316,455.3609136
2023-09-26,19.34070807,441.1699959,19.52087029,1.157629636,0,1,9,2023,3,39,451.5452029,-0.052568597,444.2018386
2023-09-27,19.94835134,439.2154731,21.87055242,1.340432345,1,2,9,2023,3,39,450.4203861,0.03141784,441.1699959
2023-09-28,20.77975571,437.673646,22.17368616,1.331783228,0,3,9,2023,3,39,445.7396438,0.041677849,439.2154731
2023-09-29,19.37693759,432.1204653,19.0403002,1.272471171,0,4,9,2023,3,39,444.0632456,-0.067508884,437.673646
2023-09-30,18.9651445,442.1108074,19.40670169,1.346191145,0,5,9,2023,3,39,441.6933057,-0.021251712,432.1204653
2023-10-01,18.83963177,438.0550235,17.39760663,1.31512101,0,6,10,2023,4,39,439.2210357,-0.006618074,442.1108074
2023-10-02,20.18301935,459.7265052,19.72440481,1.3830085,0,0,10,2023,4,40,441.4388452,0.071306467,438.0550235
2023-10-03,18.93215755,458.8097294,19.81775746,1.377229867,0,1,10,2023,4,40,443.9588071,-0.06197595,459.7265052
2023-10-04,19.73467361,456.5734404,20.21885035,1.356322269,1,2,10,2023,4,40,446.4385167,0.042389044,458.8097294
2023-10-05,20.18660975,452.4416413,20.12391549,1.190046403,0,3,10,2023,4,40,448.5482303,0.022900614,456.5734404
