price-elasticity-demand/time-series-analysis/ARIMA/time_series_dataset.csv
date,price,demand,competitor_price,economic_index,promotion,day_of_week,month,year,quarter,week_of_year,demand_moving_avg,price_change,demand_lag_1
2023-10-06,20.10766886,448.7151305,18.80681973,1.531933676,0,4,10,2023,4,40,450.9188968,-0.003910557,452.4416413
2023-10-07,20.27492773,460.9115123,21.50418008,1.164533443,0,5,10,2023,4,40,453.6047118,0.008318163,448.7151305
2023-10-08,20.22045908,440.5630921,19.303124,1.307361106,0,6,10,2023,4,40,453.9630073,-0.002686503,460.9115123
2023-10-09,20.79582894,444.952346,22.12875457,1.210888698,0,0,10,2023,4,41,451.8524131,0.028454837,440.5630921
2023-10-10,19.72728113,456.7888669,20.1676298,1.360065859,0,1,10,2023,4,41,451.5637185,-0.051382795,444.952346
2023-10-11,19.91193483,435.2709143,19.40510212,1.334372626,0,2,10,2023,4,41,448.5205005,0.009360322,456.7888669
2023-10-12,19.91103395,479.5394995,18.08162894,1.303755455,0,3,10,2023,4,41,452.3916231,-4.52e-05,435.2709143
2023-10-13,20.75931747,444.7020496,19.64835703,1.472509352,1,4,10,2023,4,41,451.8183258,0.04260369,479.5394995
2023-10-14,20.8411938,445.5092002,22.46293431,1.431681675,0,5,10,2023,4,41,449.6179955,0.003944076,444.7020496
2023-10-15,20.66328361,457.6280253,21.97736242,1.288220559,0,6,10,2023,4,41,452.0558431,-0.008536468,445.5092002
2023-10-16,21.07598623,452.2237634,21.3915077,1.401445567,1,0,10,2023,4,42,453.094617,0.019972751,457.6280253
2023-10-17,19.9416679,449.2031468,19.80735065,1.477600139,0,1,10,2023,4,42,452.0109427,-0.053820415,452.2237634
2023-10-18,21.41061836,442.8535573,22.04070151,1.431366627,0,2,10,2023,4,42,453.0941774,0.073662367,449.2031468
2023-10-19,21.38480119,426.7125928,21.24044577,1.307710275,0,3,10,2023,4,42,445.5474765,-0.001205811,442.8535573
2023-10-20,21.03701466,437.9991602,21.64416327,1.162402053,0,4,10,2023,4,42,444.5899209,-0.016263257,426.7125928
2023-10-21,21.60595975,445.9600771,20.7737159,1.353996944,0,5,10,2023,4,42,444.6543318,0.027044954,437.9991602
2023-10-22,19.93242886,453.6615125,21.2818432,1.388493197,0,6,10,2023,4,42,444.0876872,-0.07745691,445.9600771
2023-10-23,20.54400883,458.4413662,21.37364942,1.244770483,0,0,10,2023,4,43,444.9759161,0.030682661,453.6615125
2023-10-24,20.48387463,445.3884607,19.78732305,1.32408671,0,1,10,2023,4,43,444.430961,-0.002927092,458.4413662
2023-10-25,21.25734934,428.9143889,22.66316637,1.313643412,0,2,10,2023,4,43,442.4396512,0.037760176,445.3884607
2023-10-26,20.41640136,457.6185167,20.36471737,1.460803267,0,3,10,2023,4,43,446.8547832,-0.039560341,428.9143889
2023-10-27,21.36484902,456.7271461,19.97459071,1.507513831,0,4,10,2023,4,43,449.5302097,0.046455183,457.6185167
2023-10-28,21.71575587,449.6495002,19.88169726,1.43975367,0,5,10,2023,4,43,450.0572702,0.016424495,456.7271461
2023-10-29,21.4222213,440.5517822,22.277421,1.313776665,0,6,10,2023,4,43,448.1844515,-0.013517124,449.6495002
2023-10-30,21.26036221,453.4927198,22.81288232,1.437203868,0,0,10,2023,4,44,447.4775021,-0.007555663,440.5517822
2023-10-31,20.66814085,480.3485671,21.93899172,1.387411074,0,1,10,2023,4,44,452.471803,-0.027855657,453.4927198
2023-11-01,20.78195608,446.6894549,21.42890266,1.315142306,0,2,11,2023,4,44,455.0110981,0.005506796,480.3485671
2023-11-02,21.87319759,427.0099505,20.30434274,1.531971302,0,3,11,2023,4,44,450.6384458,0.052509085,446.6894549
2023-11-03,21.68076113,435.270288,19.92047445,1.249030439,0,4,11,2023,4,44,447.5731804,-0.00879782,427.0099505
2023-11-04,21.31395674,449.2636033,20.65335036,1.383323191,0,5,11,2023,4,44,447.5180523,-0.016918428,435.270288
2023-11-05,21.16656252,427.7374965,22.66901123,1.406988368,0,6,11,2023,4,44,445.68744,-0.006915385,449.2636033
2023-11-06,20.40432469,449.3285254,22.28860804,1.294382429,0,0,11,2023,4,45,445.0925551,-0.036011413,427.7374965
2023-11-07,20.923164,448.8794697,19.84085415,1.379146142,0,1,11,2023,4,45,440.5969698,0.025427909,449.3285254
2023-11-08,22.45530138,452.8004768,23.63238883,1.417882058,0,2,11,2023,4,45,441.4699729,0.073226849,448.8794697
2023-11-09,20.8999956,458.3596163,21.20876886,1.347895785,0,3,11,2023,4,45,445.9484966,-0.069262298,452.8004768
2023-11-10,21.67521475,450.0573348,19.64557957,1.37078191,0,4,11,2023,4,45,448.0609318,0.037091833,458.3596163
2023-11-11,22.12405823,417.5684282,22.313955,1.334175476,0,5,11,2023,4,45,443.5330497,0.020707684,450.0573348
2023-11-12,21.03233645,453.8903404,22.31926475,1.403484384,1,6,11,2023,4,45,447.2691702,-0.049345458,417.5684282
2023-11-13,21.79120495,447.9646143,20.81549409,1.300934516,0,0,11,2023,4,46,447.0743258,0.036081036,453.8903404
2023-11-14,22.20644016,441.414793,23.97123758,1.292752615,1,1,11,2023,4,46,446.0079434,0.019055174,447.9646143
2023-11-15,21.78193594,423.695724,20.63298416,1.326088419,1,2,11,2023,4,46,441.8501216,-0.019116266,441.414793
2023-11-16,23.24765349,425.9197227,21.27845232,1.442499301,0,3,11,2023,4,46,437.215851,0.067290509,423.695724
2023-11-17,21.01647048,433.191282,19.58709539,1.149496108,0,4,11,2023,4,46,434.8064149,-0.095974547,425.9197227
2023-11-18,22.41699579,417.7209597,23.92791416,1.233395502,0,5,11,2023,4,46,434.8282051,0.066639415,433.191282
2023-11-19,21.83762622,440.7509287,21.47645774,1.552009448,0,6,11,2023,4,46,432.9511463,-0.025845103,417.7209597
2023-11-20,22.34590792,430.2706658,23.67301157,1.352051295,0,0,11,2023,4,47,430.4234394,0.023275501,440.7509287
2023-11-21,22.21603849,465.1595318,22.35481346,1.283928859,0,1,11,2023,4,47,433.8155449,-0.005811777,430.2706658
2023-11-22,21.66375145,439.9864598,21.57951899,1.404217657,0,2,11,2023,4,47,436.1427929,-0.024859834,465.1595318
2023-11-23,22.17927132,452.0384054,23.54069334,1.246329783,0,3,11,2023,4,47,439.8740333,0.023796427,439.9864598
2023-11-24,21.16975643,428.4597778,20.84580671,1.114653602,0,4,11,2023,4,47,439.1981041,-0.045516143,452.0384054
2023-11-25,22.43374701,432.5302648,23.78889218,1.360512498,1,5,11,2023,4,47,441.3137192,0.059707375,428.4597778
2023-11-26,22.31409242,439.3967836,20.53192015,1.25205413,1,6,11,2023,4,47,441.1202699,-0.005333687,432.5302648
2023-11-27,22.5166989,428.3296299,23.13055282,1.335371501,0,0,11,2023,4,48,440.842979,0.009079755,439.3967836
2023-11-28,22.75824134,431.9758732,23.68034636,1.358272612,0,1,11,2023,4,48,436.1024564,0.010727258,428.3296299
2023-11-29,22.44425533,435.58075,24.2357441,1.33964416,0,2,11,2023,4,48,435.4730692,-0.013796585,431.9758732
2023-11-30,22.36519551,435.8069537,21.13208562,1.154633012,0,3,11,2023,4,48,433.1542904,-0.003522497,435.58075
2023-12-01,21.8807566,459.1079161,22.33683856,1.328260648,0,4,12,2023,4,48,437.5325959,-0.021660392,435.8069537
2023-12-02,21.99474749,443.7555682,21.70114649,1.370192767,0,5,12,2023,4,48,439.1362107,0.005209641,459.1079161
2023-12-03,22.97321214,439.8606449,22.43458981,1.185826657,1,6,12,2023,4,48,439.2024766,0.044486287,443.7555682
2023-12-04,23.12641218,439.6786725,21.30735129,1.174015237,0,0,12,2023,4,49,440.8237684,0.006668638,439.8606449
2023-12-05,22.31699459,444.4360912,20.68443203,1.219130145,0,1,12,2023,4,49,442.6037995,-0.034999704,439.6786725
2023-12-06,22.48625533,436.6132984,24.00177704,1.400809087,0,2,12,2023,4,49,442.7513064,0.007584388,444.4360912
2023-12-07,22.03754302,436.4549413,23.13833343,1.126401049,0,3,12,2023,4,49,442.8438761,-0.019954959,436.6132984
2023-12-08,23.10221043,435.9819354,22.55857444,1.409310018,0,4,12,2023,4,49,439.5401645,0.04831153,436.4549413
2023-12-09,22.87390136,446.9960991,24.37665529,1.365638218,0,5,12,2023,4,49,440.0030975,-0.009882564,435.9819354
2023-12-10,23.53653547,443.3480441,21.56307316,1.300782458,0,6,12,2023,4,49,440.5012974,0.028969003,446.9960991
2023-12-11,22.15086579,436.5788338,22.70363585,1.178569697,0,0,12,2023,4,50,440.0584633,-0.058873137,443.3480441
2023-12-12,22.42448477,445.2600046,24.07571643,1.247085919,0,1,12,2023,4,50,440.1761652,0.012352519,436.5788338
2023-12-13,22.75202811,433.9628858,24.29399782,1.405023088,0,2,12,2023,4,50,439.7975349,0.014606505,445.2600046
2023-12-14,22.98171575,435.0619199,22.39698166,1.452605213,0,3,12,2023,4,50,439.5985318,0.01009526,433.9628858
2023-12-15,22.57214693,431.9967851,23.67923784,1.223896422,0,4,12,2023,4,50,439.0292246,-0.017821508,435.0619199
2023-12-16,22.26434858,436.4135615,21.94137368,1.441319064,0,5,12,2023,4,50,437.5174335,-0.013636201,431.9967851
2023-12-17,23.16171475,447.1135283,24.73735138,1.395820247,0,6,12,2023,4,50,438.0553598,0.040305072,436.4135615
2023-12-18,23.10108903,434.8826583,23.24321594,1.326649013,0,0,12,2023,4,51,437.8130491,-0.002617497,447.1135283
2023-12-19,22.30121834,439.2637629,23.48254531,1.25364723,0,1,12,2023,4,51,436.9564431,-0.034624805,434.8826583
2023-12-20,23.45522986,417.6198887,21.47828978,1.269393751,0,2,12,2023,4,51,434.6217292,0.051746569,439.2637629
2023-12-21,23.38007544,429.3246363,23.80103825,1.509925025,0,3,12,2023,4,51,433.8021173,-0.003204165,417.6198887
2023-12-22,22.87890221,432.4570821,23.10899157,1.345576955,0,4,12,2023,4,51,433.867874,-0.021435912,429.3246363
2023-12-23,22.86763687,426.5804672,23.37061842,1.460819617,1,5,12,2023,4,51,432.4631462,-0.00049239,432.4570821
2023-12-24,23.12025293,433.768877,24.02490962,1.352088592,0,6,12,2023,4,51,430.5567675,0.011046881,426.5804672
2023-12-25,22.42705696,432.66784,24.30244769,1.282763011,0,0,12,2023,4,52,430.2403649,-0.029982197,433.768877
2023-12-26,22.88690339,435.399911,24.19457903,1.386541831,0,1,12,2023,4,52,429.688386,0.020504092,432.66784
2023-12-27,21.8089663,441.1422535,20.58608518,1.54401633,1,2,12,2023,4,52,433.0487239,-0.047098424,435.399911
2023-12-28,23.3359443,422.6704415,24.85696374,1.263921167,0,3,12,2023,4,52,432.0981246,0.070016065,441.1422535
2023-12-29,22.12881317,434.2103435,20.45622753,1.419819734,0,4,12,2023,4,52,432.3485905,-0.051728403,422.6704415
2023-12-30,23.67239496,431.1849873,24.25094159,1.347583752,0,5,12,2023,4,52,433.0063791,0.069754387,434.2103435
2023-12-31,22.76602948,446.7159323,24.50878638,1.183681062,0,6,12,2023,4,52,434.8559585,-0.038287866,431.1849873
2024-01-01,22.83493717,437.0235343,21.01326661,1.181545489,0,0,1,2024,1,1,435.4782005,0.003026777,446.7159323
2024-01-02,22.63585911,428.7584039,24.21897784,1.283634509,0,1,1,2024,1,1,434.5294138,-0.008718135,437.0235343
2024-01-03,22.81393409,438.4015339,24.17647683,1.363681752,0,2,1,2024,1,1,434.1378824,0.007866941,428.7584039
2024-01-04,23.67471667,447.1052534,23.69259314,1.4168702,0,3,1,2024,1,1,437.6285698,0.037730563,438.4015339
2024-01-05,21.72831232,448.8491308,20.89784581,1.172041608,0,4,1,2024,1,1,439.7198251,-0.082214473,447.1052534
2024-01-06,23.6167315,435.6336072,23.1700835,1.394502675,0,5,1,2024,1,1,440.3553422,0.086910532,448.8491308
2024-01-07,23.15255772,439.6515795,25.32268462,1.317494908,0,6,1,2024,1,1,439.346149,-0.019654446,435.6336072
2024-01-08,22.38459603,450.5495918,21.04912009,1.329764321,0,0,1,2024,1,2,441.2784429,-0.033169626,439.6515795
2024-01-09,22.45427411,446.470596,22.81176541,1.388394138,0,1,1,2024,1,2,443.8087561,0.003112769,450.5495918
2024-01-10,23.83321192,434.3980151,21.84666961,1.504243495,0,2,1,2024,1,2,443.2368248,0.061410928,446.470596
2024-01-11,22.52460794,445.8687344,21.25373832,1.360097153,0,3,1,2024,1,2,443.0601793,-0.05490674,434.3980151
2024-01-12,22.4222924,424.7843723,23.60312381,1.194159285,0,4,1,2024,1,2,439.6223566,-0.00454239,445.8687344
2024-01-13,23.5684911,414.7523466,22.63800255,1.311223742,1,5,1,2024,1,2,436.6393194,0.051118712,424.7843723
2024-01-14,23.16923613,433.2454897,25.42020188,1.415246406,0,6,1,2024,1,2,435.7241637,-0.016940201,414.7523466
2024-01-15,22.53038242,435.4569316,22.53406408,1.418637353,0,0,1,2024,1,3,433.5680694,-0.027573361,433.2454897
2024-01-16,23.10630302,426.3509012,23.18273555,1.396815461,0,1,1,2024,1,3,430.6938273,0.025561954,435.4569316
2024-01-17,22.48301966,443.0625569,20.39801069,1.279329918,0,2,1,2024,1,3,431.931619,-0.026974603,426.3509012
2024-01-18,23.54347283,410.7688757,25.69311785,1.193650514,0,3,1,2024,1,3,426.9173534,0.047166848,443.0625569
2024-01-19,23.5201751,424.0601644,21.9877578,1.389483829,0,4,1,2024,1,3,426.8138951,-0.000989562,410.7688757
2024-01-20,23.25118244,425.7953254,23.4294753,1.209209377,0,5,1,2024,1,3,428.3914635,-0.011436677,424.0601644
2024-01-21,23.16096291,414.6231393,22.67770761,1.400034175,0,6,1,2024,1,3,425.7311278,-0.003880213,425.7953254
2024-01-22,23.85494402,442.3518928,23.45219958,1.400162019,0,0,1,2024,1,4,426.7161222,0.029963396,414.6231393
2024-01-23,22.96767668,418.1353946,23.62593106,1.2841638,0,1,1,2024,1,4,425.5424784,-0.037194275,442.3518928
2024-01-24,22.3696476,428.7188013,23.09482092,1.319786774,0,2,1,2024,1,4,423.4933705,-0.026037857,418.1353946
2024-01-25,23.17734214,439.5263418,21.57480793,1.3510009,0,3,1,2024,1,4,427.6015799,0.036106717,428.7188013
2024-01-26,23.98692057,432.740091,23.98493759,1.269751656,0,4,1,2024,1,4,428.8415695,0.034929735,439.5263418
2024-01-27,22.42708265,422.8762409,23.729995,1.19316513,1,5,1,2024,1,4,428.4245574,-0.065028686,432.740091
2024-01-28,22.74357219,439.0777729,22.4855986,1.327511216,0,6,1,2024,1,4,431.9180764,0.014111935,422.8762409
2024-01-29,23.12164609,433.1358815,21.57621594,1.338036414,0,0,1,2024,1,5,430.6015034,0.01662333,439.0777729
2024-01-30,22.87487116,454.6759821,22.02034349,1.4677379,0,1,1,2024,1,5,435.8215873,-0.010672896,433.1358815
2024-01-31,22.39835619,437.6395153,21.10991119,1.253533966,0,2,1,2024,1,5,437.095975,-0.020831373,454.6759821
2024-02-01,23.43740821,426.8625424,21.68343446,1.438682801,0,3,2,2024,1,5,435.2868608,0.046389655,437.6395153
2024-02-02,24.02276108,416.6514911,23.43459321,1.217226245,0,4,2,2024,1,5,432.9884894,0.024975153,426.8625424
2024-02-03,22.9463614,423.0225999,23.13422897,1.197572983,0,5,2,2024,1,5,433.0093979,-0.044807492,416.6514911
2024-02-04,22.38111356,424.8983217,20.46865424,1.302046969,0,6,2,2024,1,5,430.983762,-0.024633441,423.0225999
2024-02-05,22.04282031,448.4214276,22.5005323,1.238142322,0,0,2,2024,1,6,433.1674114,-0.015115122,424.8983217
2024-02-06,22.92974616,430.3166961,25.19073121,1.196471653,0,1,2,2024,1,6,429.6875135,0.040236496,448.4214276
2024-02-07,23.33546325,433.6203009,25.50157731,1.526866275,0,2,2,2024,1,6,429.11334,0.01769392,430.3166961
2024-02-08,23.00318794,444.6293376,24.51759583,1.28736849,0,3,2,2024,1,6,431.6514536,-0.014239071,433.6203009
2024-02-09,22.74579912,407.0450625,21.6828475,1.563763622,0,4,2,2024,1,6,430.2791066,-0.011189267,444.6293376
2024-02-10,22.43308427,444.8361623,20.29031015,1.233259893,0,5,2,2024,1,6,433.3953298,-0.013748246,407.0450625
2024-02-11,22.16168418,433.810795,23.64005336,1.161978627,0,6,2,2024,1,6,434.6685403,-0.012098207,444.8361623
2024-02-12,23.10451933,432.7437947,21.05154523,1.462062265,0,0,2,2024,1,7,432.4288785,0.042543479,433.810795
2024-02-13,23.12274399,419.8670822,21.76140669,1.26036764,0,1,2,2024,1,7,430.9360765,0.000788792,432.7437947
2024-02-14,21.87104992,426.7055395,22.06549762,1.347019893,1,2,2,2024,1,7,429.9482534,-0.054132592,419.8670822
2024-02-15,23.41623845,431.2647762,21.91000314,1.197669975,0,3,2,2024,1,7,428.0390304,0.070649948,426.7055395
2024-02-16,22.88511182,452.7216891,24.41286848,1.329522019,1,4,2,2024,1,7,434.5642627,-0.022681979,431.2647762
2024-02-17,23.27398962,436.806506,24.564112,1.196270736,0,5,2,2024,1,7,433.417169,0.016992611,452.7216891
2024-02-18,21.87860924,446.2458512,22.99778545,1.326142614,0,6,2,2024,1,7,435.1936056,-0.059954499,436.806506
2024-02-19,21.84161263,431.6942423,23.22256002,1.286240109,0,0,2,2024,1,8,435.0436695,-0.001690995,446.2458512
2024-02-20,22.42426863,424.5358918,21.16717212,1.356760146,0,1,2,2024,1,8,435.7106423,0.026676419,431.6942423
2024-02-21,22.72375743,421.0677152,23.7640164,1.39640252,0,2,2,2024,1,8,434.9052388,0.013355566,424.5358918
2024-02-22,23.34354742,420.7276742,22.6678988,1.358041393,1,3,2,2024,1,8,433.3999386,0.027274978,421.0677152
2024-02-23,22.77080477,407.7782256,23.53064266,1.379138058,1,4,2,2024,1,8,426.9794438,-0.024535373,420.7276742
2024-02-24,22.26822632,423.4000094,20.58484518,1.323230146,0,5,2,2024,1,8,425.06423,-0.022071177,407.7782256
2024-02-25,21.84759429,426.9774339,22.74590873,1.290701553,0,6,2,2024,1,8,422.3115989,-0.018889337,423.4000094
2024-02-26,22.94640851,425.1602639,25.11304387,1.381345302,1,0,2,2024,1,9,421.3781734,0.050294518,426.9774339
2024-02-27,21.81910949,433.6931486,19.82746277,1.323288662,0,1,2,2024,1,9,422.686353,-0.049127471,425.1602639
2024-02-28,23.08518249,429.4934605,21.2098757,1.327202475,1,2,2,2024,1,9,423.8900309,0.058025879,433.6931486
2024-02-29,22.09768146,430.4792419,20.4343305,1.37440796,1,3,2,2024,1,9,425.283112,-0.042776401,429.4934605
2024-03-01,23.00353764,420.105199,22.68408247,1.231411914,0,4,3,2024,1,9,427.0441082,0.040993268,430.4792419
2024-03-02,22.5155401,408.5448299,21.57340067,1.477794593,0,5,3,2024,1,9,424.9219397,-0.021214021,420.105199
2024-03-03,22.07486753,424.4458824,23.42991188,1.309997835,0,6,3,2024,1,9,424.5602895,-0.019571929,408.5448299
2024-03-04,21.85042897,421.4122422,21.73587696,1.347451665,0,0,3,2024,1,10,424.0248578,-0.010167153,424.4458824
2024-03-05,21.90591435,435.3339817,21.83816962,1.330681569,0,1,3,2024,1,10,424.2592625,0.002539327,421.4122422
2024-03-06,22.25625536,437.8268882,23.22234644,1.400507839,0,2,3,2024,1,10,425.4497522,0.015992987,435.3339817
2024-03-07,22.04590002,438.9823266,21.43729642,1.3692517,0,3,3,2024,1,10,426.6644786,-0.009451515,437.8268882
2024-03-08,21.67514545,438.8291685,21.0387946,1.330441149,0,4,3,2024,1,10,429.3393313,-0.016817393,438.9823266
2024-03-09,21.85347816,428.8404076,22.9764252,1.480408965,1,5,3,2024,1,10,432.2386996,0.008227521,438.8291685
2024-03-10,21.93934725,424.3328937,23.16813387,1.015299002,0,6,3,2024,1,10,432.2225583,0.00392931,428.8404076
2024-03-11,20.79898765,427.5878,18.77898486,1.460001011,0,0,3,2024,1,11,433.1047809,-0.051977827,424.3328937
2024-03-12,22.05527487,413.5054402,20.48401508,1.427855124,1,1,3,2024,1,11,429.9864178,0.060401364,427.5878
2024-03-13,21.29871564,442.0832663,20.07658759,1.15235193,0,2,3,2024,1,11,430.5944718,-0.03430287,413.5054402
