price-elasticity-demand/time-series-analysis/ARIMA/time_series_dataset.csv
date,price,demand,competitor_price,economic_index,promotion,day_of_week,month,year,quarter,week_of_year,demand_moving_avg,price_change,demand_lag_1
2024-08-21,17.40337282,402.2548333,18.02510433,1.328354016,0,2,8,2024,3,34,409.3541475,0.085733961,408.0961087
2024-08-22,15.92052698,404.9617361,16.07638738,1.214549653,0,3,8,2024,3,34,408.5601273,-0.085204509,402.2548333
2024-08-23,16.70019107,422.2787098,15.95114177,1.514907329,0,4,8,2024,3,34,412.6840984,0.048972254,404.9617361
2024-08-24,18.01416293,398.8913705,18.54136342,1.350151826,0,5,8,2024,3,34,410.25407,0.078680049,422.2787098
2024-08-25,16.92593609,400.5004527,15.92475711,1.370784895,0,6,8,2024,3,34,409.9022843,-0.060409514,398.8913705
2024-08-26,16.64782134,415.8993508,17.2937178,1.560349659,0,0,8,2024,3,35,407.5546517,-0.016431278,400.5004527
2024-08-27,17.15440909,392.1832783,15.44964123,1.284306737,0,1,8,2024,3,35,405.2813902,0.030429672,415.8993508
2024-08-28,18.30662557,406.1671019,18.4851976,1.418283806,0,2,8,2024,3,35,405.8402857,0.067167367,392.1832783
2024-08-29,16.37679879,427.0697364,16.05275968,1.273605415,0,3,8,2024,3,35,408.9985715,-0.105416849,406.1671019
2024-08-30,16.78762061,412.5586671,16.12653678,1.38503741,0,4,8,2024,3,35,407.609994,0.0250856,427.0697364
2024-08-31,18.0832901,406.4845453,18.14010044,1.373185878,0,5,8,2024,3,35,408.6947332,0.077180055,412.5586671
2024-09-01,18.2853819,407.4874003,18.81679764,1.432195423,0,6,9,2024,3,35,409.6928686,0.01117561,406.4845453
2024-09-02,17.32742396,420.3657495,18.93995654,1.474052195,1,0,9,2024,3,36,410.3309255,-0.052389277,407.4874003
2024-09-03,16.78286885,417.7828644,17.90082438,1.295383224,0,1,9,2024,3,36,413.9880093,-0.031427355,420.3657495
2024-09-04,18.47421363,401.3167888,19.2765483,1.495102828,0,2,9,2024,3,36,413.2951074,0.100778049,417.7828644
2024-09-05,18.24804491,406.7831628,18.17128236,1.502283447,0,3,9,2024,3,36,410.3970255,-0.012242401,401.3167888
2024-09-06,17.81545813,390.741582,17.43115775,1.328636825,0,4,9,2024,3,36,407.280299,-0.023705925,406.7831628
2024-09-07,17.09556728,410.657517,15.49723313,1.353077115,0,5,9,2024,3,36,407.8764378,-0.040408215,390.741582
2024-09-08,17.50365412,390.4932419,17.0103903,1.304400372,0,6,9,2024,3,36,405.4487009,0.023870916,410.657517
2024-09-09,17.4749991,396.7169785,18.69257713,1.323391272,0,0,9,2024,3,37,402.0703051,-0.001637088,390.4932419
2024-09-10,17.74821848,367.8910931,17.33654707,1.233687838,0,1,9,2024,3,37,394.9429092,0.015634873,396.7169785
2024-09-11,18.33650377,399.4856894,18.1956244,1.431888991,1,2,9,2024,3,37,394.6813236,0.03314616,367.8910931
2024-09-12,18.07951135,390.0142464,17.25448693,1.149206034,0,3,9,2024,3,37,392.2857641,-0.014015344,399.4856894
2024-09-13,17.13049704,412.0066211,16.35665342,1.284625948,0,4,9,2024,3,37,395.3236268,-0.052491148,390.0142464
2024-09-14,18.38739076,398.2102885,16.77618373,1.349819238,0,5,9,2024,3,37,393.5454513,0.073371702,412.0066211
2024-09-15,17.88623388,407.7533109,18.2933386,1.484515187,0,6,9,2024,3,37,396.0111754,-0.027255465,398.2102885
2024-09-16,18.10428626,384.2848847,17.91625298,1.300111007,0,0,9,2024,3,38,394.235162,0.012191073,407.7533109
2024-09-17,18.52566196,403.0971592,18.91826078,1.397520641,0,1,9,2024,3,38,399.2646,0.023274914,384.2848847
2024-09-18,17.26878437,419.7561561,17.43072033,1.346737072,0,2,9,2024,3,38,402.160381,-0.067845219,403.0971592
2024-09-19,17.83938154,403.1866864,18.90562206,1.449447384,0,3,9,2024,3,38,404.0421581,0.033042115,419.7561561
2024-09-20,17.62481567,404.2225219,18.5096234,1.392594078,0,4,9,2024,3,38,402.930144,-0.012027652,403.1866864
2024-09-21,17.14038243,400.1388881,18.070947,1.438156452,0,5,9,2024,3,38,403.2056582,-0.027485861,404.2225219
2024-09-22,18.13194857,387.9407322,18.12918891,1.300172032,0,6,9,2024,3,38,400.3752898,0.05784971,400.1388881
2024-09-23,19.24915709,394.9162784,18.68662493,1.253933044,0,0,9,2024,3,39,401.8940603,0.061615469,387.9407322
2024-09-24,17.10862038,382.6498359,18.59172079,1.392148375,0,1,9,2024,3,39,398.9730142,-0.111201582,394.9162784
2024-09-25,18.04828587,388.5390742,16.43935257,1.306762752,0,2,9,2024,3,39,394.513431,0.054923511,382.6498359
2024-09-26,18.42094225,372.8477365,17.14113368,1.358667951,1,3,9,2024,3,39,390.1792953,0.020647743,388.5390742
2024-09-27,18.19892321,384.3374815,17.90628122,1.387463068,0,4,9,2024,3,39,387.3385753,-0.012052535,372.8477365
2024-09-28,18.11799307,397.9054885,18.53092986,1.480026337,0,5,9,2024,3,39,387.0195182,-0.004446974,384.3374815
2024-09-29,17.56257239,399.0231242,15.83511909,1.434592658,0,6,9,2024,3,39,388.602717,-0.030655751,397.9054885
2024-09-30,18.36663863,390.1657651,19.17228322,1.287934636,0,0,9,2024,3,40,387.9240723,0.045782942,399.0231242
2024-10-01,17.91035977,393.3505321,18.12072247,1.24163339,0,1,10,2024,4,40,389.4527432,-0.024842807,390.1657651
2024-10-02,17.23269972,375.8854184,17.17997716,1.526973734,0,2,10,2024,4,40,387.645078,-0.037836206,393.3505321
2024-10-03,18.9642882,382.0704954,18.67411577,1.198069666,0,3,10,2024,4,40,388.962615,0.100482716,375.8854184
2024-10-04,18.88591951,379.0852069,18.95952562,1.311185359,0,4,10,2024,4,40,388.2122901,-0.004132435,382.0704954
2024-10-05,18.4726848,381.0858377,17.2231397,1.421060136,0,5,10,2024,4,40,385.8094828,-0.021880571,379.0852069
2024-10-06,18.60190267,392.7384578,17.14616144,1.520511788,0,6,10,2024,4,40,384.9116733,0.006995077,381.0858377
2024-10-07,19.06540863,375.5331943,18.26327914,1.337769521,0,0,10,2024,4,41,382.8213061,0.024917127,392.7384578
2024-10-08,18.68166695,379.724104,19.4644467,1.359569983,0,1,10,2024,4,41,380.8746735,-0.02012764,375.5331943
2024-10-09,19.06310643,362.7077814,19.3997147,1.269432951,0,2,10,2024,4,41,378.9921539,0.02041785,379.724104
2024-10-10,18.50429985,383.1468671,18.43073792,1.369697315,0,3,10,2024,4,41,379.1459213,-0.029313511,362.7077814
2024-10-11,19.35130851,370.6911169,19.62811337,1.242120316,0,4,10,2024,4,41,377.9467656,0.045773613,383.1468671
2024-10-12,18.89830718,384.3438209,19.12228241,1.282207228,0,5,10,2024,4,41,378.4121918,-0.023409339,370.6911169
2024-10-13,18.87784943,373.8611595,18.14932273,1.433724789,0,6,10,2024,4,41,375.7154349,-0.001082518,384.3438209
2024-10-14,18.18900292,387.5809326,16.72462793,1.314078062,0,0,10,2024,4,42,377.4365404,-0.03648967,373.8611595
2024-10-15,19.01101162,380.698536,20.51965846,1.449260646,0,1,10,2024,4,42,377.5757449,0.04519262,387.5809326
2024-10-16,18.49533593,401.165017,18.8649144,1.342285051,0,2,10,2024,4,42,383.0696357,-0.027125105,380.698536
2024-10-17,18.63622039,388.4340952,19.37327545,1.220851764,0,3,10,2024,4,42,383.824954,0.007617297,401.165017
2024-10-18,18.5919801,365.0093988,18.45810753,1.474672311,0,4,10,2024,4,42,383.01328,-0.002373887,388.4340952
2024-10-19,18.51110349,370.8848661,19.4606512,1.226403185,0,5,10,2024,4,42,381.0905722,-0.004350081,365.0093988
2024-10-20,20.15139556,375.6089124,20.49194312,1.297857053,0,6,10,2024,4,42,381.3402512,0.088611253,370.8848661
2024-10-21,19.79969311,367.2423582,18.03277294,1.338165905,0,0,10,2024,4,43,378.4347405,-0.017453007,375.6089124
2024-10-22,20.13943476,344.8849041,21.71070152,1.458818686,0,1,10,2024,4,43,373.3185074,0.017158935,367.2423582
2024-10-23,18.61323348,395.4224936,17.88931326,1.305687351,0,2,10,2024,4,43,372.4981469,-0.075781734,344.8849041
2024-10-24,19.30592919,385.3942152,17.90775818,1.265764127,0,3,10,2024,4,43,372.0638784,0.037215227,395.4224936
2024-10-25,18.66934989,386.3140614,17.13114858,1.374803161,1,4,10,2024,4,43,375.1074016,-0.032973253,385.3942152
2024-10-26,19.01422644,373.0371096,19.85252685,1.337239291,0,5,10,2024,4,43,375.4148649,0.018472874,386.3140614
2024-10-27,18.94913798,383.4439995,19.72214293,1.311996814,0,6,10,2024,4,43,376.5341631,-0.003423145,373.0371096
2024-10-28,20.07426713,366.2304625,20.87788872,1.380484419,1,0,10,2024,4,44,376.3896066,0.05937627,383.4439995
2024-10-29,19.30276856,378.9136518,20.90780447,1.238576272,0,1,10,2024,4,44,381.2508562,-0.038432216,366.2304625
2024-10-30,20.08160451,363.4996382,19.47491121,1.186851849,0,2,10,2024,4,44,376.6904483,0.040348407,378.9136518
2024-10-31,19.89611843,388.5314184,20.13938053,1.573008924,0,3,10,2024,4,44,377.1386202,-0.009236617,363.4996382
2024-11-01,20.79262068,352.9203612,21.28954595,1.369654533,0,4,11,2024,4,44,372.3680916,0.045059153,388.5314184
2024-11-02,18.94791116,389.9069013,20.76494697,1.376754022,0,5,11,2024,4,44,374.7780619,-0.088719433,352.9203612
2024-11-03,20.36415894,370.6308629,19.59987635,1.281237006,0,6,11,2024,4,44,372.9476138,0.07474427,389.9069013
2024-11-04,20.35473732,365.1341263,22.21243766,1.449305838,0,0,11,2024,4,45,372.7909943,-0.000462657,370.6308629
2024-11-05,19.34185594,376.5043294,17.98302996,1.306287438,1,1,11,2024,4,45,372.4468054,-0.049761456,365.1341263
2024-11-06,20.37918282,376.7233665,21.45520961,1.081121205,0,2,11,2024,4,45,374.3359094,0.053631197,376.5043294
2024-11-07,20.09079012,384.2426717,20.62474667,1.30313265,0,3,11,2024,4,45,373.7232313,-0.014151338,376.7233665
2024-11-08,19.85610007,374.6245833,21.11456396,1.331794686,0,4,11,2024,4,45,376.8238345,-0.011681474,384.2426717
2024-11-09,19.60499846,363.5873527,17.75697474,1.343027643,0,5,11,2024,4,45,373.063899,-0.012646069,374.6245833
2024-11-10,19.7045353,372.2997471,18.04198895,1.340234847,0,6,11,2024,4,45,373.302311,0.005077115,363.5873527
2024-11-11,21.13610407,382.501525,19.31711311,1.295744562,0,0,11,2024,4,46,375.783368,0.07265174,372.2997471
2024-11-12,20.15861999,382.4469685,20.53340686,1.286183928,0,1,11,2024,4,46,376.6323164,-0.046247127,382.501525
2024-11-13,20.59638508,375.6193655,21.02040726,1.330638177,0,2,11,2024,4,46,376.474602,0.021716025,382.4469685
2024-11-14,19.85686122,377.9377926,21.4696549,1.195988445,0,3,11,2024,4,46,375.573905,-0.035905517,375.6193655
2024-11-15,19.909313,376.4659504,19.78031464,1.164876434,0,4,11,2024,4,46,375.8369574,0.002641494,377.9377926
2024-11-16,20.88708659,375.9241392,19.08264723,1.370541623,0,5,11,2024,4,46,377.5993555,0.049111368,376.4659504
2024-11-17,19.71807538,365.3706014,18.57257115,1.372309571,0,6,11,2024,4,46,376.6094775,-0.055968131,375.9241392
